Microchip MPLAB XC8 Compiler V1.45 ()

Linker command line:

-W-3 --edf=/opt/microchip/xc8/v1.45/dat/en_msgs.txt -cs \
  -h+dist/default/production/Final_Project.X.production.sym \
  --cmf=dist/default/production/Final_Project.X.production.cmf -z -Q16F1829 \
  -o/tmp/xcXkIOnkj -Mdist/default/production/Final_Project.X.production.map \
  -E1 -ver=XC8 -ASTACK=02039h-023efh -pstack=STACK -ACODE=00h-07FFhx4 \
  -ASTRCODE=00h-01FFFh -ASTRING=00h-0FFhx32 -ACONST=00h-0FFhx32 \
  -AENTRY=00h-0FFhx32 -ACOMMON=070h-07Fh -ABANK0=020h-06Fh \
  -ABANK1=0A0h-0EFh -ABANK2=0120h-016Fh -ABANK3=01A0h-01EFh \
  -ABANK4=0220h-026Fh -ABANK5=02A0h-02EFh -ABANK6=0320h-036Fh \
  -ABANK7=03A0h-03EFh -ABANK8=0420h-046Fh -ABANK9=04A0h-04EFh \
  -ABANK10=0520h-056Fh -ABANK11=05A0h-05EFh -ABANK12=0620h-064Fh \
  -ABIGRAM=02000h-023EFh \
  -ARAM=020h-06Fh,0A0h-0EFh,0120h-016Fh,01A0h-01EFh,0220h-026Fh,02A0h-02EFh,0320h-036Fh,03A0h-03EFh,0420h-046Fh,04A0h-04EFh,0520h-056Fh,05A0h-05EFh,0620h-064Fh \
  -AABS1=020h-07Fh,0A0h-0EFh,0120h-016Fh,01A0h-01EFh,0220h-026Fh,02A0h-02EFh,0320h-036Fh,03A0h-03EFh,0420h-046Fh,04A0h-04EFh,0520h-056Fh,05A0h-05EFh,0620h-064Fh \
  -ASFR0=00h-01Fh -ASFR1=080h-09Fh -ASFR2=0100h-011Fh -ASFR3=0180h-019Fh \
  -ASFR4=0200h-021Fh -ASFR5=0280h-029Fh -ASFR6=0300h-031Fh \
  -ASFR7=0380h-039Fh -ASFR8=0400h-041Fh -ASFR9=0480h-049Fh \
  -ASFR10=0500h-051Fh -ASFR11=0580h-059Fh -ASFR12=0600h-061Fh \
  -ASFR13=0680h-06EFh -ASFR14=0700h-076Fh -ASFR15=0780h-07EFh \
  -ASFR16=0800h-086Fh -ASFR17=0880h-08EFh -ASFR18=0900h-096Fh \
  -ASFR19=0980h-09EFh -ASFR20=0A00h-0A6Fh -ASFR21=0A80h-0AEFh \
  -ASFR22=0B00h-0B6Fh -ASFR23=0B80h-0BEFh -ASFR24=0C00h-0C6Fh \
  -ASFR25=0C80h-0CEFh -ASFR26=0D00h-0D6Fh -ASFR27=0D80h-0DEFh \
  -ASFR28=0E00h-0E6Fh -ASFR29=0E80h-0EEFh -ASFR30=0F00h-0F6Fh \
  -ASFR31=0F80h-0FEFh -preset_vec=00h,intentry,init,end_init -ppowerup=CODE \
  -pcinit=CODE -pfunctab=ENTRY -ACONFIG=08007h-08008h -pconfig=CONFIG \
  -DCONFIG=2 -AIDLOC=08000h-08003h -pidloc=IDLOC -DIDLOC=2 \
  -AEEDATA=00h-0FFh/0F000h -peeprom_data=EEDATA -DEEDATA=2 -DCODE=2 \
  -DSTRCODE=2 -DSTRING=2 -DCONST=2 -DENTRY=2 -k /tmp/xcXIlXZH0.obj \
  dist/default/production/Final_Project.X.production.obj 

Object code version is 3.11

Machine type is 16F1829



                Name                               Link     Load   Length Selector   Space Scale
/tmp/xcXIlXZH0.obj
                end_init                              2        2        2        0       0
                reset_vec                             0        0        2        0       0
                config                             8007     8007        2    1000E       0
dist/default/production/Final_Project.X.production.obj
                cinit                               7FD      7FD        3      FFA       0
                text22                              272      272        6      4E4       0
                text21                              2A2      2A2       14      544       0
                text20                              27F      27F        8      4FE       0
                text19                              293      293        F      526       0
                text18                              2B6      2B6       1C      56C       0
                text17                              263      263        5      4C6       0
                text16                              268      268        5      4D0       0
                text15                              26D      26D        5      4DA       0
                text14                              278      278        7      4F0       0
                text13                              400      400       57      800       0
                text12                              31E      31E       34      63C       0
                text11                              3BD      3BD       43      77A       0
                text10                              386      386       37      70C       0
                text9                               457      457       5B      8AE       0
                text8                               4B2      4B2       64      964       0
                text7                               2D2      2D2       20      5A4       0
                text6                               59D      59D       A9      B3A       0
                text5                               516      516       87      A2C       0
                text4                               287      287        C      50E       0
                text3                               352      352       34      6A4       0
                text2                               2F2      2F2       2C      5E4       0
                text1                               646      646       CD      C8C       0
                maintext                            713      713       EA      E26       0
                cstackBANK0                          20       20       39       20       1
                cstackCOMMON                         70       70        E       70       1
                stringtext3                         829      829        C     1000       0
                stringtext2                         81A      81A        F     1000       0
                stringtext1                         800      800       1A     1000       0

TOTAL           Name                               Link     Load   Length     Space
        CLASS   STACK          

        CLASS   CODE           
                end_init                              2        2        2         0
                cinit                               7FD      7FD        3         0
                reset_vec                             0        0        2         0
                text22                              272      272        6         0
                text21                              2A2      2A2       14         0
                text20                              27F      27F        8         0
                text19                              293      293        F         0
                text18                              2B6      2B6       1C         0
                text17                              263      263        5         0
                text16                              268      268        5         0
                text15                              26D      26D        5         0
                text14                              278      278        7         0
                text13                              400      400       57         0
                text12                              31E      31E       34         0
                text11                              3BD      3BD       43         0
                text10                              386      386       37         0
                text9                               457      457       5B         0
                text8                               4B2      4B2       64         0
                text7                               2D2      2D2       20         0
                text6                               59D      59D       A9         0
                text5                               516      516       87         0
                text4                               287      287        C         0
                text3                               352      352       34         0
                text2                               2F2      2F2       2C         0
                text1                               646      646       CD         0
                maintext                            713      713       EA         0

        CLASS   STRCODE        
                stringtext3                         829      829        C         0
                stringtext2                         81A      81A        F         0
                stringtext1                         800      800       1A         0

        CLASS   STRING         

        CLASS   CONST          

        CLASS   ENTRY          

        CLASS   COMMON         
                cstackCOMMON                         70       70        E         1

        CLASS   BANK0          
                cstackBANK0                          20       20       39         1

        CLASS   BANK1          

        CLASS   BANK2          

        CLASS   BANK3          

        CLASS   BANK4          

        CLASS   BANK5          

        CLASS   BANK6          

        CLASS   BANK7          

        CLASS   BANK8          

        CLASS   BANK9          

        CLASS   BANK10         

        CLASS   BANK11         

        CLASS   BANK12         

        CLASS   BIGRAM         

        CLASS   RAM            

        CLASS   ABS1           
                abs_s1                               7E       7E        2         1

        CLASS   SFR0           

        CLASS   SFR1           

        CLASS   SFR2           

        CLASS   SFR3           

        CLASS   SFR4           

        CLASS   SFR5           

        CLASS   SFR6           

        CLASS   SFR7           

        CLASS   SFR8           

        CLASS   SFR9           

        CLASS   SFR10          

        CLASS   SFR11          

        CLASS   SFR12          

        CLASS   SFR13          

        CLASS   SFR14          

        CLASS   SFR15          

        CLASS   SFR16          

        CLASS   SFR17          

        CLASS   SFR18          

        CLASS   SFR19          

        CLASS   SFR20          

        CLASS   SFR21          

        CLASS   SFR22          

        CLASS   SFR23          

        CLASS   SFR24          

        CLASS   SFR25          

        CLASS   SFR26          

        CLASS   SFR27          

        CLASS   SFR28          

        CLASS   SFR29          

        CLASS   SFR30          

        CLASS   SFR31          

        CLASS   CONFIG         
                config                             8007     8007        2         0

        CLASS   IDLOC          

        CLASS   EEDATA         

        CLASS   BANK31         

        CLASS   BANK30         

        CLASS   BANK29         

        CLASS   BANK28         

        CLASS   BANK27         

        CLASS   BANK26         

        CLASS   BANK25         

        CLASS   BANK24         

        CLASS   BANK23         

        CLASS   BANK22         

        CLASS   BANK21         

        CLASS   BANK20         

        CLASS   BANK19         

        CLASS   BANK18         

        CLASS   BANK17         

        CLASS   BANK16         

        CLASS   BANK15         

        CLASS   BANK14         

        CLASS   BANK13         



SEGMENTS        Name                           Load    Length   Top    Selector   Space  Class     Delta

                reset_vec                      000000  000004  000004         0       0  CODE        2
                cstackBANK0                    000020  000039  000059        20       1  BANK0       1
                cstackCOMMON                   000070  00000E  00007E        70       1  COMMON      1
                text17                         000263  000005  000268       4C6       0  CODE        2
                text16                         000268  000005  00026D       4D0       0  CODE        2
                text15                         00026D  000005  000272       4DA       0  CODE        2
                text22                         000272  000006  000278       4E4       0  CODE        2
                text14                         000278  000007  00027F       4F0       0  CODE        2
                text20                         00027F  000008  000287       4FE       0  CODE        2
                text4                          000287  00000C  000293       50E       0  CODE        2
                text19                         000293  00000F  0002A2       526       0  CODE        2
                text21                         0002A2  000014  0002B6       544       0  CODE        2
                text18                         0002B6  00001C  0002D2       56C       0  CODE        2
                text7                          0002D2  000020  0002F2       5A4       0  CODE        2
                text2                          0002F2  00002C  00031E       5E4       0  CODE        2
                text12                         00031E  000034  000352       63C       0  CODE        2
                text3                          000352  000034  000386       6A4       0  CODE        2
                text10                         000386  000037  0003BD       70C       0  CODE        2
                text11                         0003BD  000043  000400       77A       0  CODE        2
                text13                         000400  000057  000457       800       0  CODE        2
                text9                          000457  00005B  0004B2       8AE       0  CODE        2
                text8                          0004B2  000064  000516       964       0  CODE        2
                text5                          000516  000087  00059D       A2C       0  CODE        2
                text6                          00059D  0000A9  000646       B3A       0  CODE        2
                text1                          000646  0000CD  000713       C8C       0  CODE        2
                maintext                       000713  0000EA  0007FD       E26       0  CODE        2
                cinit                          0007FD  000003  000800       FFA       0  CODE        2
                stringtext1                    000800  000035  000835      1000       0  STRCODE     2
                config                         008007  000002  008009     1000E       0  CONFIG      2


UNUSED ADDRESS RANGES

        Name                Unused          Largest block    Delta
        BANK0            00059-0006F              17           1
        BANK1            000A0-000EF              50           1
        BANK10           00520-0056F              50           1
        BANK11           005A0-005EF              50           1
        BANK12           00620-0064F              30           1
        BANK2            00120-0016F              50           1
        BANK3            001A0-001EF              50           1
        BANK4            00220-0026F              50           1
        BANK5            002A0-002EF              50           1
        BANK6            00320-0036F              50           1
        BANK7            003A0-003EF              50           1
        BANK8            00420-0046F              50           1
        BANK9            004A0-004EF              50           1
        BIGRAM           02000-023EF             3F0           1
        CODE             00004-00262             25F           2
                         00835-01FFF             800
        CONST            00004-00262             100           2
                         00835-01FFF             100
        EEDATA           0F000-0F0FF             100           2
        ENTRY            00004-00262             100           2
                         00835-01FFF             100
        IDLOC            08000-08003               4           2
        RAM              00059-0006F              17           1
                         000A0-000EF              50
                         00120-0016F              50
                         001A0-001EF              50
                         00220-0026F              50
                         002A0-002EF              50
                         00320-0036F              50
                         003A0-003EF              50
                         00420-0046F              50
                         004A0-004EF              50
                         00520-0056F              50
                         005A0-005EF              50
                         00620-0064F              30
        SFR0             00000-0001F              20           1
        SFR1             00080-0009F              20           1
        SFR10            00500-0051F              20           1
        SFR11            00580-0059F              20           1
        SFR12            00600-0061F              20           1
        SFR13            00680-006EF              70           1
        SFR14            00700-0076F              70           1
        SFR15            00780-007EF              70           1
        SFR16            00800-0086F              70           1
        SFR17            00880-008EF              70           1
        SFR18            00900-0096F              70           1
        SFR19            00980-009EF              70           1
        SFR2             00100-0011F              20           1
        SFR20            00A00-00A6F              70           1
        SFR21            00A80-00AEF              70           1
        SFR22            00B00-00B6F              70           1
        SFR23            00B80-00BEF              70           1
        SFR24            00C00-00C6F              70           1
        SFR25            00C80-00CEF              70           1
        SFR26            00D00-00D6F              70           1
        SFR27            00D80-00DEF              70           1
        SFR28            00E00-00E6F              70           1
        SFR29            00E80-00EEF              70           1
        SFR3             00180-0019F              20           1
        SFR30            00F00-00F6F              70           1
        SFR31            00F80-00FEF              70           1
        SFR4             00200-0021F              20           1
        SFR5             00280-0029F              20           1
        SFR6             00300-0031F              20           1
        SFR7             00380-0039F              20           1
        SFR8             00400-0041F              20           1
        SFR9             00480-0049F              20           1
        STACK            02039-023EF             3B7           1
        STRCODE          00004-00262             25F           2
                         00835-01FFF            17CB
        STRING           00004-00262             100           2
                         00835-01FFF             100

                                  Symbol Table

?_ADC_Read                cstackCOMMON 00070
?___awtoft                cstackCOMMON 00078
?___ftdiv                 cstackBANK0  00020
?___ftpack                cstackCOMMON 00070
?___fttol                 cstackBANK0  00030
?___lwdiv                 cstackCOMMON 00070
?___lwmod                 cstackCOMMON 00078
?_sprintf                 cstackBANK0  00020
I2C_LCD_Busy@Slave        cstackCOMMON 00077
I2C_LCD_Busy@Temp1        cstackCOMMON 00075
I2C_LCD_Busy@read_byte    cstackCOMMON 00076
I2C_LCD_Command@Cmd       cstackCOMMON 00078
I2C_LCD_Command@HiBytex   cstackCOMMON 0007C
I2C_LCD_Command@LoBytex   cstackCOMMON 0007D
I2C_LCD_Command@Slave     cstackCOMMON 0007B
I2C_LCD_Init@Slave        cstackCOMMON 0007A
I2C_LCD_Init@Tvar1        cstackCOMMON 00079
I2C_LCD_Pos@HiBytex       cstackCOMMON 0007C
I2C_LCD_Pos@LoBytex       cstackCOMMON 0007D
I2C_LCD_Pos@Pos           cstackCOMMON 00078
I2C_LCD_Pos@Slave         cstackCOMMON 0007B
I2C_LCD_SWrite@Data       cstackCOMMON 00078
I2C_LCD_SWrite@H          cstackBANK0  00021
I2C_LCD_SWrite@L          cstackBANK0  00022
I2C_LCD_SWrite@Max        cstackCOMMON 00079
I2C_LCD_SWrite@Slave      cstackBANK0  00020
I2C_LCD_SWrite@j          cstackBANK0  00023
_ADCON0                   (abs)        0009D
_ADCON1                   (abs)        0009E
_ADC_Initialize           text22       00272
_ADC_Read                 text21       002A2
_ADRESH                   (abs)        0009C
_ADRESL                   (abs)        0009B
_GO_nDONE                 (abs)        004E9
_I2C_LCD_Busy             text13       00400
_I2C_LCD_Command          text12       0031E
_I2C_LCD_Init             text11       003BD
_I2C_LCD_Pos              text10       00386
_I2C_LCD_SWrite           text9        00457
_RA1                      (abs)        00061
_RA4                      (abs)        00064
_RC0                      (abs)        00070
_SSP1ADD                  (abs)        00212
_SSP1BUF                  (abs)        00211
_SSP1CON1                 (abs)        00215
_SSP1CON2                 (abs)        00216
_SSP1CON2bits             (abs)        00216
_SSP1STAT                 (abs)        00214
_TMR1H                    (abs)        00017
_TMR1L                    (abs)        00016
_TMR1ON                   (abs)        000C0
_TRISA                    (abs)        0008C
_TRISB4                   (abs)        0046C
_TRISB6                   (abs)        0046E
_TRISC                    (abs)        0008E
__CFG_BOREN$OFF           (abs)        00000
__CFG_BORV$LO             (abs)        00000
__CFG_CLKOUTEN$OFF        (abs)        00000
__CFG_CP$OFF              (abs)        00000
__CFG_CPD$OFF             (abs)        00000
__CFG_FCMEN$OFF           (abs)        00000
__CFG_FOSC$INTOSC         (abs)        00000
__CFG_IESO$OFF            (abs)        00000
__CFG_LVP$ON              (abs)        00000
__CFG_MCLRE$ON            (abs)        00000
__CFG_PLLEN$OFF           (abs)        00000
__CFG_PWRTE$OFF           (abs)        00000
__CFG_STVREN$ON           (abs)        00000
__CFG_WDTE$OFF            (abs)        00000
__CFG_WRT$OFF             (abs)        00000
__Habs1                   abs1         00000
__Hbank0                  bank0        00000
__Hbank1                  bank1        00000
__Hbank10                 bank10       00000
__Hbank11                 bank11       00000
__Hbank12                 bank12       00000
__Hbank13                 bank13       00000
__Hbank14                 bank14       00000
__Hbank15                 bank15       00000
__Hbank16                 bank16       00000
__Hbank17                 bank17       00000
__Hbank18                 bank18       00000
__Hbank19                 bank19       00000
__Hbank2                  bank2        00000
__Hbank20                 bank20       00000
__Hbank21                 bank21       00000
__Hbank22                 bank22       00000
__Hbank23                 bank23       00000
__Hbank24                 bank24       00000
__Hbank25                 bank25       00000
__Hbank26                 bank26       00000
__Hbank27                 bank27       00000
__Hbank28                 bank28       00000
__Hbank29                 bank29       00000
__Hbank3                  bank3        00000
__Hbank30                 bank30       00000
__Hbank31                 bank31       00000
__Hbank4                  bank4        00000
__Hbank5                  bank5        00000
__Hbank6                  bank6        00000
__Hbank7                  bank7        00000
__Hbank8                  bank8        00000
__Hbank9                  bank9        00000
__Hbigram                 bigram       00000
__Hcinit                  cinit        00800
__Hclrtext                clrtext      00000
__Hcode                   code         00000
__Hcommon                 common       00000
__Hconfig                 config       08009
__HcstackBANK0            cstackBANK0  00000
__HcstackCOMMON           cstackCOMMON 00000
__Heeprom_data            eeprom_data  00000
__Hend_init               end_init     00004
__Hfunctab                functab      00000
__Hidloc                  idloc        00000
__Hinit                   init         00002
__Hintentry               intentry     00002
__Hmaintext               maintext     00000
__Hpowerup                powerup      00000
__Hram                    ram          00000
__Hreset_vec              reset_vec    00002
__Hsfr0                   sfr0         00000
__Hsfr1                   sfr1         00000
__Hsfr10                  sfr10        00000
__Hsfr11                  sfr11        00000
__Hsfr12                  sfr12        00000
__Hsfr13                  sfr13        00000
__Hsfr14                  sfr14        00000
__Hsfr15                  sfr15        00000
__Hsfr16                  sfr16        00000
__Hsfr17                  sfr17        00000
__Hsfr18                  sfr18        00000
__Hsfr19                  sfr19        00000
__Hsfr2                   sfr2         00000
__Hsfr20                  sfr20        00000
__Hsfr21                  sfr21        00000
__Hsfr22                  sfr22        00000
__Hsfr23                  sfr23        00000
__Hsfr24                  sfr24        00000
__Hsfr25                  sfr25        00000
__Hsfr26                  sfr26        00000
__Hsfr27                  sfr27        00000
__Hsfr28                  sfr28        00000
__Hsfr29                  sfr29        00000
__Hsfr3                   sfr3         00000
__Hsfr30                  sfr30        00000
__Hsfr31                  sfr31        00000
__Hsfr4                   sfr4         00000
__Hsfr5                   sfr5         00000
__Hsfr6                   sfr6         00000
__Hsfr7                   sfr7         00000
__Hsfr8                   sfr8         00000
__Hsfr9                   sfr9         00000
__Hspace_0                (abs)        08009
__Hspace_1                (abs)        0007E
__Hspace_2                (abs)        00000
__Hspace_3                (abs)        00000
__Hstack                  stack        00000
__Hstrings                strings      00000
__Hstringtext1            stringtext1  00000
__Hstringtext2            stringtext2  00000
__Hstringtext3            stringtext3  00000
__Hstringtext4            stringtext4  00000
__Htext                   text         00000
__Labs1                   abs1         00000
__Lbank0                  bank0        00000
__Lbank1                  bank1        00000
__Lbank10                 bank10       00000
__Lbank11                 bank11       00000
__Lbank12                 bank12       00000
__Lbank13                 bank13       00000
__Lbank14                 bank14       00000
__Lbank15                 bank15       00000
__Lbank16                 bank16       00000
__Lbank17                 bank17       00000
__Lbank18                 bank18       00000
__Lbank19                 bank19       00000
__Lbank2                  bank2        00000
__Lbank20                 bank20       00000
__Lbank21                 bank21       00000
__Lbank22                 bank22       00000
__Lbank23                 bank23       00000
__Lbank24                 bank24       00000
__Lbank25                 bank25       00000
__Lbank26                 bank26       00000
__Lbank27                 bank27       00000
__Lbank28                 bank28       00000
__Lbank29                 bank29       00000
__Lbank3                  bank3        00000
__Lbank30                 bank30       00000
__Lbank31                 bank31       00000
__Lbank4                  bank4        00000
__Lbank5                  bank5        00000
__Lbank6                  bank6        00000
__Lbank7                  bank7        00000
__Lbank8                  bank8        00000
__Lbank9                  bank9        00000
__Lbigram                 bigram       00000
__Lcinit                  cinit        007FD
__Lclrtext                clrtext      00000
__Lcode                   code         00000
__Lcommon                 common       00000
__Lconfig                 config       08007
__LcstackBANK0            cstackBANK0  00000
__LcstackCOMMON           cstackCOMMON 00000
__Leeprom_data            eeprom_data  00000
__Lend_init               end_init     00002
__Lfunctab                functab      00000
__Lidloc                  idloc        00000
__Linit                   init         00002
__Lintentry               intentry     00002
__Lmaintext               maintext     00000
__Lpowerup                powerup      00000
__Lram                    ram          00000
__Lreset_vec              reset_vec    00000
__Lsfr0                   sfr0         00000
__Lsfr1                   sfr1         00000
__Lsfr10                  sfr10        00000
__Lsfr11                  sfr11        00000
__Lsfr12                  sfr12        00000
__Lsfr13                  sfr13        00000
__Lsfr14                  sfr14        00000
__Lsfr15                  sfr15        00000
__Lsfr16                  sfr16        00000
__Lsfr17                  sfr17        00000
__Lsfr18                  sfr18        00000
__Lsfr19                  sfr19        00000
__Lsfr2                   sfr2         00000
__Lsfr20                  sfr20        00000
__Lsfr21                  sfr21        00000
__Lsfr22                  sfr22        00000
__Lsfr23                  sfr23        00000
__Lsfr24                  sfr24        00000
__Lsfr25                  sfr25        00000
__Lsfr26                  sfr26        00000
__Lsfr27                  sfr27        00000
__Lsfr28                  sfr28        00000
__Lsfr29                  sfr29        00000
__Lsfr3                   sfr3         00000
__Lsfr30                  sfr30        00000
__Lsfr31                  sfr31        00000
__Lsfr4                   sfr4         00000
__Lsfr5                   sfr5         00000
__Lsfr6                   sfr6         00000
__Lsfr7                   sfr7         00000
__Lsfr8                   sfr8         00000
__Lsfr9                   sfr9         00000
__Lspace_0                (abs)        00000
__Lspace_1                (abs)        00000
__Lspace_2                (abs)        00000
__Lspace_3                (abs)        00000
__Lstack                  stack        00000
__Lstrings                strings      00000
__Lstringtext1            stringtext1  00000
__Lstringtext2            stringtext2  00000
__Lstringtext3            stringtext3  00000
__Lstringtext4            stringtext4  00000
__Ltext                   text         00000
__S0                      (abs)        08009
__S1                      (abs)        0007E
__S2                      (abs)        00000
__S3                      (abs)        00000
___awtoft                 text7        002D2
___awtoft@c               cstackCOMMON 00078
___awtoft@sign            cstackCOMMON 0007D
___ftdiv                  text6        0059D
___ftdiv@cntr             cstackBANK0  0002A
___ftdiv@exp              cstackBANK0  0002E
___ftdiv@f1               cstackBANK0  00023
___ftdiv@f2               cstackBANK0  00020
___ftdiv@f3               cstackBANK0  0002B
___ftdiv@sign             cstackBANK0  0002F
___ftpack                 text8        004B2
___ftpack@arg             cstackCOMMON 00070
___ftpack@exp             cstackCOMMON 00073
___ftpack@sign            cstackCOMMON 00074
___fttol                  text5        00516
___fttol@exp1             cstackBANK0  0003D
___fttol@f1               cstackBANK0  00030
___fttol@lval             cstackBANK0  00039
___fttol@sign1            cstackBANK0  00038
___int_sp                 stack        00000
___latbits                (abs)        00002
___lwdiv                  text3        00352
___lwdiv@counter          cstackCOMMON 00077
___lwdiv@dividend         cstackCOMMON 00072
___lwdiv@divisor          cstackCOMMON 00070
___lwdiv@quotient         cstackCOMMON 00075
___lwmod                  text2        002F2
___lwmod@counter          cstackCOMMON 0007D
___lwmod@dividend         cstackCOMMON 0007A
___lwmod@divisor          cstackCOMMON 00078
___sp                     stack        00000
__end_of_ADC_Initialize   text22       00278
__end_of_ADC_Read         text21       002B6
__end_of_I2C_LCD_Busy     text13       00457
__end_of_I2C_LCD_Command  text12       00352
__end_of_I2C_LCD_Init     text11       00400
__end_of_I2C_LCD_Pos      text10       003BD
__end_of_I2C_LCD_SWrite   text9        004B2
__end_of___awtoft         text7        002F2
__end_of___ftdiv          text6        00646
__end_of___ftpack         text8        00516
__end_of___fttol          text5        0059D
__end_of___lwdiv          text3        00386
__end_of___lwmod          text2        0031E
__end_of__initialization  cinit        007FD
__end_of_dpowers          stringtext1  0080A
__end_of_i2c_Address      text19       002A2
__end_of_i2c_Init         text4        00293
__end_of_i2c_Read         text18       002D2
__end_of_i2c_Restart      text17       00268
__end_of_i2c_Start        text16       0026D
__end_of_i2c_Stop         text15       00272
__end_of_i2c_Wait         text20       00287
__end_of_i2c_Write        text14       0027F
__end_of_main             maintext     007FD
__end_of_sprintf          text1        00713
__initialization          cinit        007FD
__pcstackBANK0            cstackBANK0  00020
__pcstackCOMMON           cstackCOMMON 00070
__pmaintext               maintext     00713
__pstringtext1            stringtext1  00800
__pstringtext2            stringtext2  0081A
__pstringtext3            stringtext3  00829
__pstringtext4            stringtext4  00000
__ptext1                  text1        00646
__ptext10                 text10       00386
__ptext11                 text11       003BD
__ptext12                 text12       0031E
__ptext13                 text13       00400
__ptext14                 text14       00278
__ptext15                 text15       0026D
__ptext16                 text16       00268
__ptext17                 text17       00263
__ptext18                 text18       002B6
__ptext19                 text19       00293
__ptext2                  text2        002F2
__ptext20                 text20       0027F
__ptext21                 text21       002A2
__ptext22                 text22       00272
__ptext3                  text3        00352
__ptext4                  text4        00287
__ptext5                  text5        00516
__ptext6                  text6        0059D
__ptext7                  text7        002D2
__ptext8                  text8        004B2
__ptext9                  text9        00457
__size_of_ADC_Initialize  (abs)        00000
__size_of_ADC_Read        (abs)        00000
__size_of_I2C_LCD_Busy    (abs)        00000
__size_of_I2C_LCD_Command (abs)        00000
__size_of_I2C_LCD_Init    (abs)        00000
__size_of_I2C_LCD_Pos     (abs)        00000
__size_of_I2C_LCD_SWrite  (abs)        00000
__size_of___awtoft        (abs)        00000
__size_of___ftdiv         (abs)        00000
__size_of___ftpack        (abs)        00000
__size_of___fttol         (abs)        00000
__size_of___lwdiv         (abs)        00000
__size_of___lwmod         (abs)        00000
__size_of_i2c_Address     (abs)        00000
__size_of_i2c_Init        (abs)        00000
__size_of_i2c_Read        (abs)        00000
__size_of_i2c_Restart     (abs)        00000
__size_of_i2c_Start       (abs)        00000
__size_of_i2c_Stop        (abs)        00000
__size_of_i2c_Wait        (abs)        00000
__size_of_i2c_Write       (abs)        00000
__size_of_main            (abs)        00000
__size_of_sprintf         (abs)        00000
_dpowers                  stringtext1  00800
_i2c_Address              text19       00293
_i2c_Init                 text4        00287
_i2c_Read                 text18       002B6
_i2c_Restart              text17       00263
_i2c_Start                text16       00268
_i2c_Stop                 text15       0026D
_i2c_Wait                 text20       0027F
_i2c_Write                text14       00278
_main                     maintext     00713
_sprintf                  text1        00646
btemp                     (abs)        0007E
end_of_initialization     cinit        007FD
i2c_Address@address       cstackCOMMON 00072
i2c_Address@l_address     cstackCOMMON 00073
i2c_Address@mode          cstackCOMMON 00070
i2c_Read@ack              cstackCOMMON 00071
i2c_Read@i2cReadData      cstackCOMMON 00072
i2c_Write@data            cstackCOMMON 00070
intlevel0                 functab      00000
intlevel1                 functab      00000
intlevel2                 functab      00000
intlevel3                 functab      00000
intlevel4                 functab      00000
intlevel5                 functab      00000
main@Sout                 cstackBANK0  00040
main@Sptr                 cstackBANK0  00054
main@a                    cstackBANK0  00057
main@adc_value            cstackBANK0  00055
reset_vec                 reset_vec    00000
sprintf@ap                cstackBANK0  00028
sprintf@c                 cstackBANK0  0002E
sprintf@f                 cstackBANK0  00020
sprintf@flag              cstackBANK0  00029
sprintf@prec              cstackBANK0  0002A
sprintf@sp                cstackBANK0  0002D
sprintf@val               cstackBANK0  0002B
stackhi                   (abs)        023EF
stacklo                   (abs)        02039
start                     init         00002
start_initialization      cinit        007FD
wtemp0                    (abs)        0007E


FUNCTION INFORMATION:

 *************** function _main *****************
 Defined at:
		line 65 in file "main.c"
 Parameters:    Size  Location     Type
		None
 Auto vars:     Size  Location     Type
  a               2   55[BANK0 ] int 
  Sout           20   32[BANK0 ] unsigned char [20]
  adc_value       2   53[BANK0 ] unsigned int 
  z               2    0        int 
  Sptr            1   52[BANK0 ] PTR unsigned char 
		 -> main@Sout(20), 
 Return value:  Size  Location     Type
                  1    wreg      void 
 Registers used:
		wreg, fsr0l, fsr0h, fsr1l, fsr1h, status,2, status,0, pclath, cstack
 Tracked objects:
		On entry : 
		On exit  : 
		Unchanged: 
 Data sizes:     COMMON   BANK0   BANK1   BANK2   BANK3   BANK4   BANK5   BANK6   BANK7   BANK8   BANK9  BANK10  BANK11  BANK12
      Params:         0       0       0       0       0       0       0       0       0       0       0       0       0       0
      Locals:         0      25       0       0       0       0       0       0       0       0       0       0       0       0
      Temps:          0       2       0       0       0       0       0       0       0       0       0       0       0       0
      Totals:         0      27       0       0       0       0       0       0       0       0       0       0       0       0
Total ram usage:       27 bytes
 Hardware stack levels required when called:    4
 This function calls:
		_ADC_Initialize
		_ADC_Read
		_I2C_LCD_Command
		_I2C_LCD_Init
		_I2C_LCD_Pos
		_I2C_LCD_SWrite
		___awtoft
		___ftdiv
		___fttol
		_i2c_Init
		_sprintf
 This function is called by:
		Startup code after reset
 This function uses a non-reentrant model


 *************** function _sprintf *****************
 Defined at:
		line 492 in file "/opt/microchip/xc8/v1.45/sources/common/doprnt.c"
 Parameters:    Size  Location     Type
  sp              1    wreg     PTR unsigned char 
		 -> main@Sout(20), 
  f               2    0[BANK0 ] PTR const unsigned char 
		 -> STR_4(15), STR_3(16), STR_2(1), STR_1(12), 
 Auto vars:     Size  Location     Type
  sp              1   13[BANK0 ] PTR unsigned char 
		 -> main@Sout(20), 
  tmpval          4    0        struct .
  val             2   11[BANK0 ] unsigned int 
  cp              2    0        PTR const unsigned char 
  len             2    0        unsigned int 
  c               1   14[BANK0 ] char 
  prec            1   10[BANK0 ] char 
  flag            1    9[BANK0 ] unsigned char 
  ap              1    8[BANK0 ] PTR void [1]
		 -> ?_sprintf(2), 
 Return value:  Size  Location     Type
                  2    0[BANK0 ] int 
 Registers used:
		wreg, fsr0l, fsr0h, fsr1l, fsr1h, status,2, status,0, pclath, cstack
 Tracked objects:
		On entry : 
		On exit  : 
		Unchanged: 
 Data sizes:     COMMON   BANK0   BANK1   BANK2   BANK3   BANK4   BANK5   BANK6   BANK7   BANK8   BANK9  BANK10  BANK11  BANK12
      Params:         0       4       0       0       0       0       0       0       0       0       0       0       0       0
      Locals:         0       7       0       0       0       0       0       0       0       0       0       0       0       0
      Temps:          0       4       0       0       0       0       0       0       0       0       0       0       0       0
      Totals:         0      15       0       0       0       0       0       0       0       0       0       0       0       0
Total ram usage:       15 bytes
 Hardware stack levels used:    1
 Hardware stack levels required when called:    1
 This function calls:
		___lwdiv
		___lwmod
 This function is called by:
		_main
 This function uses a non-reentrant model


 *************** function ___lwmod *****************
 Defined at:
		line 6 in file "/opt/microchip/xc8/v1.45/sources/common/lwmod.c"
 Parameters:    Size  Location     Type
  divisor         2    8[COMMON] unsigned int 
  dividend        2   10[COMMON] unsigned int 
 Auto vars:     Size  Location     Type
  counter         1   13[COMMON] unsigned char 
 Return value:  Size  Location     Type
                  2    8[COMMON] unsigned int 
 Registers used:
		wreg, status,2, status,0
 Tracked objects:
		On entry : 
		On exit  : 
		Unchanged: 
 Data sizes:     COMMON   BANK0   BANK1   BANK2   BANK3   BANK4   BANK5   BANK6   BANK7   BANK8   BANK9  BANK10  BANK11  BANK12
      Params:         4       0       0       0       0       0       0       0       0       0       0       0       0       0
      Locals:         1       0       0       0       0       0       0       0       0       0       0       0       0       0
      Temps:          1       0       0       0       0       0       0       0       0       0       0       0       0       0
      Totals:         6       0       0       0       0       0       0       0       0       0       0       0       0       0
Total ram usage:        6 bytes
 Hardware stack levels used:    1
 This function calls:
		Nothing
 This function is called by:
		_sprintf
 This function uses a non-reentrant model


 *************** function ___lwdiv *****************
 Defined at:
		line 6 in file "/opt/microchip/xc8/v1.45/sources/common/lwdiv.c"
 Parameters:    Size  Location     Type
  divisor         2    0[COMMON] unsigned int 
  dividend        2    2[COMMON] unsigned int 
 Auto vars:     Size  Location     Type
  quotient        2    5[COMMON] unsigned int 
  counter         1    7[COMMON] unsigned char 
 Return value:  Size  Location     Type
                  2    0[COMMON] unsigned int 
 Registers used:
		wreg, status,2, status,0
 Tracked objects:
		On entry : 
		On exit  : 
		Unchanged: 
 Data sizes:     COMMON   BANK0   BANK1   BANK2   BANK3   BANK4   BANK5   BANK6   BANK7   BANK8   BANK9  BANK10  BANK11  BANK12
      Params:         4       0       0       0       0       0       0       0       0       0       0       0       0       0
      Locals:         3       0       0       0       0       0       0       0       0       0       0       0       0       0
      Temps:          1       0       0       0       0       0       0       0       0       0       0       0       0       0
      Totals:         8       0       0       0       0       0       0       0       0       0       0       0       0       0
Total ram usage:        8 bytes
 Hardware stack levels used:    1
 This function calls:
		Nothing
 This function is called by:
		_sprintf
 This function uses a non-reentrant model


 *************** function _i2c_Init *****************
 Defined at:
		line 12 in file "i2c_LCD.h"
 Parameters:    Size  Location     Type
		None
 Auto vars:     Size  Location     Type
		None
 Return value:  Size  Location     Type
                  1    wreg      void 
 Registers used:
		wreg, status,2
 Tracked objects:
		On entry : 
		On exit  : 
		Unchanged: 
 Data sizes:     COMMON   BANK0   BANK1   BANK2   BANK3   BANK4   BANK5   BANK6   BANK7   BANK8   BANK9  BANK10  BANK11  BANK12
      Params:         0       0       0       0       0       0       0       0       0       0       0       0       0       0
      Locals:         0       0       0       0       0       0       0       0       0       0       0       0       0       0
      Temps:          0       0       0       0       0       0       0       0       0       0       0       0       0       0
      Totals:         0       0       0       0       0       0       0       0       0       0       0       0       0       0
Total ram usage:        0 bytes
 Hardware stack levels used:    1
 This function calls:
		Nothing
 This function is called by:
		_main
 This function uses a non-reentrant model


 *************** function ___fttol *****************
 Defined at:
		line 44 in file "/opt/microchip/xc8/v1.45/sources/common/fttol.c"
 Parameters:    Size  Location     Type
  f1              3   16[BANK0 ] float 
 Auto vars:     Size  Location     Type
  lval            4   25[BANK0 ] unsigned long 
  exp1            1   29[BANK0 ] unsigned char 
  sign1           1   24[BANK0 ] unsigned char 
 Return value:  Size  Location     Type
                  4   16[BANK0 ] long 
 Registers used:
		wreg, status,2, status,0
 Tracked objects:
		On entry : 
		On exit  : 
		Unchanged: 
 Data sizes:     COMMON   BANK0   BANK1   BANK2   BANK3   BANK4   BANK5   BANK6   BANK7   BANK8   BANK9  BANK10  BANK11  BANK12
      Params:         0       4       0       0       0       0       0       0       0       0       0       0       0       0
      Locals:         0       6       0       0       0       0       0       0       0       0       0       0       0       0
      Temps:          0       4       0       0       0       0       0       0       0       0       0       0       0       0
      Totals:         0      14       0       0       0       0       0       0       0       0       0       0       0       0
Total ram usage:       14 bytes
 Hardware stack levels used:    1
 This function calls:
		Nothing
 This function is called by:
		_main
 This function uses a non-reentrant model


 *************** function ___ftdiv *****************
 Defined at:
		line 56 in file "/opt/microchip/xc8/v1.45/sources/common/ftdiv.c"
 Parameters:    Size  Location     Type
  f2              3    0[BANK0 ] float 
  f1              3    3[BANK0 ] float 
 Auto vars:     Size  Location     Type
  f3              3   11[BANK0 ] float 
  sign            1   15[BANK0 ] unsigned char 
  exp             1   14[BANK0 ] unsigned char 
  cntr            1   10[BANK0 ] unsigned char 
 Return value:  Size  Location     Type
                  3    0[BANK0 ] float 
 Registers used:
		wreg, status,2, status,0, pclath, cstack
 Tracked objects:
		On entry : 
		On exit  : 
		Unchanged: 
 Data sizes:     COMMON   BANK0   BANK1   BANK2   BANK3   BANK4   BANK5   BANK6   BANK7   BANK8   BANK9  BANK10  BANK11  BANK12
      Params:         0       6       0       0       0       0       0       0       0       0       0       0       0       0
      Locals:         0       6       0       0       0       0       0       0       0       0       0       0       0       0
      Temps:          0       4       0       0       0       0       0       0       0       0       0       0       0       0
      Totals:         0      16       0       0       0       0       0       0       0       0       0       0       0       0
Total ram usage:       16 bytes
 Hardware stack levels used:    1
 Hardware stack levels required when called:    1
 This function calls:
		___ftpack
 This function is called by:
		_main
 This function uses a non-reentrant model


 *************** function ___awtoft *****************
 Defined at:
		line 32 in file "/opt/microchip/xc8/v1.45/sources/common/awtoft.c"
 Parameters:    Size  Location     Type
  c               2    8[COMMON] int 
 Auto vars:     Size  Location     Type
  sign            1   13[COMMON] unsigned char 
 Return value:  Size  Location     Type
                  3    8[COMMON] float 
 Registers used:
		wreg, status,2, status,0, pclath, cstack
 Tracked objects:
		On entry : 
		On exit  : 
		Unchanged: 
 Data sizes:     COMMON   BANK0   BANK1   BANK2   BANK3   BANK4   BANK5   BANK6   BANK7   BANK8   BANK9  BANK10  BANK11  BANK12
      Params:         3       0       0       0       0       0       0       0       0       0       0       0       0       0
      Locals:         1       0       0       0       0       0       0       0       0       0       0       0       0       0
      Temps:          2       0       0       0       0       0       0       0       0       0       0       0       0       0
      Totals:         6       0       0       0       0       0       0       0       0       0       0       0       0       0
Total ram usage:        6 bytes
 Hardware stack levels used:    1
 Hardware stack levels required when called:    1
 This function calls:
		___ftpack
 This function is called by:
		_main
 This function uses a non-reentrant model


 *************** function ___ftpack *****************
 Defined at:
		line 62 in file "/opt/microchip/xc8/v1.45/sources/common/float.c"
 Parameters:    Size  Location     Type
  arg             3    0[COMMON] unsigned um
  exp             1    3[COMMON] unsigned char 
  sign            1    4[COMMON] unsigned char 
 Auto vars:     Size  Location     Type
		None
 Return value:  Size  Location     Type
                  3    0[COMMON] float 
 Registers used:
		wreg, status,2, status,0
 Tracked objects:
		On entry : 
		On exit  : 
		Unchanged: 
 Data sizes:     COMMON   BANK0   BANK1   BANK2   BANK3   BANK4   BANK5   BANK6   BANK7   BANK8   BANK9  BANK10  BANK11  BANK12
      Params:         5       0       0       0       0       0       0       0       0       0       0       0       0       0
      Locals:         0       0       0       0       0       0       0       0       0       0       0       0       0       0
      Temps:          3       0       0       0       0       0       0       0       0       0       0       0       0       0
      Totals:         8       0       0       0       0       0       0       0       0       0       0       0       0       0
Total ram usage:        8 bytes
 Hardware stack levels used:    1
 This function calls:
		Nothing
 This function is called by:
		___awtoft
		___ftdiv
 This function uses a non-reentrant model


 *************** function _I2C_LCD_SWrite *****************
 Defined at:
		line 76 in file "i2c.h"
 Parameters:    Size  Location     Type
  Slave           1    wreg     unsigned char 
  Data            1    8[COMMON] PTR unsigned char 
		 -> main@Sout(20), 
  Max             1    9[COMMON] unsigned char 
 Auto vars:     Size  Location     Type
  Slave           1    0[BANK0 ] unsigned char 
  j               2    3[BANK0 ] int 
  k               2    0        int 
  L               1    2[BANK0 ] unsigned char 
  H               1    1[BANK0 ] unsigned char 
 Return value:  Size  Location     Type
                  1    wreg      void 
 Registers used:
		wreg, fsr1l, fsr1h, status,2, status,0, pclath, cstack
 Tracked objects:
		On entry : 
		On exit  : 
		Unchanged: 
 Data sizes:     COMMON   BANK0   BANK1   BANK2   BANK3   BANK4   BANK5   BANK6   BANK7   BANK8   BANK9  BANK10  BANK11  BANK12
      Params:         2       0       0       0       0       0       0       0       0       0       0       0       0       0
      Locals:         0       5       0       0       0       0       0       0       0       0       0       0       0       0
      Temps:          3       0       0       0       0       0       0       0       0       0       0       0       0       0
      Totals:         5       5       0       0       0       0       0       0       0       0       0       0       0       0
Total ram usage:       10 bytes
 Hardware stack levels used:    1
 Hardware stack levels required when called:    3
 This function calls:
		_I2C_LCD_Busy
		_i2c_Address
		_i2c_Start
		_i2c_Stop
		_i2c_Write
 This function is called by:
		_main
 This function uses a non-reentrant model


 *************** function _I2C_LCD_Pos *****************
 Defined at:
		line 61 in file "i2c.h"
 Parameters:    Size  Location     Type
  Slave           1    wreg     unsigned char 
  Pos             1    8[COMMON] unsigned char 
 Auto vars:     Size  Location     Type
  Slave           1   11[COMMON] unsigned char 
  LoBytex         1   13[COMMON] unsigned char 
  HiBytex         1   12[COMMON] unsigned char 
 Return value:  Size  Location     Type
                  1    wreg      void 
 Registers used:
		wreg, status,2, status,0, pclath, cstack
 Tracked objects:
		On entry : 
		On exit  : 
		Unchanged: 
 Data sizes:     COMMON   BANK0   BANK1   BANK2   BANK3   BANK4   BANK5   BANK6   BANK7   BANK8   BANK9  BANK10  BANK11  BANK12
      Params:         1       0       0       0       0       0       0       0       0       0       0       0       0       0
      Locals:         3       0       0       0       0       0       0       0       0       0       0       0       0       0
      Temps:          2       0       0       0       0       0       0       0       0       0       0       0       0       0
      Totals:         6       0       0       0       0       0       0       0       0       0       0       0       0       0
Total ram usage:        6 bytes
 Hardware stack levels used:    1
 Hardware stack levels required when called:    3
 This function calls:
		_I2C_LCD_Busy
		_i2c_Address
		_i2c_Start
		_i2c_Stop
		_i2c_Write
 This function is called by:
		_main
 This function uses a non-reentrant model


 *************** function _I2C_LCD_Init *****************
 Defined at:
		line 40 in file "i2c.h"
 Parameters:    Size  Location     Type
  Slave           1    wreg     unsigned char 
 Auto vars:     Size  Location     Type
  Slave           1   10[COMMON] unsigned char 
  Tvar1           1    9[COMMON] unsigned char 
 Return value:  Size  Location     Type
                  1    wreg      void 
 Registers used:
		wreg, status,2, status,0, pclath, cstack
 Tracked objects:
		On entry : 
		On exit  : 
		Unchanged: 
 Data sizes:     COMMON   BANK0   BANK1   BANK2   BANK3   BANK4   BANK5   BANK6   BANK7   BANK8   BANK9  BANK10  BANK11  BANK12
      Params:         0       0       0       0       0       0       0       0       0       0       0       0       0       0
      Locals:         2       0       0       0       0       0       0       0       0       0       0       0       0       0
      Temps:          1       0       0       0       0       0       0       0       0       0       0       0       0       0
      Totals:         3       0       0       0       0       0       0       0       0       0       0       0       0       0
Total ram usage:        3 bytes
 Hardware stack levels used:    1
 Hardware stack levels required when called:    3
 This function calls:
		_I2C_LCD_Busy
		_i2c_Address
		_i2c_Start
		_i2c_Stop
		_i2c_Write
 This function is called by:
		_main
 This function uses a non-reentrant model


 *************** function _I2C_LCD_Command *****************
 Defined at:
		line 98 in file "i2c.h"
 Parameters:    Size  Location     Type
  Slave           1    wreg     unsigned char 
  Cmd             1    8[COMMON] unsigned char 
 Auto vars:     Size  Location     Type
  Slave           1   11[COMMON] unsigned char 
  LoBytex         1   13[COMMON] unsigned char 
  HiBytex         1   12[COMMON] unsigned char 
 Return value:  Size  Location     Type
                  1    wreg      void 
 Registers used:
		wreg, status,2, status,0, pclath, cstack
 Tracked objects:
		On entry : 
		On exit  : 
		Unchanged: 
 Data sizes:     COMMON   BANK0   BANK1   BANK2   BANK3   BANK4   BANK5   BANK6   BANK7   BANK8   BANK9  BANK10  BANK11  BANK12
      Params:         1       0       0       0       0       0       0       0       0       0       0       0       0       0
      Locals:         3       0       0       0       0       0       0       0       0       0       0       0       0       0
      Temps:          2       0       0       0       0       0       0       0       0       0       0       0       0       0
      Totals:         6       0       0       0       0       0       0       0       0       0       0       0       0       0
Total ram usage:        6 bytes
 Hardware stack levels used:    1
 Hardware stack levels required when called:    3
 This function calls:
		_I2C_LCD_Busy
		_i2c_Address
		_i2c_Start
		_i2c_Stop
		_i2c_Write
 This function is called by:
		_main
 This function uses a non-reentrant model


 *************** function _I2C_LCD_Busy *****************
 Defined at:
		line 11 in file "i2c.h"
 Parameters:    Size  Location     Type
  Slave           1    wreg     unsigned char 
 Auto vars:     Size  Location     Type
  Slave           1    7[COMMON] unsigned char 
  read_byte       1    6[COMMON] unsigned char 
  Temp1           1    5[COMMON] unsigned char 
 Return value:  Size  Location     Type
                  1    wreg      unsigned char 
 Registers used:
		wreg, status,2, status,0, pclath, cstack
 Tracked objects:
		On entry : 
		On exit  : 
		Unchanged: 
 Data sizes:     COMMON   BANK0   BANK1   BANK2   BANK3   BANK4   BANK5   BANK6   BANK7   BANK8   BANK9  BANK10  BANK11  BANK12
      Params:         0       0       0       0       0       0       0       0       0       0       0       0       0       0
      Locals:         3       0       0       0       0       0       0       0       0       0       0       0       0       0
      Temps:          1       0       0       0       0       0       0       0       0       0       0       0       0       0
      Totals:         4       0       0       0       0       0       0       0       0       0       0       0       0       0
Total ram usage:        4 bytes
 Hardware stack levels used:    1
 Hardware stack levels required when called:    2
 This function calls:
		_i2c_Address
		_i2c_Read
		_i2c_Restart
		_i2c_Start
		_i2c_Stop
		_i2c_Write
 This function is called by:
		_I2C_LCD_Init
		_I2C_LCD_Pos
		_I2C_LCD_SWrite
		_I2C_LCD_Command
 This function uses a non-reentrant model


 *************** function _i2c_Write *****************
 Defined at:
		line 54 in file "i2c_LCD.h"
 Parameters:    Size  Location     Type
  data            1    wreg     unsigned char 
 Auto vars:     Size  Location     Type
  data            1    0[COMMON] unsigned char 
 Return value:  Size  Location     Type
                  1    wreg      void 
 Registers used:
		wreg, status,2, status,0, pclath, cstack
 Tracked objects:
		On entry : 
		On exit  : 
		Unchanged: 
 Data sizes:     COMMON   BANK0   BANK1   BANK2   BANK3   BANK4   BANK5   BANK6   BANK7   BANK8   BANK9  BANK10  BANK11  BANK12
      Params:         0       0       0       0       0       0       0       0       0       0       0       0       0       0
      Locals:         1       0       0       0       0       0       0       0       0       0       0       0       0       0
      Temps:          0       0       0       0       0       0       0       0       0       0       0       0       0       0
      Totals:         1       0       0       0       0       0       0       0       0       0       0       0       0       0
Total ram usage:        1 bytes
 Hardware stack levels used:    1
 Hardware stack levels required when called:    1
 This function calls:
		_i2c_Wait
 This function is called by:
		_I2C_LCD_Busy
		_I2C_LCD_Init
		_I2C_LCD_Pos
		_I2C_LCD_SWrite
		_I2C_LCD_Command
 This function uses a non-reentrant model


 *************** function _i2c_Stop *****************
 Defined at:
		line 47 in file "i2c_LCD.h"
 Parameters:    Size  Location     Type
		None
 Auto vars:     Size  Location     Type
		None
 Return value:  Size  Location     Type
                  1    wreg      void 
 Registers used:
		wreg, status,2, status,0, pclath, cstack
 Tracked objects:
		On entry : 
		On exit  : 
		Unchanged: 
 Data sizes:     COMMON   BANK0   BANK1   BANK2   BANK3   BANK4   BANK5   BANK6   BANK7   BANK8   BANK9  BANK10  BANK11  BANK12
      Params:         0       0       0       0       0       0       0       0       0       0       0       0       0       0
      Locals:         0       0       0       0       0       0       0       0       0       0       0       0       0       0
      Temps:          0       0       0       0       0       0       0       0       0       0       0       0       0       0
      Totals:         0       0       0       0       0       0       0       0       0       0       0       0       0       0
Total ram usage:        0 bytes
 Hardware stack levels used:    1
 Hardware stack levels required when called:    1
 This function calls:
		_i2c_Wait
 This function is called by:
		_I2C_LCD_Busy
		_I2C_LCD_Init
		_I2C_LCD_Pos
		_I2C_LCD_SWrite
		_I2C_LCD_Command
 This function uses a non-reentrant model


 *************** function _i2c_Start *****************
 Defined at:
		line 34 in file "i2c_LCD.h"
 Parameters:    Size  Location     Type
		None
 Auto vars:     Size  Location     Type
		None
 Return value:  Size  Location     Type
                  1    wreg      void 
 Registers used:
		wreg, status,2, status,0, pclath, cstack
 Tracked objects:
		On entry : 
		On exit  : 
		Unchanged: 
 Data sizes:     COMMON   BANK0   BANK1   BANK2   BANK3   BANK4   BANK5   BANK6   BANK7   BANK8   BANK9  BANK10  BANK11  BANK12
      Params:         0       0       0       0       0       0       0       0       0       0       0       0       0       0
      Locals:         0       0       0       0       0       0       0       0       0       0       0       0       0       0
      Temps:          0       0       0       0       0       0       0       0       0       0       0       0       0       0
      Totals:         0       0       0       0       0       0       0       0       0       0       0       0       0       0
Total ram usage:        0 bytes
 Hardware stack levels used:    1
 Hardware stack levels required when called:    1
 This function calls:
		_i2c_Wait
 This function is called by:
		_I2C_LCD_Busy
		_I2C_LCD_Init
		_I2C_LCD_Pos
		_I2C_LCD_SWrite
		_I2C_LCD_Command
 This function uses a non-reentrant model


 *************** function _i2c_Restart *****************
 Defined at:
		line 41 in file "i2c_LCD.h"
 Parameters:    Size  Location     Type
		None
 Auto vars:     Size  Location     Type
		None
 Return value:  Size  Location     Type
                  1    wreg      void 
 Registers used:
		wreg, status,2, status,0, pclath, cstack
 Tracked objects:
		On entry : 
		On exit  : 
		Unchanged: 
 Data sizes:     COMMON   BANK0   BANK1   BANK2   BANK3   BANK4   BANK5   BANK6   BANK7   BANK8   BANK9  BANK10  BANK11  BANK12
      Params:         0       0       0       0       0       0       0       0       0       0       0       0       0       0
      Locals:         0       0       0       0       0       0       0       0       0       0       0       0       0       0
      Temps:          0       0       0       0       0       0       0       0       0       0       0       0       0       0
      Totals:         0       0       0       0       0       0       0       0       0       0       0       0       0       0
Total ram usage:        0 bytes
 Hardware stack levels used:    1
 Hardware stack levels required when called:    1
 This function calls:
		_i2c_Wait
 This function is called by:
		_I2C_LCD_Busy
 This function uses a non-reentrant model


 *************** function _i2c_Read *****************
 Defined at:
		line 73 in file "i2c_LCD.h"
 Parameters:    Size  Location     Type
  ack             1    wreg     unsigned char 
 Auto vars:     Size  Location     Type
  ack             1    1[COMMON] unsigned char 
  i2cReadData     1    2[COMMON] unsigned char 
 Return value:  Size  Location     Type
                  1    wreg      unsigned char 
 Registers used:
		wreg, status,2, status,0, pclath, cstack
 Tracked objects:
		On entry : 
		On exit  : 
		Unchanged: 
 Data sizes:     COMMON   BANK0   BANK1   BANK2   BANK3   BANK4   BANK5   BANK6   BANK7   BANK8   BANK9  BANK10  BANK11  BANK12
      Params:         0       0       0       0       0       0       0       0       0       0       0       0       0       0
      Locals:         2       0       0       0       0       0       0       0       0       0       0       0       0       0
      Temps:          1       0       0       0       0       0       0       0       0       0       0       0       0       0
      Totals:         3       0       0       0       0       0       0       0       0       0       0       0       0       0
Total ram usage:        3 bytes
 Hardware stack levels used:    1
 Hardware stack levels required when called:    1
 This function calls:
		_i2c_Wait
 This function is called by:
		_I2C_LCD_Busy
 This function uses a non-reentrant model


 *************** function _i2c_Address *****************
 Defined at:
		line 62 in file "i2c_LCD.h"
 Parameters:    Size  Location     Type
  address         1    wreg     unsigned char 
  mode            1    0[COMMON] unsigned char 
 Auto vars:     Size  Location     Type
  address         1    2[COMMON] unsigned char 
  l_address       1    3[COMMON] unsigned char 
 Return value:  Size  Location     Type
                  1    wreg      void 
 Registers used:
		wreg, status,2, status,0, pclath, cstack
 Tracked objects:
		On entry : 
		On exit  : 
		Unchanged: 
 Data sizes:     COMMON   BANK0   BANK1   BANK2   BANK3   BANK4   BANK5   BANK6   BANK7   BANK8   BANK9  BANK10  BANK11  BANK12
      Params:         1       0       0       0       0       0       0       0       0       0       0       0       0       0
      Locals:         2       0       0       0       0       0       0       0       0       0       0       0       0       0
      Temps:          1       0       0       0       0       0       0       0       0       0       0       0       0       0
      Totals:         4       0       0       0       0       0       0       0       0       0       0       0       0       0
Total ram usage:        4 bytes
 Hardware stack levels used:    1
 Hardware stack levels required when called:    1
 This function calls:
		_i2c_Wait
 This function is called by:
		_I2C_LCD_Busy
		_I2C_LCD_Init
		_I2C_LCD_Pos
		_I2C_LCD_SWrite
		_I2C_LCD_Command
 This function uses a non-reentrant model


 *************** function _i2c_Wait *****************
 Defined at:
		line 29 in file "i2c_LCD.h"
 Parameters:    Size  Location     Type
		None
 Auto vars:     Size  Location     Type
		None
 Return value:  Size  Location     Type
                  1    wreg      void 
 Registers used:
		wreg, status,2
 Tracked objects:
		On entry : 
		On exit  : 
		Unchanged: 
 Data sizes:     COMMON   BANK0   BANK1   BANK2   BANK3   BANK4   BANK5   BANK6   BANK7   BANK8   BANK9  BANK10  BANK11  BANK12
      Params:         0       0       0       0       0       0       0       0       0       0       0       0       0       0
      Locals:         0       0       0       0       0       0       0       0       0       0       0       0       0       0
      Temps:          0       0       0       0       0       0       0       0       0       0       0       0       0       0
      Totals:         0       0       0       0       0       0       0       0       0       0       0       0       0       0
Total ram usage:        0 bytes
 Hardware stack levels used:    1
 This function calls:
		Nothing
 This function is called by:
		_i2c_Start
		_i2c_Restart
		_i2c_Stop
		_i2c_Write
		_i2c_Address
		_i2c_Read
 This function uses a non-reentrant model


 *************** function _ADC_Read *****************
 Defined at:
		line 55 in file "main.c"
 Parameters:    Size  Location     Type
		None
 Auto vars:     Size  Location     Type
		None
 Return value:  Size  Location     Type
                  2    0[COMMON] unsigned int 
 Registers used:
		wreg
 Tracked objects:
		On entry : 
		On exit  : 
		Unchanged: 
 Data sizes:     COMMON   BANK0   BANK1   BANK2   BANK3   BANK4   BANK5   BANK6   BANK7   BANK8   BANK9  BANK10  BANK11  BANK12
      Params:         2       0       0       0       0       0       0       0       0       0       0       0       0       0
      Locals:         0       0       0       0       0       0       0       0       0       0       0       0       0       0
      Temps:          1       0       0       0       0       0       0       0       0       0       0       0       0       0
      Totals:         3       0       0       0       0       0       0       0       0       0       0       0       0       0
Total ram usage:        3 bytes
 Hardware stack levels used:    1
 This function calls:
		Nothing
 This function is called by:
		_main
 This function uses a non-reentrant model


 *************** function _ADC_Initialize *****************
 Defined at:
		line 49 in file "main.c"
 Parameters:    Size  Location     Type
		None
 Auto vars:     Size  Location     Type
		None
 Return value:  Size  Location     Type
                  1    wreg      void 
 Registers used:
		wreg
 Tracked objects:
		On entry : 
		On exit  : 
		Unchanged: 
 Data sizes:     COMMON   BANK0   BANK1   BANK2   BANK3   BANK4   BANK5   BANK6   BANK7   BANK8   BANK9  BANK10  BANK11  BANK12
      Params:         0       0       0       0       0       0       0       0       0       0       0       0       0       0
      Locals:         0       0       0       0       0       0       0       0       0       0       0       0       0       0
      Temps:          0       0       0       0       0       0       0       0       0       0       0       0       0       0
      Totals:         0       0       0       0       0       0       0       0       0       0       0       0       0       0
Total ram usage:        0 bytes
 Hardware stack levels used:    1
 This function calls:
		Nothing
 This function is called by:
		_main
 This function uses a non-reentrant model



MODULE INFORMATION

Module		Function		Class		Link	Load	Size
i2c.h
		_I2C_LCD_SWrite		CODE           	0457	0000	92
		_I2C_LCD_Command		CODE           	031E	0000	53
		_I2C_LCD_Pos   		CODE           	0386	0000	56
		_I2C_LCD_Init  		CODE           	03BD	0000	68
		_I2C_LCD_Busy  		CODE           	0400	0000	88

i2c.h estimated size: 357

/opt/microchip/xc8/v1.45/sources/common/float.c
		___ftpack      		CODE           	04B2	0000	101

/opt/microchip/xc8/v1.45/sources/common/float.c estimated size: 101

/opt/microchip/xc8/v1.45/sources/common/awtoft.c
		___awtoft      		CODE           	02D2	0000	33

/opt/microchip/xc8/v1.45/sources/common/awtoft.c estimated size: 33

/opt/microchip/xc8/v1.45/sources/common/lwmod.c
		___lwmod       		CODE           	02F2	0000	45

/opt/microchip/xc8/v1.45/sources/common/lwmod.c estimated size: 45

/opt/microchip/xc8/v1.45/sources/common/ftdiv.c
		___ftdiv       		CODE           	059D	0000	170

/opt/microchip/xc8/v1.45/sources/common/ftdiv.c estimated size: 170

shared
		_dpowers       		STRCODE        	0800	0000	11
		__initialization		CODE           	07FD	0000	1

shared estimated size: 12

i2c_LCD.h
		_i2c_Address   		CODE           	0293	0000	16
		_i2c_Write     		CODE           	0278	0000	8
		_i2c_Stop      		CODE           	026D	0000	6
		_i2c_Wait      		CODE           	027F	0000	9
		_i2c_Read      		CODE           	02B6	0000	29
		_i2c_Init      		CODE           	0287	0000	13
		_i2c_Start     		CODE           	0268	0000	6
		_i2c_Restart   		CODE           	0263	0000	6

i2c_LCD.h estimated size: 93

/opt/microchip/xc8/v1.45/sources/common/fttol.c
		___fttol       		CODE           	0516	0000	136

/opt/microchip/xc8/v1.45/sources/common/fttol.c estimated size: 136

/opt/microchip/xc8/v1.45/sources/common/lwdiv.c
		___lwdiv       		CODE           	0352	0000	53

/opt/microchip/xc8/v1.45/sources/common/lwdiv.c estimated size: 53

/opt/microchip/xc8/v1.45/sources/common/doprnt.c
		_sprintf       		CODE           	0646	0000	206

/opt/microchip/xc8/v1.45/sources/common/doprnt.c estimated size: 206

main.c
		_ADC_Initialize		CODE           	0272	0000	7
		_main          		CODE           	0713	0000	235
		_ADC_Read      		CODE           	02A2	0000	21

main.c estimated size: 263

