Microchip MPLAB XC8 Compiler V1.45 ()

Linker command line:

-W-3 --edf=C:\Program Files (x86)\Microchip\xc8\v1.45\dat\en_msgs.txt -cs \
  -h+dist/default/production\Final_Project.X.production.sym \
  --cmf=dist/default/production\Final_Project.X.production.cmf -z -Q16F1829 \
  -oC:\Users\lexan\AppData\Local\Temp\sg1o.2 \
  -Mdist/default/production/Final_Project.X.production.map -E1 -ver=XC8 \
  -ASTACK=02019h-023efh -pstack=STACK -ACODE=00h-07FFhx4 \
  -ASTRCODE=00h-01FFFh -ASTRING=00h-0FFhx32 -ACONST=00h-0FFhx32 \
  -AENTRY=00h-0FFhx32 -ACOMMON=070h-07Fh -ABANK0=020h-06Fh \
  -ABANK1=0A0h-0EFh -ABANK2=0120h-016Fh -ABANK3=01A0h-01EFh \
  -ABANK4=0220h-026Fh -ABANK5=02A0h-02EFh -ABANK6=0320h-036Fh \
  -ABANK7=03A0h-03EFh -ABANK8=0420h-046Fh -ABANK9=04A0h-04EFh \
  -ABANK10=0520h-056Fh -ABANK11=05A0h-05EFh -ABANK12=0620h-064Fh \
  -ABIGRAM=02000h-023EFh \
  -ARAM=020h-06Fh,0A0h-0EFh,0120h-016Fh,01A0h-01EFh,0220h-026Fh,02A0h-02EFh,0320h-036Fh,03A0h-03EFh,0420h-046Fh,04A0h-04EFh,0520h-056Fh,05A0h-05EFh,0620h-064Fh \
  -AABS1=020h-07Fh,0A0h-0EFh,0120h-016Fh,01A0h-01EFh,0220h-026Fh,02A0h-02EFh,0320h-036Fh,03A0h-03EFh,0420h-046Fh,04A0h-04EFh,0520h-056Fh,05A0h-05EFh,0620h-064Fh \
  -ASFR0=00h-01Fh -ASFR1=080h-09Fh -ASFR2=0100h-011Fh -ASFR3=0180h-019Fh \
  -ASFR4=0200h-021Fh -ASFR5=0280h-029Fh -ASFR6=0300h-031Fh \
  -ASFR7=0380h-039Fh -ASFR8=0400h-041Fh -ASFR9=0480h-049Fh \
  -ASFR10=0500h-051Fh -ASFR11=0580h-059Fh -ASFR12=0600h-061Fh \
  -ASFR13=0680h-06EFh -ASFR14=0700h-076Fh -ASFR15=0780h-07EFh \
  -ASFR16=0800h-086Fh -ASFR17=0880h-08EFh -ASFR18=0900h-096Fh \
  -ASFR19=0980h-09EFh -ASFR20=0A00h-0A6Fh -ASFR21=0A80h-0AEFh \
  -ASFR22=0B00h-0B6Fh -ASFR23=0B80h-0BEFh -ASFR24=0C00h-0C6Fh \
  -ASFR25=0C80h-0CEFh -ASFR26=0D00h-0D6Fh -ASFR27=0D80h-0DEFh \
  -ASFR28=0E00h-0E6Fh -ASFR29=0E80h-0EEFh -ASFR30=0F00h-0F6Fh \
  -ASFR31=0F80h-0FEFh -preset_vec=00h,intentry,init,end_init -ppowerup=CODE \
  -pcinit=CODE -pfunctab=ENTRY -ACONFIG=08007h-08008h -pconfig=CONFIG \
  -DCONFIG=2 -AIDLOC=08000h-08003h -pidloc=IDLOC -DIDLOC=2 \
  -AEEDATA=00h-0FFh/0F000h -peeprom_data=EEDATA -DEEDATA=2 -DCODE=2 \
  -DSTRCODE=2 -DSTRING=2 -DCONST=2 -DENTRY=2 -k \
  C:\Users\lexan\AppData\Local\Temp\sg1o.obj \
  dist/default/production\Final_Project.X.production.obj 

Object code version is 3.11

Machine type is 16F1829



                Name                               Link     Load   Length Selector   Space Scale
C:\Users\lexan\AppData\Local\Temp\sg1o.obj
                end_init                              2        2        2        0       0
                reset_vec                             0        0        2        0       0
                config                             8007     8007        2    1000E       0
dist/default/production\Final_Project.X.production.obj
                cinit                               7FD      7FD        3      FFA       0
                text14                              609      609        6      C12       0
                text13                              639      639       13      C72       0
                text12                              616      616        8      C2C       0
                text11                              62A      62A        F      C54       0
                text10                              64C      64C       1C      C98       0
                text9                               5FA      5FA        5      BF4       0
                text8                               5FF      5FF        5      BFE       0
                text7                               604      604        5      C08       0
                text6                               60F      60F        7      C1E       0
                text5                               707      707       57      E0E       0
                text4                               690      690       34      D20       0
                text3                               6C4      6C4       43      D88       0
                text2                               61E      61E        C      C3C       0
                text1                               668      668       28      CD0       0
                maintext                            75E      75E       9F      EBC       0
                cstackBANK0                          20       20       19       20       1
                cstackCOMMON                         70       70        E       70       1
                stringtext2                         808      808        8     1000       0
                stringtext1                         800      800        8     1000       0

TOTAL           Name                               Link     Load   Length     Space
        CLASS   STACK          

        CLASS   CODE           
                end_init                              2        2        2         0
                cinit                               7FD      7FD        3         0
                reset_vec                             0        0        2         0
                text14                              609      609        6         0
                text13                              639      639       13         0
                text12                              616      616        8         0
                text11                              62A      62A        F         0
                text10                              64C      64C       1C         0
                text9                               5FA      5FA        5         0
                text8                               5FF      5FF        5         0
                text7                               604      604        5         0
                text6                               60F      60F        7         0
                text5                               707      707       57         0
                text4                               690      690       34         0
                text3                               6C4      6C4       43         0
                text2                               61E      61E        C         0
                text1                               668      668       28         0
                maintext                            75E      75E       9F         0

        CLASS   STRCODE        
                stringtext2                         808      808        8         0
                stringtext1                         800      800        8         0

        CLASS   STRING         

        CLASS   CONST          

        CLASS   ENTRY          

        CLASS   COMMON         
                cstackCOMMON                         70       70        E         1

        CLASS   BANK0          
                cstackBANK0                          20       20       19         1

        CLASS   BANK1          

        CLASS   BANK2          

        CLASS   BANK3          

        CLASS   BANK4          

        CLASS   BANK5          

        CLASS   BANK6          

        CLASS   BANK7          

        CLASS   BANK8          

        CLASS   BANK9          

        CLASS   BANK10         

        CLASS   BANK11         

        CLASS   BANK12         

        CLASS   BIGRAM         

        CLASS   RAM            

        CLASS   ABS1           
                abs_s1                               7E       7E        2         1

        CLASS   SFR0           

        CLASS   SFR1           

        CLASS   SFR2           

        CLASS   SFR3           

        CLASS   SFR4           

        CLASS   SFR5           

        CLASS   SFR6           

        CLASS   SFR7           

        CLASS   SFR8           

        CLASS   SFR9           

        CLASS   SFR10          

        CLASS   SFR11          

        CLASS   SFR12          

        CLASS   SFR13          

        CLASS   SFR14          

        CLASS   SFR15          

        CLASS   SFR16          

        CLASS   SFR17          

        CLASS   SFR18          

        CLASS   SFR19          

        CLASS   SFR20          

        CLASS   SFR21          

        CLASS   SFR22          

        CLASS   SFR23          

        CLASS   SFR24          

        CLASS   SFR25          

        CLASS   SFR26          

        CLASS   SFR27          

        CLASS   SFR28          

        CLASS   SFR29          

        CLASS   SFR30          

        CLASS   SFR31          

        CLASS   CONFIG         
                config                             8007     8007        2         0

        CLASS   IDLOC          

        CLASS   EEDATA         

        CLASS   BANK31         

        CLASS   BANK30         

        CLASS   BANK29         

        CLASS   BANK28         

        CLASS   BANK27         

        CLASS   BANK26         

        CLASS   BANK25         

        CLASS   BANK24         

        CLASS   BANK23         

        CLASS   BANK22         

        CLASS   BANK21         

        CLASS   BANK20         

        CLASS   BANK19         

        CLASS   BANK18         

        CLASS   BANK17         

        CLASS   BANK16         

        CLASS   BANK15         

        CLASS   BANK14         

        CLASS   BANK13         



SEGMENTS        Name                           Load    Length   Top    Selector   Space  Class     Delta

                reset_vec                      000000  000004  000004         0       0  CODE        2
                cstackBANK0                    000020  000019  000039        20       1  BANK0       1
                cstackCOMMON                   000070  00000E  00007E        70       1  COMMON      1
                text9                          0005FA  000005  0005FF       BF4       0  CODE        2
                text8                          0005FF  000005  000604       BFE       0  CODE        2
                text7                          000604  000005  000609       C08       0  CODE        2
                text14                         000609  000006  00060F       C12       0  CODE        2
                text6                          00060F  000007  000616       C1E       0  CODE        2
                text12                         000616  000008  00061E       C2C       0  CODE        2
                text2                          00061E  00000C  00062A       C3C       0  CODE        2
                text11                         00062A  00000F  000639       C54       0  CODE        2
                text13                         000639  000013  00064C       C72       0  CODE        2
                text10                         00064C  00001C  000668       C98       0  CODE        2
                text1                          000668  000028  000690       CD0       0  CODE        2
                text4                          000690  000034  0006C4       D20       0  CODE        2
                text3                          0006C4  000043  000707       D88       0  CODE        2
                text5                          000707  000057  00075E       E0E       0  CODE        2
                maintext                       00075E  00009F  0007FD       EBC       0  CODE        2
                cinit                          0007FD  000003  000800       FFA       0  CODE        2
                stringtext1                    000800  000010  000810      1000       0  STRCODE     2
                config                         008007  000002  008009     1000E       0  CONFIG      2


UNUSED ADDRESS RANGES

        Name                Unused          Largest block    Delta
        BANK0            00039-0006F              37           1
        BANK1            000A0-000EF              50           1
        BANK10           00520-0056F              50           1
        BANK11           005A0-005EF              50           1
        BANK12           00620-0064F              30           1
        BANK2            00120-0016F              50           1
        BANK3            001A0-001EF              50           1
        BANK4            00220-0026F              50           1
        BANK5            002A0-002EF              50           1
        BANK6            00320-0036F              50           1
        BANK7            003A0-003EF              50           1
        BANK8            00420-0046F              50           1
        BANK9            004A0-004EF              50           1
        BIGRAM           02000-023EF             3F0           1
        CODE             00004-005F9             5F6           2
                         00810-01FFF             800
        CONST            00004-005F9             100           2
                         00810-01FFF             100
        EEDATA           0F000-0F0FF             100           2
        ENTRY            00004-005F9             100           2
                         00810-01FFF             100
        IDLOC            08000-08003               4           2
        RAM              00039-0006F              37           1
                         000A0-000EF              50
                         00120-0016F              50
                         001A0-001EF              50
                         00220-0026F              50
                         002A0-002EF              50
                         00320-0036F              50
                         003A0-003EF              50
                         00420-0046F              50
                         004A0-004EF              50
                         00520-0056F              50
                         005A0-005EF              50
                         00620-0064F              30
        SFR0             00000-0001F              20           1
        SFR1             00080-0009F              20           1
        SFR10            00500-0051F              20           1
        SFR11            00580-0059F              20           1
        SFR12            00600-0061F              20           1
        SFR13            00680-006EF              70           1
        SFR14            00700-0076F              70           1
        SFR15            00780-007EF              70           1
        SFR16            00800-0086F              70           1
        SFR17            00880-008EF              70           1
        SFR18            00900-0096F              70           1
        SFR19            00980-009EF              70           1
        SFR2             00100-0011F              20           1
        SFR20            00A00-00A6F              70           1
        SFR21            00A80-00AEF              70           1
        SFR22            00B00-00B6F              70           1
        SFR23            00B80-00BEF              70           1
        SFR24            00C00-00C6F              70           1
        SFR25            00C80-00CEF              70           1
        SFR26            00D00-00D6F              70           1
        SFR27            00D80-00DEF              70           1
        SFR28            00E00-00E6F              70           1
        SFR29            00E80-00EEF              70           1
        SFR3             00180-0019F              20           1
        SFR30            00F00-00F6F              70           1
        SFR31            00F80-00FEF              70           1
        SFR4             00200-0021F              20           1
        SFR5             00280-0029F              20           1
        SFR6             00300-0031F              20           1
        SFR7             00380-0039F              20           1
        SFR8             00400-0041F              20           1
        SFR9             00480-0049F              20           1
        STACK            02019-023EF             3D7           1
        STRCODE          00004-005F9             5F6           2
                         00810-01FFF            17F0
        STRING           00004-005F9             100           2
                         00810-01FFF             100

                                  Symbol Table

?_ADC_Read                cstackCOMMON 00070
?_sprintf                 cstackCOMMON 00070
I2C_LCD_Busy@Slave        cstackCOMMON 00077
I2C_LCD_Busy@Temp1        cstackCOMMON 00075
I2C_LCD_Busy@read_byte    cstackCOMMON 00076
I2C_LCD_Command@Cmd       cstackCOMMON 00078
I2C_LCD_Command@HiBytex   cstackCOMMON 0007C
I2C_LCD_Command@LoBytex   cstackCOMMON 0007D
I2C_LCD_Command@Slave     cstackCOMMON 0007B
I2C_LCD_Init@Slave        cstackCOMMON 0007A
I2C_LCD_Init@Tvar1        cstackCOMMON 00079
_ADCON0                   (abs)        0009D
_ADCON1                   (abs)        0009E
_ADC_Initialize           text14       00609
_ADC_Read                 text13       00639
_ADRESH                   (abs)        0009C
_ADRESL                   (abs)        0009B
_ANSELC                   (abs)        0018E
_GO_nDONE                 (abs)        004E9
_I2C_LCD_Busy             text5        00707
_I2C_LCD_Command          text4        00690
_I2C_LCD_Init             text3        006C4
_OSCCON                   (abs)        00099
_RB7                      (abs)        0006F
_RC0                      (abs)        00070
_SSP1ADD                  (abs)        00212
_SSP1BUF                  (abs)        00211
_SSP1CON1                 (abs)        00215
_SSP1CON2                 (abs)        00216
_SSP1CON2bits             (abs)        00216
_SSP1STAT                 (abs)        00214
_TRISA                    (abs)        0008C
_TRISA5                   (abs)        00465
_TRISB4                   (abs)        0046C
_TRISB6                   (abs)        0046E
_TRISC                    (abs)        0008E
_TRISC2                   (abs)        00472
_TRISC3                   (abs)        00473
__CFG_BOREN$OFF           (abs)        00000
__CFG_BORV$LO             (abs)        00000
__CFG_CLKOUTEN$OFF        (abs)        00000
__CFG_CP$OFF              (abs)        00000
__CFG_CPD$OFF             (abs)        00000
__CFG_FCMEN$OFF           (abs)        00000
__CFG_FOSC$INTOSC         (abs)        00000
__CFG_IESO$OFF            (abs)        00000
__CFG_LVP$ON              (abs)        00000
__CFG_MCLRE$ON            (abs)        00000
__CFG_PLLEN$OFF           (abs)        00000
__CFG_PWRTE$OFF           (abs)        00000
__CFG_STVREN$ON           (abs)        00000
__CFG_WDTE$OFF            (abs)        00000
__CFG_WRT$OFF             (abs)        00000
__Habs1                   abs1         00000
__Hbank0                  bank0        00000
__Hbank1                  bank1        00000
__Hbank10                 bank10       00000
__Hbank11                 bank11       00000
__Hbank12                 bank12       00000
__Hbank13                 bank13       00000
__Hbank14                 bank14       00000
__Hbank15                 bank15       00000
__Hbank16                 bank16       00000
__Hbank17                 bank17       00000
__Hbank18                 bank18       00000
__Hbank19                 bank19       00000
__Hbank2                  bank2        00000
__Hbank20                 bank20       00000
__Hbank21                 bank21       00000
__Hbank22                 bank22       00000
__Hbank23                 bank23       00000
__Hbank24                 bank24       00000
__Hbank25                 bank25       00000
__Hbank26                 bank26       00000
__Hbank27                 bank27       00000
__Hbank28                 bank28       00000
__Hbank29                 bank29       00000
__Hbank3                  bank3        00000
__Hbank30                 bank30       00000
__Hbank31                 bank31       00000
__Hbank4                  bank4        00000
__Hbank5                  bank5        00000
__Hbank6                  bank6        00000
__Hbank7                  bank7        00000
__Hbank8                  bank8        00000
__Hbank9                  bank9        00000
__Hbigram                 bigram       00000
__Hcinit                  cinit        00800
__Hclrtext                clrtext      00000
__Hcode                   code         00000
__Hcommon                 common       00000
__Hconfig                 config       08009
__HcstackBANK0            cstackBANK0  00000
__HcstackCOMMON           cstackCOMMON 00000
__Heeprom_data            eeprom_data  00000
__Hend_init               end_init     00004
__Hfunctab                functab      00000
__Hidloc                  idloc        00000
__Hinit                   init         00002
__Hintentry               intentry     00002
__Hmaintext               maintext     00000
__Hpowerup                powerup      00000
__Hram                    ram          00000
__Hreset_vec              reset_vec    00002
__Hsfr0                   sfr0         00000
__Hsfr1                   sfr1         00000
__Hsfr10                  sfr10        00000
__Hsfr11                  sfr11        00000
__Hsfr12                  sfr12        00000
__Hsfr13                  sfr13        00000
__Hsfr14                  sfr14        00000
__Hsfr15                  sfr15        00000
__Hsfr16                  sfr16        00000
__Hsfr17                  sfr17        00000
__Hsfr18                  sfr18        00000
__Hsfr19                  sfr19        00000
__Hsfr2                   sfr2         00000
__Hsfr20                  sfr20        00000
__Hsfr21                  sfr21        00000
__Hsfr22                  sfr22        00000
__Hsfr23                  sfr23        00000
__Hsfr24                  sfr24        00000
__Hsfr25                  sfr25        00000
__Hsfr26                  sfr26        00000
__Hsfr27                  sfr27        00000
__Hsfr28                  sfr28        00000
__Hsfr29                  sfr29        00000
__Hsfr3                   sfr3         00000
__Hsfr30                  sfr30        00000
__Hsfr31                  sfr31        00000
__Hsfr4                   sfr4         00000
__Hsfr5                   sfr5         00000
__Hsfr6                   sfr6         00000
__Hsfr7                   sfr7         00000
__Hsfr8                   sfr8         00000
__Hsfr9                   sfr9         00000
__Hspace_0                (abs)        08009
__Hspace_1                (abs)        0007E
__Hspace_2                (abs)        00000
__Hspace_3                (abs)        00000
__Hstack                  stack        00000
__Hstrings                strings      00000
__Hstringtext1            stringtext1  00000
__Hstringtext2            stringtext2  00000
__Hstringtext3            stringtext3  00000
__Htext                   text         00000
__Labs1                   abs1         00000
__Lbank0                  bank0        00000
__Lbank1                  bank1        00000
__Lbank10                 bank10       00000
__Lbank11                 bank11       00000
__Lbank12                 bank12       00000
__Lbank13                 bank13       00000
__Lbank14                 bank14       00000
__Lbank15                 bank15       00000
__Lbank16                 bank16       00000
__Lbank17                 bank17       00000
__Lbank18                 bank18       00000
__Lbank19                 bank19       00000
__Lbank2                  bank2        00000
__Lbank20                 bank20       00000
__Lbank21                 bank21       00000
__Lbank22                 bank22       00000
__Lbank23                 bank23       00000
__Lbank24                 bank24       00000
__Lbank25                 bank25       00000
__Lbank26                 bank26       00000
__Lbank27                 bank27       00000
__Lbank28                 bank28       00000
__Lbank29                 bank29       00000
__Lbank3                  bank3        00000
__Lbank30                 bank30       00000
__Lbank31                 bank31       00000
__Lbank4                  bank4        00000
__Lbank5                  bank5        00000
__Lbank6                  bank6        00000
__Lbank7                  bank7        00000
__Lbank8                  bank8        00000
__Lbank9                  bank9        00000
__Lbigram                 bigram       00000
__Lcinit                  cinit        007FD
__Lclrtext                clrtext      00000
__Lcode                   code         00000
__Lcommon                 common       00000
__Lconfig                 config       08007
__LcstackBANK0            cstackBANK0  00000
__LcstackCOMMON           cstackCOMMON 00000
__Leeprom_data            eeprom_data  00000
__Lend_init               end_init     00002
__Lfunctab                functab      00000
__Lidloc                  idloc        00000
__Linit                   init         00002
__Lintentry               intentry     00002
__Lmaintext               maintext     00000
__Lpowerup                powerup      00000
__Lram                    ram          00000
__Lreset_vec              reset_vec    00000
__Lsfr0                   sfr0         00000
__Lsfr1                   sfr1         00000
__Lsfr10                  sfr10        00000
__Lsfr11                  sfr11        00000
__Lsfr12                  sfr12        00000
__Lsfr13                  sfr13        00000
__Lsfr14                  sfr14        00000
__Lsfr15                  sfr15        00000
__Lsfr16                  sfr16        00000
__Lsfr17                  sfr17        00000
__Lsfr18                  sfr18        00000
__Lsfr19                  sfr19        00000
__Lsfr2                   sfr2         00000
__Lsfr20                  sfr20        00000
__Lsfr21                  sfr21        00000
__Lsfr22                  sfr22        00000
__Lsfr23                  sfr23        00000
__Lsfr24                  sfr24        00000
__Lsfr25                  sfr25        00000
__Lsfr26                  sfr26        00000
__Lsfr27                  sfr27        00000
__Lsfr28                  sfr28        00000
__Lsfr29                  sfr29        00000
__Lsfr3                   sfr3         00000
__Lsfr30                  sfr30        00000
__Lsfr31                  sfr31        00000
__Lsfr4                   sfr4         00000
__Lsfr5                   sfr5         00000
__Lsfr6                   sfr6         00000
__Lsfr7                   sfr7         00000
__Lsfr8                   sfr8         00000
__Lsfr9                   sfr9         00000
__Lspace_0                (abs)        00000
__Lspace_1                (abs)        00000
__Lspace_2                (abs)        00000
__Lspace_3                (abs)        00000
__Lstack                  stack        00000
__Lstrings                strings      00000
__Lstringtext1            stringtext1  00000
__Lstringtext2            stringtext2  00000
__Lstringtext3            stringtext3  00000
__Ltext                   text         00000
__S0                      (abs)        08009
__S1                      (abs)        0007E
__S2                      (abs)        00000
__S3                      (abs)        00000
___int_sp                 stack        00000
___latbits                (abs)        00002
___sp                     stack        00000
__end_of_ADC_Initialize   text14       0060F
__end_of_ADC_Read         text13       0064C
__end_of_I2C_LCD_Busy     text5        0075E
__end_of_I2C_LCD_Command  text4        006C4
__end_of_I2C_LCD_Init     text3        00707
__end_of__initialization  cinit        007FD
__end_of_i2c_Address      text11       00639
__end_of_i2c_Init         text2        0062A
__end_of_i2c_Read         text10       00668
__end_of_i2c_Restart      text9        005FF
__end_of_i2c_Start        text8        00604
__end_of_i2c_Stop         text7        00609
__end_of_i2c_Wait         text12       0061E
__end_of_i2c_Write        text6        00616
__end_of_main             maintext     007FD
__end_of_sprintf          text1        00690
__initialization          cinit        007FD
__pcstackBANK0            cstackBANK0  00020
__pcstackCOMMON           cstackCOMMON 00070
__pmaintext               maintext     0075E
__pstringtext1            stringtext1  00800
__pstringtext2            stringtext2  00808
__pstringtext3            stringtext3  00000
__ptext1                  text1        00668
__ptext10                 text10       0064C
__ptext11                 text11       0062A
__ptext12                 text12       00616
__ptext13                 text13       00639
__ptext14                 text14       00609
__ptext2                  text2        0061E
__ptext3                  text3        006C4
__ptext4                  text4        00690
__ptext5                  text5        00707
__ptext6                  text6        0060F
__ptext7                  text7        00604
__ptext8                  text8        005FF
__ptext9                  text9        005FA
__size_of_ADC_Initialize  (abs)        00000
__size_of_ADC_Read        (abs)        00000
__size_of_I2C_LCD_Busy    (abs)        00000
__size_of_I2C_LCD_Command (abs)        00000
__size_of_I2C_LCD_Init    (abs)        00000
__size_of_i2c_Address     (abs)        00000
__size_of_i2c_Init        (abs)        00000
__size_of_i2c_Read        (abs)        00000
__size_of_i2c_Restart     (abs)        00000
__size_of_i2c_Start       (abs)        00000
__size_of_i2c_Stop        (abs)        00000
__size_of_i2c_Wait        (abs)        00000
__size_of_i2c_Write       (abs)        00000
__size_of_main            (abs)        00000
__size_of_sprintf         (abs)        00000
_i2c_Address              text11       0062A
_i2c_Init                 text2        0061E
_i2c_Read                 text10       0064C
_i2c_Restart              text9        005FA
_i2c_Start                text8        005FF
_i2c_Stop                 text7        00604
_i2c_Wait                 text12       00616
_i2c_Write                text6        0060F
_main                     maintext     0075E
_sprintf                  text1        00668
btemp                     (abs)        0007E
end_of_initialization     cinit        007FD
i2c_Address@address       cstackCOMMON 00072
i2c_Address@l_address     cstackCOMMON 00073
i2c_Address@mode          cstackCOMMON 00070
i2c_Read@ack              cstackCOMMON 00071
i2c_Read@i2cReadData      cstackCOMMON 00072
i2c_Write@data            cstackCOMMON 00070
intlevel0                 functab      00000
intlevel1                 functab      00000
intlevel2                 functab      00000
intlevel3                 functab      00000
intlevel4                 functab      00000
intlevel5                 functab      00000
main@Sout                 cstackBANK0  00022
main@Sptr                 cstackBANK0  00034
main@adc_value            cstackBANK0  00032
main@i                    cstackBANK0  00035
main@i_146                cstackBANK0  00037
reset_vec                 reset_vec    00000
sprintf@ap                cstackCOMMON 00075
sprintf@c                 cstackCOMMON 00076
sprintf@f                 cstackCOMMON 00070
sprintf@sp                cstackCOMMON 00077
stackhi                   (abs)        023EF
stacklo                   (abs)        02019
start                     init         00002
start_initialization      cinit        007FD
wtemp0                    (abs)        0007E


FUNCTION INFORMATION:

 *************** function _main *****************
 Defined at:
		line 65 in file "Final Prject main.c"
 Parameters:    Size  Location     Type
		None
 Auto vars:     Size  Location     Type
  i               2   23[BANK0 ] int 
  i               2   21[BANK0 ] int 
  Sout           16    2[BANK0 ] unsigned char [16]
  adc_value       2   18[BANK0 ] unsigned int 
  z               2    0        int 
  Sptr            1   20[BANK0 ] PTR unsigned char 
		 -> main@Sout(16), 
 Return value:  Size  Location     Type
                  1    wreg      void 
 Registers used:
		wreg, fsr0l, fsr0h, fsr1l, fsr1h, status,2, status,0, pclath, cstack
 Tracked objects:
		On entry : 
		On exit  : 
		Unchanged: 
 Data sizes:     COMMON   BANK0   BANK1   BANK2   BANK3   BANK4   BANK5   BANK6   BANK7   BANK8   BANK9  BANK10  BANK11  BANK12
      Params:         0       0       0       0       0       0       0       0       0       0       0       0       0       0
      Locals:         0      23       0       0       0       0       0       0       0       0       0       0       0       0
      Temps:          0       2       0       0       0       0       0       0       0       0       0       0       0       0
      Totals:         0      25       0       0       0       0       0       0       0       0       0       0       0       0
Total ram usage:       25 bytes
 Hardware stack levels required when called:    4
 This function calls:
		_ADC_Initialize
		_ADC_Read
		_I2C_LCD_Command
		_I2C_LCD_Init
		_i2c_Init
		_sprintf
 This function is called by:
		Startup code after reset
 This function uses a non-reentrant model


 *************** function _sprintf *****************
 Defined at:
		line 492 in file "C:\Program Files (x86)\Microchip\xc8\v1.45\sources\common\doprnt.c"
 Parameters:    Size  Location     Type
  sp              1    wreg     PTR unsigned char 
		 -> main@Sout(16), 
  f               2    0[COMMON] PTR const unsigned char 
		 -> STR_2(8), STR_1(8), 
 Auto vars:     Size  Location     Type
  sp              1    7[COMMON] PTR unsigned char 
		 -> main@Sout(16), 
  tmpval          4    0        struct .
  cp              2    0        PTR const unsigned char 
  len             2    0        unsigned int 
  val             2    0        unsigned int 
  c               1    6[COMMON] char 
  ap              1    5[COMMON] PTR void [1]
		 -> ?_sprintf(2), 
  flag            1    0        unsigned char 
  prec            1    0        char 
 Return value:  Size  Location     Type
                  2    0[COMMON] int 
 Registers used:
		wreg, fsr0l, fsr0h, fsr1l, fsr1h, status,2, status,0, pclath
 Tracked objects:
		On entry : 
		On exit  : 
		Unchanged: 
 Data sizes:     COMMON   BANK0   BANK1   BANK2   BANK3   BANK4   BANK5   BANK6   BANK7   BANK8   BANK9  BANK10  BANK11  BANK12
      Params:         2       0       0       0       0       0       0       0       0       0       0       0       0       0
      Locals:         3       0       0       0       0       0       0       0       0       0       0       0       0       0
      Temps:          3       0       0       0       0       0       0       0       0       0       0       0       0       0
      Totals:         8       0       0       0       0       0       0       0       0       0       0       0       0       0
Total ram usage:        8 bytes
 Hardware stack levels used:    1
 This function calls:
		Nothing
 This function is called by:
		_main
 This function uses a non-reentrant model


 *************** function _i2c_Init *****************
 Defined at:
		line 12 in file "i2c_LCD.h"
 Parameters:    Size  Location     Type
		None
 Auto vars:     Size  Location     Type
		None
 Return value:  Size  Location     Type
                  1    wreg      void 
 Registers used:
		wreg, status,2
 Tracked objects:
		On entry : 
		On exit  : 
		Unchanged: 
 Data sizes:     COMMON   BANK0   BANK1   BANK2   BANK3   BANK4   BANK5   BANK6   BANK7   BANK8   BANK9  BANK10  BANK11  BANK12
      Params:         0       0       0       0       0       0       0       0       0       0       0       0       0       0
      Locals:         0       0       0       0       0       0       0       0       0       0       0       0       0       0
      Temps:          0       0       0       0       0       0       0       0       0       0       0       0       0       0
      Totals:         0       0       0       0       0       0       0       0       0       0       0       0       0       0
Total ram usage:        0 bytes
 Hardware stack levels used:    1
 This function calls:
		Nothing
 This function is called by:
		_main
 This function uses a non-reentrant model


 *************** function _I2C_LCD_Init *****************
 Defined at:
		line 40 in file "i2c.h"
 Parameters:    Size  Location     Type
  Slave           1    wreg     unsigned char 
 Auto vars:     Size  Location     Type
  Slave           1   10[COMMON] unsigned char 
  Tvar1           1    9[COMMON] unsigned char 
 Return value:  Size  Location     Type
                  1    wreg      void 
 Registers used:
		wreg, status,2, status,0, pclath, cstack
 Tracked objects:
		On entry : 
		On exit  : 
		Unchanged: 
 Data sizes:     COMMON   BANK0   BANK1   BANK2   BANK3   BANK4   BANK5   BANK6   BANK7   BANK8   BANK9  BANK10  BANK11  BANK12
      Params:         0       0       0       0       0       0       0       0       0       0       0       0       0       0
      Locals:         2       0       0       0       0       0       0       0       0       0       0       0       0       0
      Temps:          1       0       0       0       0       0       0       0       0       0       0       0       0       0
      Totals:         3       0       0       0       0       0       0       0       0       0       0       0       0       0
Total ram usage:        3 bytes
 Hardware stack levels used:    1
 Hardware stack levels required when called:    3
 This function calls:
		_I2C_LCD_Busy
		_i2c_Address
		_i2c_Start
		_i2c_Stop
		_i2c_Write
 This function is called by:
		_main
 This function uses a non-reentrant model


 *************** function _I2C_LCD_Command *****************
 Defined at:
		line 98 in file "i2c.h"
 Parameters:    Size  Location     Type
  Slave           1    wreg     unsigned char 
  Cmd             1    8[COMMON] unsigned char 
 Auto vars:     Size  Location     Type
  Slave           1   11[COMMON] unsigned char 
  LoBytex         1   13[COMMON] unsigned char 
  HiBytex         1   12[COMMON] unsigned char 
 Return value:  Size  Location     Type
                  1    wreg      void 
 Registers used:
		wreg, status,2, status,0, pclath, cstack
 Tracked objects:
		On entry : 
		On exit  : 
		Unchanged: 
 Data sizes:     COMMON   BANK0   BANK1   BANK2   BANK3   BANK4   BANK5   BANK6   BANK7   BANK8   BANK9  BANK10  BANK11  BANK12
      Params:         1       0       0       0       0       0       0       0       0       0       0       0       0       0
      Locals:         3       0       0       0       0       0       0       0       0       0       0       0       0       0
      Temps:          2       0       0       0       0       0       0       0       0       0       0       0       0       0
      Totals:         6       0       0       0       0       0       0       0       0       0       0       0       0       0
Total ram usage:        6 bytes
 Hardware stack levels used:    1
 Hardware stack levels required when called:    3
 This function calls:
		_I2C_LCD_Busy
		_i2c_Address
		_i2c_Start
		_i2c_Stop
		_i2c_Write
 This function is called by:
		_main
 This function uses a non-reentrant model


 *************** function _I2C_LCD_Busy *****************
 Defined at:
		line 11 in file "i2c.h"
 Parameters:    Size  Location     Type
  Slave           1    wreg     unsigned char 
 Auto vars:     Size  Location     Type
  Slave           1    7[COMMON] unsigned char 
  read_byte       1    6[COMMON] unsigned char 
  Temp1           1    5[COMMON] unsigned char 
 Return value:  Size  Location     Type
                  1    wreg      unsigned char 
 Registers used:
		wreg, status,2, status,0, pclath, cstack
 Tracked objects:
		On entry : 
		On exit  : 
		Unchanged: 
 Data sizes:     COMMON   BANK0   BANK1   BANK2   BANK3   BANK4   BANK5   BANK6   BANK7   BANK8   BANK9  BANK10  BANK11  BANK12
      Params:         0       0       0       0       0       0       0       0       0       0       0       0       0       0
      Locals:         3       0       0       0       0       0       0       0       0       0       0       0       0       0
      Temps:          1       0       0       0       0       0       0       0       0       0       0       0       0       0
      Totals:         4       0       0       0       0       0       0       0       0       0       0       0       0       0
Total ram usage:        4 bytes
 Hardware stack levels used:    1
 Hardware stack levels required when called:    2
 This function calls:
		_i2c_Address
		_i2c_Read
		_i2c_Restart
		_i2c_Start
		_i2c_Stop
		_i2c_Write
 This function is called by:
		_I2C_LCD_Init
		_I2C_LCD_Command
		_I2C_LCD_Pos
		_I2C_LCD_SWrite
 This function uses a non-reentrant model


 *************** function _i2c_Write *****************
 Defined at:
		line 54 in file "i2c_LCD.h"
 Parameters:    Size  Location     Type
  data            1    wreg     unsigned char 
 Auto vars:     Size  Location     Type
  data            1    0[COMMON] unsigned char 
 Return value:  Size  Location     Type
                  1    wreg      void 
 Registers used:
		wreg, status,2, status,0, pclath, cstack
 Tracked objects:
		On entry : 
		On exit  : 
		Unchanged: 
 Data sizes:     COMMON   BANK0   BANK1   BANK2   BANK3   BANK4   BANK5   BANK6   BANK7   BANK8   BANK9  BANK10  BANK11  BANK12
      Params:         0       0       0       0       0       0       0       0       0       0       0       0       0       0
      Locals:         1       0       0       0       0       0       0       0       0       0       0       0       0       0
      Temps:          0       0       0       0       0       0       0       0       0       0       0       0       0       0
      Totals:         1       0       0       0       0       0       0       0       0       0       0       0       0       0
Total ram usage:        1 bytes
 Hardware stack levels used:    1
 Hardware stack levels required when called:    1
 This function calls:
		_i2c_Wait
 This function is called by:
		_I2C_LCD_Busy
		_I2C_LCD_Init
		_I2C_LCD_Command
		_I2C_LCD_Pos
		_I2C_LCD_SWrite
 This function uses a non-reentrant model


 *************** function _i2c_Stop *****************
 Defined at:
		line 47 in file "i2c_LCD.h"
 Parameters:    Size  Location     Type
		None
 Auto vars:     Size  Location     Type
		None
 Return value:  Size  Location     Type
                  1    wreg      void 
 Registers used:
		wreg, status,2, status,0, pclath, cstack
 Tracked objects:
		On entry : 
		On exit  : 
		Unchanged: 
 Data sizes:     COMMON   BANK0   BANK1   BANK2   BANK3   BANK4   BANK5   BANK6   BANK7   BANK8   BANK9  BANK10  BANK11  BANK12
      Params:         0       0       0       0       0       0       0       0       0       0       0       0       0       0
      Locals:         0       0       0       0       0       0       0       0       0       0       0       0       0       0
      Temps:          0       0       0       0       0       0       0       0       0       0       0       0       0       0
      Totals:         0       0       0       0       0       0       0       0       0       0       0       0       0       0
Total ram usage:        0 bytes
 Hardware stack levels used:    1
 Hardware stack levels required when called:    1
 This function calls:
		_i2c_Wait
 This function is called by:
		_I2C_LCD_Busy
		_I2C_LCD_Init
		_I2C_LCD_Command
		_I2C_LCD_Pos
		_I2C_LCD_SWrite
 This function uses a non-reentrant model


 *************** function _i2c_Start *****************
 Defined at:
		line 34 in file "i2c_LCD.h"
 Parameters:    Size  Location     Type
		None
 Auto vars:     Size  Location     Type
		None
 Return value:  Size  Location     Type
                  1    wreg      void 
 Registers used:
		wreg, status,2, status,0, pclath, cstack
 Tracked objects:
		On entry : 
		On exit  : 
		Unchanged: 
 Data sizes:     COMMON   BANK0   BANK1   BANK2   BANK3   BANK4   BANK5   BANK6   BANK7   BANK8   BANK9  BANK10  BANK11  BANK12
      Params:         0       0       0       0       0       0       0       0       0       0       0       0       0       0
      Locals:         0       0       0       0       0       0       0       0       0       0       0       0       0       0
      Temps:          0       0       0       0       0       0       0       0       0       0       0       0       0       0
      Totals:         0       0       0       0       0       0       0       0       0       0       0       0       0       0
Total ram usage:        0 bytes
 Hardware stack levels used:    1
 Hardware stack levels required when called:    1
 This function calls:
		_i2c_Wait
 This function is called by:
		_I2C_LCD_Busy
		_I2C_LCD_Init
		_I2C_LCD_Command
		_I2C_LCD_Pos
		_I2C_LCD_SWrite
 This function uses a non-reentrant model


 *************** function _i2c_Restart *****************
 Defined at:
		line 41 in file "i2c_LCD.h"
 Parameters:    Size  Location     Type
		None
 Auto vars:     Size  Location     Type
		None
 Return value:  Size  Location     Type
                  1    wreg      void 
 Registers used:
		wreg, status,2, status,0, pclath, cstack
 Tracked objects:
		On entry : 
		On exit  : 
		Unchanged: 
 Data sizes:     COMMON   BANK0   BANK1   BANK2   BANK3   BANK4   BANK5   BANK6   BANK7   BANK8   BANK9  BANK10  BANK11  BANK12
      Params:         0       0       0       0       0       0       0       0       0       0       0       0       0       0
      Locals:         0       0       0       0       0       0       0       0       0       0       0       0       0       0
      Temps:          0       0       0       0       0       0       0       0       0       0       0       0       0       0
      Totals:         0       0       0       0       0       0       0       0       0       0       0       0       0       0
Total ram usage:        0 bytes
 Hardware stack levels used:    1
 Hardware stack levels required when called:    1
 This function calls:
		_i2c_Wait
 This function is called by:
		_I2C_LCD_Busy
 This function uses a non-reentrant model


 *************** function _i2c_Read *****************
 Defined at:
		line 73 in file "i2c_LCD.h"
 Parameters:    Size  Location     Type
  ack             1    wreg     unsigned char 
 Auto vars:     Size  Location     Type
  ack             1    1[COMMON] unsigned char 
  i2cReadData     1    2[COMMON] unsigned char 
 Return value:  Size  Location     Type
                  1    wreg      unsigned char 
 Registers used:
		wreg, status,2, status,0, pclath, cstack
 Tracked objects:
		On entry : 
		On exit  : 
		Unchanged: 
 Data sizes:     COMMON   BANK0   BANK1   BANK2   BANK3   BANK4   BANK5   BANK6   BANK7   BANK8   BANK9  BANK10  BANK11  BANK12
      Params:         0       0       0       0       0       0       0       0       0       0       0       0       0       0
      Locals:         2       0       0       0       0       0       0       0       0       0       0       0       0       0
      Temps:          1       0       0       0       0       0       0       0       0       0       0       0       0       0
      Totals:         3       0       0       0       0       0       0       0       0       0       0       0       0       0
Total ram usage:        3 bytes
 Hardware stack levels used:    1
 Hardware stack levels required when called:    1
 This function calls:
		_i2c_Wait
 This function is called by:
		_I2C_LCD_Busy
 This function uses a non-reentrant model


 *************** function _i2c_Address *****************
 Defined at:
		line 62 in file "i2c_LCD.h"
 Parameters:    Size  Location     Type
  address         1    wreg     unsigned char 
  mode            1    0[COMMON] unsigned char 
 Auto vars:     Size  Location     Type
  address         1    2[COMMON] unsigned char 
  l_address       1    3[COMMON] unsigned char 
 Return value:  Size  Location     Type
                  1    wreg      void 
 Registers used:
		wreg, status,2, status,0, pclath, cstack
 Tracked objects:
		On entry : 
		On exit  : 
		Unchanged: 
 Data sizes:     COMMON   BANK0   BANK1   BANK2   BANK3   BANK4   BANK5   BANK6   BANK7   BANK8   BANK9  BANK10  BANK11  BANK12
      Params:         1       0       0       0       0       0       0       0       0       0       0       0       0       0
      Locals:         2       0       0       0       0       0       0       0       0       0       0       0       0       0
      Temps:          1       0       0       0       0       0       0       0       0       0       0       0       0       0
      Totals:         4       0       0       0       0       0       0       0       0       0       0       0       0       0
Total ram usage:        4 bytes
 Hardware stack levels used:    1
 Hardware stack levels required when called:    1
 This function calls:
		_i2c_Wait
 This function is called by:
		_I2C_LCD_Busy
		_I2C_LCD_Init
		_I2C_LCD_Command
		_I2C_LCD_Pos
		_I2C_LCD_SWrite
 This function uses a non-reentrant model


 *************** function _i2c_Wait *****************
 Defined at:
		line 29 in file "i2c_LCD.h"
 Parameters:    Size  Location     Type
		None
 Auto vars:     Size  Location     Type
		None
 Return value:  Size  Location     Type
                  1    wreg      void 
 Registers used:
		wreg, status,2
 Tracked objects:
		On entry : 
		On exit  : 
		Unchanged: 
 Data sizes:     COMMON   BANK0   BANK1   BANK2   BANK3   BANK4   BANK5   BANK6   BANK7   BANK8   BANK9  BANK10  BANK11  BANK12
      Params:         0       0       0       0       0       0       0       0       0       0       0       0       0       0
      Locals:         0       0       0       0       0       0       0       0       0       0       0       0       0       0
      Temps:          0       0       0       0       0       0       0       0       0       0       0       0       0       0
      Totals:         0       0       0       0       0       0       0       0       0       0       0       0       0       0
Total ram usage:        0 bytes
 Hardware stack levels used:    1
 This function calls:
		Nothing
 This function is called by:
		_i2c_Start
		_i2c_Restart
		_i2c_Stop
		_i2c_Write
		_i2c_Address
		_i2c_Read
 This function uses a non-reentrant model


 *************** function _ADC_Read *****************
 Defined at:
		line 56 in file "Final Prject main.c"
 Parameters:    Size  Location     Type
		None
 Auto vars:     Size  Location     Type
		None
 Return value:  Size  Location     Type
                  2    0[COMMON] unsigned int 
 Registers used:
		wreg
 Tracked objects:
		On entry : 
		On exit  : 
		Unchanged: 
 Data sizes:     COMMON   BANK0   BANK1   BANK2   BANK3   BANK4   BANK5   BANK6   BANK7   BANK8   BANK9  BANK10  BANK11  BANK12
      Params:         2       0       0       0       0       0       0       0       0       0       0       0       0       0
      Locals:         0       0       0       0       0       0       0       0       0       0       0       0       0       0
      Temps:          1       0       0       0       0       0       0       0       0       0       0       0       0       0
      Totals:         3       0       0       0       0       0       0       0       0       0       0       0       0       0
Total ram usage:        3 bytes
 Hardware stack levels used:    1
 This function calls:
		Nothing
 This function is called by:
		_main
 This function uses a non-reentrant model


 *************** function _ADC_Initialize *****************
 Defined at:
		line 50 in file "Final Prject main.c"
 Parameters:    Size  Location     Type
		None
 Auto vars:     Size  Location     Type
		None
 Return value:  Size  Location     Type
                  1    wreg      void 
 Registers used:
		wreg
 Tracked objects:
		On entry : 
		On exit  : 
		Unchanged: 
 Data sizes:     COMMON   BANK0   BANK1   BANK2   BANK3   BANK4   BANK5   BANK6   BANK7   BANK8   BANK9  BANK10  BANK11  BANK12
      Params:         0       0       0       0       0       0       0       0       0       0       0       0       0       0
      Locals:         0       0       0       0       0       0       0       0       0       0       0       0       0       0
      Temps:          0       0       0       0       0       0       0       0       0       0       0       0       0       0
      Totals:         0       0       0       0       0       0       0       0       0       0       0       0       0       0
Total ram usage:        0 bytes
 Hardware stack levels used:    1
 This function calls:
		Nothing
 This function is called by:
		_main
 This function uses a non-reentrant model



MODULE INFORMATION

Module		Function		Class		Link	Load	Size
C:\Program Files (x86)\Microchip\xc8\v1.45\sources\common\doprnt.c
		_sprintf       		CODE           	0668	0000	41

C:\Program Files (x86)\Microchip\xc8\v1.45\sources\common\doprnt.c estimated size: 41

i2c.h
		_I2C_LCD_Command		CODE           	0690	0000	53
		_I2C_LCD_Init  		CODE           	06C4	0000	68
		_I2C_LCD_Busy  		CODE           	0707	0000	88

i2c.h estimated size: 209

Final Prject main.c
		_ADC_Initialize		CODE           	0609	0000	7
		_main          		CODE           	075E	0000	160
		_ADC_Read      		CODE           	0639	0000	20

Final Prject main.c estimated size: 187

shared
		__initialization		CODE           	07FD	0000	1

shared estimated size: 1

i2c_LCD.h
		_i2c_Address   		CODE           	062A	0000	16
		_i2c_Write     		CODE           	060F	0000	8
		_i2c_Stop      		CODE           	0604	0000	6
		_i2c_Wait      		CODE           	0616	0000	9
		_i2c_Read      		CODE           	064C	0000	29
		_i2c_Init      		CODE           	061E	0000	13
		_i2c_Start     		CODE           	05FF	0000	6
		_i2c_Restart   		CODE           	05FA	0000	6

i2c_LCD.h estimated size: 93

