MPLINK 5.09, LINKER
Linker Map File - Created Fri Feb 17 16:08:46 2023

                                 Section Info
                  Section       Type    Address   Location Size(Bytes)
                ---------  ---------  ---------  ---------  ---------
                   .org_0       code   0x000000    program   0x00009a
                   .cinit    romdata   0x00004d    program   0x000004
.config_8007_BUILD/DEFAULT/PRODUCTION/LAB4.O       code   0x008007    program   0x000002
.config_8008_BUILD/DEFAULT/PRODUCTION/LAB4.O       code   0x008008    program   0x000002



                              Program Memory Usage 
                               Start         End      
                           ---------   ---------      
                            0x000000    0x00004e      
                            0x008007    0x008008      
            81 out of 8455 program addresses used, program memory utilization is 0%



                              Symbols - Sorted by Name
                     Name    Address   Location    Storage File                     
                ---------  ---------  ---------  --------- ---------                
            ADC_Initilize   0x000023    program     static /home/abhi/MPLABXProjects/Lab4-POT-LED.X/Lab4.asm
                 ADC_Read   0x00002d    program     static /home/abhi/MPLABXProjects/Lab4-POT-LED.X/Lab4.asm
                    Delay   0x000042    program     static /home/abhi/MPLABXProjects/Lab4-POT-LED.X/Lab4.asm
                     Goon   0x000048    program     static /home/abhi/MPLABXProjects/Lab4-POT-LED.X/Lab4.asm
                   Inside   0x00004a    program     static /home/abhi/MPLABXProjects/Lab4-POT-LED.X/Lab4.asm
                     Loop   0x00003e    program     static /home/abhi/MPLABXProjects/Lab4-POT-LED.X/Lab4.asm
                  Outside   0x000045    program     static /home/abhi/MPLABXProjects/Lab4-POT-LED.X/Lab4.asm
                 PWM_Duty   0x000032    program     static /home/abhi/MPLABXProjects/Lab4-POT-LED.X/Lab4.asm
            PWM_Initilize   0x00001a    program     static /home/abhi/MPLABXProjects/Lab4-POT-LED.X/Lab4.asm
                    Start   0x000002    program     static /home/abhi/MPLABXProjects/Lab4-POT-LED.X/Lab4.asm
                    Wait1   0x000039    program     static /home/abhi/MPLABXProjects/Lab4-POT-LED.X/Lab4.asm
             _.org_0_0030   0x000030    program     static /home/abhi/MPLABXProjects/Lab4-POT-LED.X/Lab4.asm



                              Symbols - Sorted by Address
                     Name    Address   Location    Storage File                     
                ---------  ---------  ---------  --------- ---------                
                    Start   0x000002    program     static /home/abhi/MPLABXProjects/Lab4-POT-LED.X/Lab4.asm
            PWM_Initilize   0x00001a    program     static /home/abhi/MPLABXProjects/Lab4-POT-LED.X/Lab4.asm
            ADC_Initilize   0x000023    program     static /home/abhi/MPLABXProjects/Lab4-POT-LED.X/Lab4.asm
                 ADC_Read   0x00002d    program     static /home/abhi/MPLABXProjects/Lab4-POT-LED.X/Lab4.asm
             _.org_0_0030   0x000030    program     static /home/abhi/MPLABXProjects/Lab4-POT-LED.X/Lab4.asm
                 PWM_Duty   0x000032    program     static /home/abhi/MPLABXProjects/Lab4-POT-LED.X/Lab4.asm
                    Wait1   0x000039    program     static /home/abhi/MPLABXProjects/Lab4-POT-LED.X/Lab4.asm
                     Loop   0x00003e    program     static /home/abhi/MPLABXProjects/Lab4-POT-LED.X/Lab4.asm
                    Delay   0x000042    program     static /home/abhi/MPLABXProjects/Lab4-POT-LED.X/Lab4.asm
                  Outside   0x000045    program     static /home/abhi/MPLABXProjects/Lab4-POT-LED.X/Lab4.asm
                     Goon   0x000048    program     static /home/abhi/MPLABXProjects/Lab4-POT-LED.X/Lab4.asm
                   Inside   0x00004a    program     static /home/abhi/MPLABXProjects/Lab4-POT-LED.X/Lab4.asm


