MPLINK 5.09, LINKER
Linker Map File - Created Fri Feb 17 17:29:19 2023

                                 Section Info
                  Section       Type    Address   Location Size(Bytes)
                ---------  ---------  ---------  ---------  ---------
                 res_vect       code   0x000000    program   0x000002
                   .cinit    romdata   0x000001    program   0x000004
                main_prog       code   0x000003    program   0x000082
.config_8007_BUILD/DEFAULT/PRODUCTION/LAB4.O       code   0x008007    program   0x000002
.config_8008_BUILD/DEFAULT/PRODUCTION/LAB4.O       code   0x008008    program   0x000002



                              Program Memory Usage 
                               Start         End      
                           ---------   ---------      
                            0x000000    0x000043      
                            0x008007    0x008008      
            70 out of 8455 program addresses used, program memory utilization is 0%



                              Symbols - Sorted by Name
                     Name    Address   Location    Storage File                     
                ---------  ---------  ---------  --------- ---------                
            ADC_Initilize   0x000025    program     static /home/abhi/Documents/Code-local/MPLABXProjects/Lab4-POT-LED.X/Lab4.asm
                 ADC_Read   0x00002f    program     static /home/abhi/Documents/Code-local/MPLABXProjects/Lab4-POT-LED.X/Lab4.asm
                    Delay   0x000039    program     static /home/abhi/Documents/Code-local/MPLABXProjects/Lab4-POT-LED.X/Lab4.asm
                     Goon   0x00003f    program     static /home/abhi/Documents/Code-local/MPLABXProjects/Lab4-POT-LED.X/Lab4.asm
                   Inside   0x000041    program     static /home/abhi/Documents/Code-local/MPLABXProjects/Lab4-POT-LED.X/Lab4.asm
                     Loop   0x00000d    program     static /home/abhi/Documents/Code-local/MPLABXProjects/Lab4-POT-LED.X/Lab4.asm
                  Outside   0x00003c    program     static /home/abhi/Documents/Code-local/MPLABXProjects/Lab4-POT-LED.X/Lab4.asm
                 PWM_Duty   0x000034    program     static /home/abhi/Documents/Code-local/MPLABXProjects/Lab4-POT-LED.X/Lab4.asm
            PWM_Initilize   0x000011    program     static /home/abhi/Documents/Code-local/MPLABXProjects/Lab4-POT-LED.X/Lab4.asm
                    Start   0x000003    program     static /home/abhi/Documents/Code-local/MPLABXProjects/Lab4-POT-LED.X/Lab4.asm
                    Wait1   0x000008    program     static /home/abhi/Documents/Code-local/MPLABXProjects/Lab4-POT-LED.X/Lab4.asm
          _main_prog_002F   0x000032    program     static /home/abhi/Documents/Code-local/MPLABXProjects/Lab4-POT-LED.X/Lab4.asm



                              Symbols - Sorted by Address
                     Name    Address   Location    Storage File                     
                ---------  ---------  ---------  --------- ---------                
                    Start   0x000003    program     static /home/abhi/Documents/Code-local/MPLABXProjects/Lab4-POT-LED.X/Lab4.asm
                    Wait1   0x000008    program     static /home/abhi/Documents/Code-local/MPLABXProjects/Lab4-POT-LED.X/Lab4.asm
                     Loop   0x00000d    program     static /home/abhi/Documents/Code-local/MPLABXProjects/Lab4-POT-LED.X/Lab4.asm
            PWM_Initilize   0x000011    program     static /home/abhi/Documents/Code-local/MPLABXProjects/Lab4-POT-LED.X/Lab4.asm
            ADC_Initilize   0x000025    program     static /home/abhi/Documents/Code-local/MPLABXProjects/Lab4-POT-LED.X/Lab4.asm
                 ADC_Read   0x00002f    program     static /home/abhi/Documents/Code-local/MPLABXProjects/Lab4-POT-LED.X/Lab4.asm
          _main_prog_002F   0x000032    program     static /home/abhi/Documents/Code-local/MPLABXProjects/Lab4-POT-LED.X/Lab4.asm
                 PWM_Duty   0x000034    program     static /home/abhi/Documents/Code-local/MPLABXProjects/Lab4-POT-LED.X/Lab4.asm
                    Delay   0x000039    program     static /home/abhi/Documents/Code-local/MPLABXProjects/Lab4-POT-LED.X/Lab4.asm
                  Outside   0x00003c    program     static /home/abhi/Documents/Code-local/MPLABXProjects/Lab4-POT-LED.X/Lab4.asm
                     Goon   0x00003f    program     static /home/abhi/Documents/Code-local/MPLABXProjects/Lab4-POT-LED.X/Lab4.asm
                   Inside   0x000041    program     static /home/abhi/Documents/Code-local/MPLABXProjects/Lab4-POT-LED.X/Lab4.asm


