MPLINK 5.09, LINKER
Linker Map File - Created Fri Feb 10 18:35:36 2023

                                 Section Info
                  Section       Type    Address   Location Size(Bytes)
                ---------  ---------  ---------  ---------  ---------
                   .org_0       code   0x000000    program   0x000002
                   .cinit    romdata   0x000001    program   0x000004
                   .org_1       code   0x000004    program   0x000058
.config_8007_BUILD/DEFAULT/PRODUCTION/LAB3.O       code   0x008007    program   0x000002
.config_8008_BUILD/DEFAULT/PRODUCTION/LAB3.O       code   0x008008    program   0x000002



                              Program Memory Usage 
                               Start         End      
                           ---------   ---------      
                            0x000000    0x000002      
                            0x000004    0x00002f      
                            0x008007    0x008008      
            49 out of 8455 program addresses used, program memory utilization is 0%



                              Symbols - Sorted by Name
                     Name    Address   Location    Storage File                     
                ---------  ---------  ---------  --------- ---------                
                    Delay   0x000025    program     static /home/abhi/Documents/Code-local/MPLABXProjects/Lab3-LED-Blink-With-Interupts.X/Lab3.asm
                     Goon   0x00002b    program     static /home/abhi/Documents/Code-local/MPLABXProjects/Lab3-LED-Blink-With-Interupts.X/Lab3.asm
                   Inside   0x00002d    program     static /home/abhi/Documents/Code-local/MPLABXProjects/Lab3-LED-Blink-With-Interupts.X/Lab3.asm
                     Loop   0x00001f    program     static /home/abhi/Documents/Code-local/MPLABXProjects/Lab3-LED-Blink-With-Interupts.X/Lab3.asm
                  Outside   0x000028    program     static /home/abhi/Documents/Code-local/MPLABXProjects/Lab3-LED-Blink-With-Interupts.X/Lab3.asm
                    Start   0x00000d    program     static /home/abhi/Documents/Code-local/MPLABXProjects/Lab3-LED-Blink-With-Interupts.X/Lab3.asm



                              Symbols - Sorted by Address
                     Name    Address   Location    Storage File                     
                ---------  ---------  ---------  --------- ---------                
                    Start   0x00000d    program     static /home/abhi/Documents/Code-local/MPLABXProjects/Lab3-LED-Blink-With-Interupts.X/Lab3.asm
                     Loop   0x00001f    program     static /home/abhi/Documents/Code-local/MPLABXProjects/Lab3-LED-Blink-With-Interupts.X/Lab3.asm
                    Delay   0x000025    program     static /home/abhi/Documents/Code-local/MPLABXProjects/Lab3-LED-Blink-With-Interupts.X/Lab3.asm
                  Outside   0x000028    program     static /home/abhi/Documents/Code-local/MPLABXProjects/Lab3-LED-Blink-With-Interupts.X/Lab3.asm
                     Goon   0x00002b    program     static /home/abhi/Documents/Code-local/MPLABXProjects/Lab3-LED-Blink-With-Interupts.X/Lab3.asm
                   Inside   0x00002d    program     static /home/abhi/Documents/Code-local/MPLABXProjects/Lab3-LED-Blink-With-Interupts.X/Lab3.asm


