Microchip MPLAB XC8 Compiler V1.45 ()

Linker command line:

-W-3 --edf=C:\Program Files (x86)\Microchip\xc8\v1.45\dat\en_msgs.txt -cs \
  -h+dist/default/production\Lab-7-A2D-and-USART.X.production.sym \
  --cmf=dist/default/production\Lab-7-A2D-and-USART.X.production.cmf -z \
  -Q16F1829 -oC:\Users\minec\AppData\Local\Temp\stuk.2 \
  -Mdist/default/production/Lab-7-A2D-and-USART.X.production.map -E1 \
  -ver=XC8 -ASTACK=02041h-023efh -pstack=STACK -ACODE=00h-07FFhx4 \
  -ASTRCODE=00h-01FFFh -ASTRING=00h-0FFhx32 -ACONST=00h-0FFhx32 \
  -AENTRY=00h-0FFhx32 -ACOMMON=070h-07Fh -ABANK0=020h-06Fh \
  -ABANK1=0A0h-0EFh -ABANK2=0120h-016Fh -ABANK3=01A0h-01EFh \
  -ABANK4=0220h-026Fh -ABANK5=02A0h-02EFh -ABANK6=0320h-036Fh \
  -ABANK7=03A0h-03EFh -ABANK8=0420h-046Fh -ABANK9=04A0h-04EFh \
  -ABANK10=0520h-056Fh -ABANK11=05A0h-05EFh -ABANK12=0620h-064Fh \
  -ABIGRAM=02000h-023EFh \
  -ARAM=020h-06Fh,0A0h-0EFh,0120h-016Fh,01A0h-01EFh,0220h-026Fh,02A0h-02EFh,0320h-036Fh,03A0h-03EFh,0420h-046Fh,04A0h-04EFh,0520h-056Fh,05A0h-05EFh,0620h-064Fh \
  -AABS1=020h-07Fh,0A0h-0EFh,0120h-016Fh,01A0h-01EFh,0220h-026Fh,02A0h-02EFh,0320h-036Fh,03A0h-03EFh,0420h-046Fh,04A0h-04EFh,0520h-056Fh,05A0h-05EFh,0620h-064Fh \
  -ASFR0=00h-01Fh -ASFR1=080h-09Fh -ASFR2=0100h-011Fh -ASFR3=0180h-019Fh \
  -ASFR4=0200h-021Fh -ASFR5=0280h-029Fh -ASFR6=0300h-031Fh \
  -ASFR7=0380h-039Fh -ASFR8=0400h-041Fh -ASFR9=0480h-049Fh \
  -ASFR10=0500h-051Fh -ASFR11=0580h-059Fh -ASFR12=0600h-061Fh \
  -ASFR13=0680h-06EFh -ASFR14=0700h-076Fh -ASFR15=0780h-07EFh \
  -ASFR16=0800h-086Fh -ASFR17=0880h-08EFh -ASFR18=0900h-096Fh \
  -ASFR19=0980h-09EFh -ASFR20=0A00h-0A6Fh -ASFR21=0A80h-0AEFh \
  -ASFR22=0B00h-0B6Fh -ASFR23=0B80h-0BEFh -ASFR24=0C00h-0C6Fh \
  -ASFR25=0C80h-0CEFh -ASFR26=0D00h-0D6Fh -ASFR27=0D80h-0DEFh \
  -ASFR28=0E00h-0E6Fh -ASFR29=0E80h-0EEFh -ASFR30=0F00h-0F6Fh \
  -ASFR31=0F80h-0FEFh -preset_vec=00h,intentry,init,end_init -ppowerup=CODE \
  -pcinit=CODE -pfunctab=ENTRY -ACONFIG=08007h-08008h -pconfig=CONFIG \
  -DCONFIG=2 -AIDLOC=08000h-08003h -pidloc=IDLOC -DIDLOC=2 \
  -AEEDATA=00h-0FFh/0F000h -peeprom_data=EEDATA -DEEDATA=2 -DCODE=2 \
  -DSTRCODE=2 -DSTRING=2 -DCONST=2 -DENTRY=2 -k \
  C:\Users\minec\AppData\Local\Temp\stuk.obj \
  dist/default/production\Lab-7-A2D-and-USART.X.production.obj 

Object code version is 3.11

Machine type is 16F1829



                Name                               Link     Load   Length Selector   Space Scale
C:\Users\minec\AppData\Local\Temp\stuk.obj
                end_init                              2        2        2        0       0
                reset_vec                             0        0        2        0       0
                config                             8007     8007        2    1000E       0
dist/default/production\Lab-7-A2D-and-USART.X.production.obj
                cinit                               7F3      7F3        D      FE6       0
                text13                              2D1      2D1       10      5A2       0
                text12                              382      382       64      704       0
                text11                              5FA      5FA       F6      BF4       0
                text10                              3E6      3E6       A9      7CC       0
                text9                               48F      48F       B4      91E       0
                text8                               2C8      2C8        9      590       0
                text7                               2F2      2F2       13      5E4       0
                text6                               305      305       1D      60A       0
                text5                               34E      34E       34      69C       0
                text4                               322      322       2C      644       0
                text3                               2C0      2C0        8      580       0
                text2                               543      543       B7      A86       0
                text1                               2E1      2E1       11      5C2       0
                maintext                            6F0      6F0      103      DE0       0
                cstackBANK0                          20       20       38       20       1
                cstackCOMMON                         70       70        E       70       1
                bssBANK0                             58       58        9       20       1
                stringtext1                         800      800       4E     1000       0

TOTAL           Name                               Link     Load   Length     Space
        CLASS   STACK          

        CLASS   CODE           
                end_init                              2        2        2         0
                cinit                               7F3      7F3        D         0
                reset_vec                             0        0        2         0
                text13                              2D1      2D1       10         0
                text12                              382      382       64         0
                text11                              5FA      5FA       F6         0
                text10                              3E6      3E6       A9         0
                text9                               48F      48F       B4         0
                text8                               2C8      2C8        9         0
                text7                               2F2      2F2       13         0
                text6                               305      305       1D         0
                text5                               34E      34E       34         0
                text4                               322      322       2C         0
                text3                               2C0      2C0        8         0
                text2                               543      543       B7         0
                text1                               2E1      2E1       11         0
                maintext                            6F0      6F0      103         0

        CLASS   STRCODE        
                stringtext1                         800      800       4E         0

        CLASS   STRING         

        CLASS   CONST          

        CLASS   ENTRY          

        CLASS   COMMON         
                cstackCOMMON                         70       70        E         1

        CLASS   BANK0          
                cstackBANK0                          20       20       38         1
                bssBANK0                             58       58        9         1

        CLASS   BANK1          

        CLASS   BANK2          

        CLASS   BANK3          

        CLASS   BANK4          

        CLASS   BANK5          

        CLASS   BANK6          

        CLASS   BANK7          

        CLASS   BANK8          

        CLASS   BANK9          

        CLASS   BANK10         

        CLASS   BANK11         

        CLASS   BANK12         

        CLASS   BIGRAM         

        CLASS   RAM            

        CLASS   ABS1           
                abs_s1                               7E       7E        2         1

        CLASS   SFR0           

        CLASS   SFR1           

        CLASS   SFR2           

        CLASS   SFR3           

        CLASS   SFR4           

        CLASS   SFR5           

        CLASS   SFR6           

        CLASS   SFR7           

        CLASS   SFR8           

        CLASS   SFR9           

        CLASS   SFR10          

        CLASS   SFR11          

        CLASS   SFR12          

        CLASS   SFR13          

        CLASS   SFR14          

        CLASS   SFR15          

        CLASS   SFR16          

        CLASS   SFR17          

        CLASS   SFR18          

        CLASS   SFR19          

        CLASS   SFR20          

        CLASS   SFR21          

        CLASS   SFR22          

        CLASS   SFR23          

        CLASS   SFR24          

        CLASS   SFR25          

        CLASS   SFR26          

        CLASS   SFR27          

        CLASS   SFR28          

        CLASS   SFR29          

        CLASS   SFR30          

        CLASS   SFR31          

        CLASS   CONFIG         
                config                             8007     8007        2         0

        CLASS   IDLOC          

        CLASS   EEDATA         

        CLASS   BANK31         

        CLASS   BANK30         

        CLASS   BANK29         

        CLASS   BANK28         

        CLASS   BANK27         

        CLASS   BANK26         

        CLASS   BANK25         

        CLASS   BANK24         

        CLASS   BANK23         

        CLASS   BANK22         

        CLASS   BANK21         

        CLASS   BANK20         

        CLASS   BANK19         

        CLASS   BANK18         

        CLASS   BANK17         

        CLASS   BANK16         

        CLASS   BANK15         

        CLASS   BANK14         

        CLASS   BANK13         



SEGMENTS        Name                           Load    Length   Top    Selector   Space  Class     Delta

                reset_vec                      000000  000004  000004         0       0  CODE        2
                cstackBANK0                    000020  000041  000061        20       1  BANK0       1
                cstackCOMMON                   000070  00000E  00007E        70       1  COMMON      1
                text3                          0002C0  000008  0002C8       580       0  CODE        2
                text8                          0002C8  000009  0002D1       590       0  CODE        2
                text13                         0002D1  000010  0002E1       5A2       0  CODE        2
                text1                          0002E1  000011  0002F2       5C2       0  CODE        2
                text7                          0002F2  000013  000305       5E4       0  CODE        2
                text6                          000305  00001D  000322       60A       0  CODE        2
                text4                          000322  00002C  00034E       644       0  CODE        2
                text5                          00034E  000034  000382       69C       0  CODE        2
                text12                         000382  000064  0003E6       704       0  CODE        2
                text10                         0003E6  0000A9  00048F       7CC       0  CODE        2
                text9                          00048F  0000B4  000543       91E       0  CODE        2
                text2                          000543  0000B7  0005FA       A86       0  CODE        2
                text11                         0005FA  0000F6  0006F0       BF4       0  CODE        2
                maintext                       0006F0  000103  0007F3       DE0       0  CODE        2
                cinit                          0007F3  00000D  000800       FE6       0  CODE        2
                stringtext1                    000800  00004E  00084E      1000       0  STRCODE     2
                config                         008007  000002  008009     1000E       0  CONFIG      2


UNUSED ADDRESS RANGES

        Name                Unused          Largest block    Delta
        BANK0            00061-0006F               F           1
        BANK1            000A0-000EF              50           1
        BANK10           00520-0056F              50           1
        BANK11           005A0-005EF              50           1
        BANK12           00620-0064F              30           1
        BANK2            00120-0016F              50           1
        BANK3            001A0-001EF              50           1
        BANK4            00220-0026F              50           1
        BANK5            002A0-002EF              50           1
        BANK6            00320-0036F              50           1
        BANK7            003A0-003EF              50           1
        BANK8            00420-0046F              50           1
        BANK9            004A0-004EF              50           1
        BIGRAM           02000-023EF             3F0           1
        CODE             00004-002BF             2BC           2
                         0084E-01FFF             800
        CONST            00004-002BF             100           2
                         0084E-01FFF             100
        EEDATA           0F000-0F0FF             100           2
        ENTRY            00004-002BF             100           2
                         0084E-01FFF             100
        IDLOC            08000-08003               4           2
        RAM              00061-0006F               F           1
                         000A0-000EF              50
                         00120-0016F              50
                         001A0-001EF              50
                         00220-0026F              50
                         002A0-002EF              50
                         00320-0036F              50
                         003A0-003EF              50
                         00420-0046F              50
                         004A0-004EF              50
                         00520-0056F              50
                         005A0-005EF              50
                         00620-0064F              30
        SFR0             00000-0001F              20           1
        SFR1             00080-0009F              20           1
        SFR10            00500-0051F              20           1
        SFR11            00580-0059F              20           1
        SFR12            00600-0061F              20           1
        SFR13            00680-006EF              70           1
        SFR14            00700-0076F              70           1
        SFR15            00780-007EF              70           1
        SFR16            00800-0086F              70           1
        SFR17            00880-008EF              70           1
        SFR18            00900-0096F              70           1
        SFR19            00980-009EF              70           1
        SFR2             00100-0011F              20           1
        SFR20            00A00-00A6F              70           1
        SFR21            00A80-00AEF              70           1
        SFR22            00B00-00B6F              70           1
        SFR23            00B80-00BEF              70           1
        SFR24            00C00-00C6F              70           1
        SFR25            00C80-00CEF              70           1
        SFR26            00D00-00D6F              70           1
        SFR27            00D80-00DEF              70           1
        SFR28            00E00-00E6F              70           1
        SFR29            00E80-00EEF              70           1
        SFR3             00180-0019F              20           1
        SFR30            00F00-00F6F              70           1
        SFR31            00F80-00FEF              70           1
        SFR4             00200-0021F              20           1
        SFR5             00280-0029F              20           1
        SFR6             00300-0031F              20           1
        SFR7             00380-0039F              20           1
        SFR8             00400-0041F              20           1
        SFR9             00480-0049F              20           1
        STACK            02041-023EF             3AF           1
        STRCODE          00004-002BF             2BC           2
                         0084E-01FFF            17B2
        STRING           00004-002BF             100           2
                         0084E-01FFF             100

                                  Symbol Table

?___ftadd                cstackBANK0  00033
?___ftdiv                cstackBANK0  00020
?___ftmul                cstackBANK0  00040
?___ftneg                cstackBANK0  00030
?___ftpack               cstackCOMMON 00070
?___lwdiv                cstackCOMMON 00070
?___lwmod                cstackCOMMON 00078
?___lwtoft               cstackCOMMON 00078
?_printf                 cstackBANK0  00020
_ADCON0                  (abs)        0009D
_ADCON1                  (abs)        0009E
_ADGO                    (abs)        004E9
_ADRESH                  (abs)        0009C
_ADRESL                  (abs)        0009B
_ANSELA                  (abs)        0018C
_ANSELB                  (abs)        0018D
_ANSELC                  (abs)        0018E
_BRGH                    (abs)        00CF2
_Ctemp                   bssBANK0     00058
_FVRCON                  (abs)        00117
_FVval                   bssBANK0     0005B
_INTCON                  (abs)        0000B
_OSCCON                  (abs)        00099
_Pval                    bssBANK0     0005F
_RA5                     (abs)        00065
_RA5Blink                text13       002D1
_RCIF                    (abs)        0008D
_RCREG                   (abs)        00199
_RCSTA                   (abs)        0019D
_RXDTSEL                 (abs)        008EF
_SPBRG                   (abs)        0019B
_SPEN                    (abs)        00CEF
_SYNC                    (abs)        00CF4
_TRISA                   (abs)        0008C
_TRISB                   (abs)        0008D
_TRISC                   (abs)        0008E
_TRISC4                  (abs)        00474
_TRISC5                  (abs)        00475
_TSEN                    (abs)        008BD
_TSRNG                   (abs)        008BC
_TXCKSEL                 (abs)        008EA
_TXEN                    (abs)        00CF5
_TXIF                    (abs)        0008C
_TXREG                   (abs)        0019A
_TXSTA                   (abs)        0019E
_Temp                    bssBANK0     0005D
__CFG_BOREN$OFF          (abs)        00000
__CFG_BORV$LO            (abs)        00000
__CFG_CLKOUTEN$OFF       (abs)        00000
__CFG_CP$OFF             (abs)        00000
__CFG_CPD$OFF            (abs)        00000
__CFG_FCMEN$OFF          (abs)        00000
__CFG_FOSC$INTOSC        (abs)        00000
__CFG_IESO$OFF           (abs)        00000
__CFG_LVP$ON             (abs)        00000
__CFG_MCLRE$ON           (abs)        00000
__CFG_PLLEN$OFF          (abs)        00000
__CFG_PWRTE$OFF          (abs)        00000
__CFG_STVREN$ON          (abs)        00000
__CFG_WDTE$OFF           (abs)        00000
__CFG_WRT$OFF            (abs)        00000
__Habs1                  abs1         00000
__Hbank0                 bank0        00000
__Hbank1                 bank1        00000
__Hbank10                bank10       00000
__Hbank11                bank11       00000
__Hbank12                bank12       00000
__Hbank13                bank13       00000
__Hbank14                bank14       00000
__Hbank15                bank15       00000
__Hbank16                bank16       00000
__Hbank17                bank17       00000
__Hbank18                bank18       00000
__Hbank19                bank19       00000
__Hbank2                 bank2        00000
__Hbank20                bank20       00000
__Hbank21                bank21       00000
__Hbank22                bank22       00000
__Hbank23                bank23       00000
__Hbank24                bank24       00000
__Hbank25                bank25       00000
__Hbank26                bank26       00000
__Hbank27                bank27       00000
__Hbank28                bank28       00000
__Hbank29                bank29       00000
__Hbank3                 bank3        00000
__Hbank30                bank30       00000
__Hbank31                bank31       00000
__Hbank4                 bank4        00000
__Hbank5                 bank5        00000
__Hbank6                 bank6        00000
__Hbank7                 bank7        00000
__Hbank8                 bank8        00000
__Hbank9                 bank9        00000
__Hbigram                bigram       00000
__HbssBANK0              bssBANK0     00000
__Hcinit                 cinit        00800
__Hclrtext               clrtext      00000
__Hcode                  code         00000
__Hcommon                common       00000
__Hconfig                config       08009
__HcstackBANK0           cstackBANK0  00000
__HcstackCOMMON          cstackCOMMON 00000
__Heeprom_data           eeprom_data  00000
__Hend_init              end_init     00004
__Hfunctab               functab      00000
__Hidloc                 idloc        00000
__Hinit                  init         00002
__Hintentry              intentry     00002
__Hmaintext              maintext     00000
__Hpowerup               powerup      00000
__Hram                   ram          00000
__Hreset_vec             reset_vec    00002
__Hsfr0                  sfr0         00000
__Hsfr1                  sfr1         00000
__Hsfr10                 sfr10        00000
__Hsfr11                 sfr11        00000
__Hsfr12                 sfr12        00000
__Hsfr13                 sfr13        00000
__Hsfr14                 sfr14        00000
__Hsfr15                 sfr15        00000
__Hsfr16                 sfr16        00000
__Hsfr17                 sfr17        00000
__Hsfr18                 sfr18        00000
__Hsfr19                 sfr19        00000
__Hsfr2                  sfr2         00000
__Hsfr20                 sfr20        00000
__Hsfr21                 sfr21        00000
__Hsfr22                 sfr22        00000
__Hsfr23                 sfr23        00000
__Hsfr24                 sfr24        00000
__Hsfr25                 sfr25        00000
__Hsfr26                 sfr26        00000
__Hsfr27                 sfr27        00000
__Hsfr28                 sfr28        00000
__Hsfr29                 sfr29        00000
__Hsfr3                  sfr3         00000
__Hsfr30                 sfr30        00000
__Hsfr31                 sfr31        00000
__Hsfr4                  sfr4         00000
__Hsfr5                  sfr5         00000
__Hsfr6                  sfr6         00000
__Hsfr7                  sfr7         00000
__Hsfr8                  sfr8         00000
__Hsfr9                  sfr9         00000
__Hspace_0               (abs)        08009
__Hspace_1               (abs)        0007E
__Hspace_2               (abs)        00000
__Hspace_3               (abs)        00000
__Hstack                 stack        00000
__Hstrings               strings      00000
__Hstringtext1           stringtext1  00000
__Hstringtext2           stringtext2  00000
__Htext                  text         00000
__Labs1                  abs1         00000
__Lbank0                 bank0        00000
__Lbank1                 bank1        00000
__Lbank10                bank10       00000
__Lbank11                bank11       00000
__Lbank12                bank12       00000
__Lbank13                bank13       00000
__Lbank14                bank14       00000
__Lbank15                bank15       00000
__Lbank16                bank16       00000
__Lbank17                bank17       00000
__Lbank18                bank18       00000
__Lbank19                bank19       00000
__Lbank2                 bank2        00000
__Lbank20                bank20       00000
__Lbank21                bank21       00000
__Lbank22                bank22       00000
__Lbank23                bank23       00000
__Lbank24                bank24       00000
__Lbank25                bank25       00000
__Lbank26                bank26       00000
__Lbank27                bank27       00000
__Lbank28                bank28       00000
__Lbank29                bank29       00000
__Lbank3                 bank3        00000
__Lbank30                bank30       00000
__Lbank31                bank31       00000
__Lbank4                 bank4        00000
__Lbank5                 bank5        00000
__Lbank6                 bank6        00000
__Lbank7                 bank7        00000
__Lbank8                 bank8        00000
__Lbank9                 bank9        00000
__Lbigram                bigram       00000
__LbssBANK0              bssBANK0     00000
__Lcinit                 cinit        007F3
__Lclrtext               clrtext      00000
__Lcode                  code         00000
__Lcommon                common       00000
__Lconfig                config       08007
__LcstackBANK0           cstackBANK0  00000
__LcstackCOMMON          cstackCOMMON 00000
__Leeprom_data           eeprom_data  00000
__Lend_init              end_init     00002
__Lfunctab               functab      00000
__Lidloc                 idloc        00000
__Linit                  init         00002
__Lintentry              intentry     00002
__Lmaintext              maintext     00000
__Lpowerup               powerup      00000
__Lram                   ram          00000
__Lreset_vec             reset_vec    00000
__Lsfr0                  sfr0         00000
__Lsfr1                  sfr1         00000
__Lsfr10                 sfr10        00000
__Lsfr11                 sfr11        00000
__Lsfr12                 sfr12        00000
__Lsfr13                 sfr13        00000
__Lsfr14                 sfr14        00000
__Lsfr15                 sfr15        00000
__Lsfr16                 sfr16        00000
__Lsfr17                 sfr17        00000
__Lsfr18                 sfr18        00000
__Lsfr19                 sfr19        00000
__Lsfr2                  sfr2         00000
__Lsfr20                 sfr20        00000
__Lsfr21                 sfr21        00000
__Lsfr22                 sfr22        00000
__Lsfr23                 sfr23        00000
__Lsfr24                 sfr24        00000
__Lsfr25                 sfr25        00000
__Lsfr26                 sfr26        00000
__Lsfr27                 sfr27        00000
__Lsfr28                 sfr28        00000
__Lsfr29                 sfr29        00000
__Lsfr3                  sfr3         00000
__Lsfr30                 sfr30        00000
__Lsfr31                 sfr31        00000
__Lsfr4                  sfr4         00000
__Lsfr5                  sfr5         00000
__Lsfr6                  sfr6         00000
__Lsfr7                  sfr7         00000
__Lsfr8                  sfr8         00000
__Lsfr9                  sfr9         00000
__Lspace_0               (abs)        00000
__Lspace_1               (abs)        00000
__Lspace_2               (abs)        00000
__Lspace_3               (abs)        00000
__Lstack                 stack        00000
__Lstrings               strings      00000
__Lstringtext1           stringtext1  00000
__Lstringtext2           stringtext2  00000
__Ltext                  text         00000
__S0                     (abs)        08009
__S1                     (abs)        0007E
__S2                     (abs)        00000
__S3                     (abs)        00000
___ftadd                 text11       005FA
___ftadd@exp1            cstackBANK0  0003F
___ftadd@exp2            cstackBANK0  0003E
___ftadd@f1              cstackBANK0  00033
___ftadd@f2              cstackBANK0  00036
___ftadd@sign            cstackBANK0  0003D
___ftdiv                 text10       003E6
___ftdiv@cntr            cstackBANK0  0002A
___ftdiv@exp             cstackBANK0  0002E
___ftdiv@f1              cstackBANK0  00023
___ftdiv@f2              cstackBANK0  00020
___ftdiv@f3              cstackBANK0  0002B
___ftdiv@sign            cstackBANK0  0002F
___ftmul                 text9        0048F
___ftmul@cntr            cstackBANK0  0004E
___ftmul@exp             cstackBANK0  0004A
___ftmul@f1              cstackBANK0  00040
___ftmul@f2              cstackBANK0  00043
___ftmul@f3_as_product   cstackBANK0  0004B
___ftmul@sign            cstackBANK0  0004F
___ftneg                 text8        002C8
___ftneg@f1              cstackBANK0  00030
___ftpack                text12       00382
___ftpack@arg            cstackCOMMON 00070
___ftpack@exp            cstackCOMMON 00073
___ftpack@sign           cstackCOMMON 00074
___int_sp                stack        00000
___latbits               (abs)        00002
___lwdiv                 text5        0034E
___lwdiv@counter         cstackCOMMON 00077
___lwdiv@dividend        cstackCOMMON 00072
___lwdiv@divisor         cstackCOMMON 00070
___lwdiv@quotient        cstackCOMMON 00075
___lwmod                 text4        00322
___lwmod@counter         cstackCOMMON 0007D
___lwmod@dividend        cstackCOMMON 0007A
___lwmod@divisor         cstackCOMMON 00078
___lwtoft                text7        002F2
___lwtoft@c              cstackCOMMON 00078
___sp                    stack        00000
__end_of_RA5Blink        text13       002E1
__end_of___ftadd         text11       006F0
__end_of___ftdiv         text10       0048F
__end_of___ftmul         text9        00543
__end_of___ftneg         text8        002D1
__end_of___ftpack        text12       003E6
__end_of___lwdiv         text5        00382
__end_of___lwmod         text4        0034E
__end_of___lwtoft        text7        00305
__end_of__initialization cinit        007FD
__end_of_dpowers         stringtext1  0080A
__end_of_main            maintext     007F3
__end_of_pinConfig       text6        00322
__end_of_printf          text2        005FA
__end_of_putch           text3        002C8
__end_of_setup_comms     text1        002F2
__initialization         cinit        007F3
__pbssBANK0              bssBANK0     00058
__pcstackBANK0           cstackBANK0  00020
__pcstackCOMMON          cstackCOMMON 00070
__pmaintext              maintext     006F0
__pstringtext1           stringtext1  00800
__pstringtext2           stringtext2  00000
__ptext1                 text1        002E1
__ptext10                text10       003E6
__ptext11                text11       005FA
__ptext12                text12       00382
__ptext13                text13       002D1
__ptext2                 text2        00543
__ptext3                 text3        002C0
__ptext4                 text4        00322
__ptext5                 text5        0034E
__ptext6                 text6        00305
__ptext7                 text7        002F2
__ptext8                 text8        002C8
__ptext9                 text9        0048F
__size_of_RA5Blink       (abs)        00000
__size_of___ftadd        (abs)        00000
__size_of___ftdiv        (abs)        00000
__size_of___ftmul        (abs)        00000
__size_of___ftneg        (abs)        00000
__size_of___ftpack       (abs)        00000
__size_of___lwdiv        (abs)        00000
__size_of___lwmod        (abs)        00000
__size_of___lwtoft       (abs)        00000
__size_of_main           (abs)        00000
__size_of_pinConfig      (abs)        00000
__size_of_printf         (abs)        00000
__size_of_putch          (abs)        00000
__size_of_setup_comms    (abs)        00000
_dpowers                 stringtext1  00800
_main                    maintext     006F0
_main$507                cstackBANK0  00052
_main$508                cstackBANK0  00055
_pinConfig               text6        00305
_printf                  text2        00543
_putch                   text3        002C0
_setup_comms             text1        002E1
btemp                    (abs)        0007E
end_of_initialization    cinit        007FD
intlevel0                functab      00000
intlevel1                functab      00000
intlevel2                functab      00000
intlevel3                functab      00000
intlevel4                functab      00000
intlevel5                functab      00000
printf@ap                cstackBANK0  0002C
printf@c                 cstackBANK0  00031
printf@f                 cstackBANK0  00020
printf@flag              cstackBANK0  0002D
printf@prec              cstackBANK0  0002E
printf@val               cstackBANK0  0002F
putch@byte               cstackCOMMON 00070
reset_vec                reset_vec    00000
stackhi                  (abs)        023EF
stacklo                  (abs)        02041
start                    init         00002
start_initialization     cinit        007F3
wtemp0                   (abs)        0007E


FUNCTION INFORMATION:

 *************** function _main *****************
 Defined at:
		line 48 in file "main.c"
 Parameters:    Size  Location     Type
		None
 Auto vars:     Size  Location     Type
		None
 Return value:  Size  Location     Type
                  1    wreg      void 
 Registers used:
		wreg, fsr0l, fsr0h, fsr1l, fsr1h, status,2, status,0, pclath, cstack
 Tracked objects:
		On entry : 
		On exit  : 
		Unchanged: 
 Data sizes:     COMMON   BANK0   BANK1   BANK2   BANK3   BANK4   BANK5   BANK6   BANK7   BANK8   BANK9  BANK10  BANK11  BANK12
      Params:         0       0       0       0       0       0       0       0       0       0       0       0       0       0
      Locals:         0       6       0       0       0       0       0       0       0       0       0       0       0       0
      Temps:          0       2       0       0       0       0       0       0       0       0       0       0       0       0
      Totals:         0       8       0       0       0       0       0       0       0       0       0       0       0       0
Total ram usage:        8 bytes
 Hardware stack levels required when called:    2
 This function calls:
		_RA5Blink
		___ftadd
		___ftdiv
		___ftmul
		___ftneg
		___lwtoft
		_pinConfig
		_printf
		_setup_comms
 This function is called by:
		Startup code after reset
 This function uses a non-reentrant model


 *************** function _setup_comms *****************
 Defined at:
		line 95 in file "main.c"
 Parameters:    Size  Location     Type
		None
 Auto vars:     Size  Location     Type
		None
 Return value:  Size  Location     Type
                  1    wreg      void 
 Registers used:
		wreg
 Tracked objects:
		On entry : 
		On exit  : 
		Unchanged: 
 Data sizes:     COMMON   BANK0   BANK1   BANK2   BANK3   BANK4   BANK5   BANK6   BANK7   BANK8   BANK9  BANK10  BANK11  BANK12
      Params:         0       0       0       0       0       0       0       0       0       0       0       0       0       0
      Locals:         0       0       0       0       0       0       0       0       0       0       0       0       0       0
      Temps:          0       0       0       0       0       0       0       0       0       0       0       0       0       0
      Totals:         0       0       0       0       0       0       0       0       0       0       0       0       0       0
Total ram usage:        0 bytes
 Hardware stack levels used:    1
 This function calls:
		Nothing
 This function is called by:
		_main
 This function uses a non-reentrant model


 *************** function _printf *****************
 Defined at:
		line 464 in file "C:\Program Files (x86)\Microchip\xc8\v1.45\sources\common\doprnt.c"
 Parameters:    Size  Location     Type
  f               2    0[BANK0 ] PTR const unsigned char 
		 -> STR_1(68), 
 Auto vars:     Size  Location     Type
  tmpval          4    0        struct .
  val             2   15[BANK0 ] unsigned int 
  cp              2    0        PTR const unsigned char 
  len             2    0        unsigned int 
  c               1   17[BANK0 ] char 
  prec            1   14[BANK0 ] char 
  flag            1   13[BANK0 ] unsigned char 
  ap              1   12[BANK0 ] PTR void [1]
		 -> ?_printf(2), 
 Return value:  Size  Location     Type
                  2    0[BANK0 ] int 
 Registers used:
		wreg, fsr0l, fsr0h, fsr1l, fsr1h, status,2, status,0, pclath, cstack
 Tracked objects:
		On entry : 
		On exit  : 
		Unchanged: 
 Data sizes:     COMMON   BANK0   BANK1   BANK2   BANK3   BANK4   BANK5   BANK6   BANK7   BANK8   BANK9  BANK10  BANK11  BANK12
      Params:         0       8       0       0       0       0       0       0       0       0       0       0       0       0
      Locals:         0       6       0       0       0       0       0       0       0       0       0       0       0       0
      Temps:          0       4       0       0       0       0       0       0       0       0       0       0       0       0
      Totals:         0      18       0       0       0       0       0       0       0       0       0       0       0       0
Total ram usage:       18 bytes
 Hardware stack levels used:    1
 Hardware stack levels required when called:    1
 This function calls:
		___lwdiv
		___lwmod
		_putch
 This function is called by:
		_main
 This function uses a non-reentrant model


 *************** function _putch *****************
 Defined at:
		line 107 in file "main.c"
 Parameters:    Size  Location     Type
  byte            1    wreg     unsigned char 
 Auto vars:     Size  Location     Type
  byte            1    0[COMMON] unsigned char 
 Return value:  Size  Location     Type
                  1    wreg      void 
 Registers used:
		wreg
 Tracked objects:
		On entry : 
		On exit  : 
		Unchanged: 
 Data sizes:     COMMON   BANK0   BANK1   BANK2   BANK3   BANK4   BANK5   BANK6   BANK7   BANK8   BANK9  BANK10  BANK11  BANK12
      Params:         0       0       0       0       0       0       0       0       0       0       0       0       0       0
      Locals:         1       0       0       0       0       0       0       0       0       0       0       0       0       0
      Temps:          0       0       0       0       0       0       0       0       0       0       0       0       0       0
      Totals:         1       0       0       0       0       0       0       0       0       0       0       0       0       0
Total ram usage:        1 bytes
 Hardware stack levels used:    1
 This function calls:
		Nothing
 This function is called by:
		_printf
		_getche
 This function uses a non-reentrant model


 *************** function ___lwmod *****************
 Defined at:
		line 6 in file "C:\Program Files (x86)\Microchip\xc8\v1.45\sources\common\lwmod.c"
 Parameters:    Size  Location     Type
  divisor         2    8[COMMON] unsigned int 
  dividend        2   10[COMMON] unsigned int 
 Auto vars:     Size  Location     Type
  counter         1   13[COMMON] unsigned char 
 Return value:  Size  Location     Type
                  2    8[COMMON] unsigned int 
 Registers used:
		wreg, status,2, status,0
 Tracked objects:
		On entry : 
		On exit  : 
		Unchanged: 
 Data sizes:     COMMON   BANK0   BANK1   BANK2   BANK3   BANK4   BANK5   BANK6   BANK7   BANK8   BANK9  BANK10  BANK11  BANK12
      Params:         4       0       0       0       0       0       0       0       0       0       0       0       0       0
      Locals:         1       0       0       0       0       0       0       0       0       0       0       0       0       0
      Temps:          1       0       0       0       0       0       0       0       0       0       0       0       0       0
      Totals:         6       0       0       0       0       0       0       0       0       0       0       0       0       0
Total ram usage:        6 bytes
 Hardware stack levels used:    1
 This function calls:
		Nothing
 This function is called by:
		_printf
 This function uses a non-reentrant model


 *************** function ___lwdiv *****************
 Defined at:
		line 6 in file "C:\Program Files (x86)\Microchip\xc8\v1.45\sources\common\lwdiv.c"
 Parameters:    Size  Location     Type
  divisor         2    0[COMMON] unsigned int 
  dividend        2    2[COMMON] unsigned int 
 Auto vars:     Size  Location     Type
  quotient        2    5[COMMON] unsigned int 
  counter         1    7[COMMON] unsigned char 
 Return value:  Size  Location     Type
                  2    0[COMMON] unsigned int 
 Registers used:
		wreg, status,2, status,0
 Tracked objects:
		On entry : 
		On exit  : 
		Unchanged: 
 Data sizes:     COMMON   BANK0   BANK1   BANK2   BANK3   BANK4   BANK5   BANK6   BANK7   BANK8   BANK9  BANK10  BANK11  BANK12
      Params:         4       0       0       0       0       0       0       0       0       0       0       0       0       0
      Locals:         3       0       0       0       0       0       0       0       0       0       0       0       0       0
      Temps:          1       0       0       0       0       0       0       0       0       0       0       0       0       0
      Totals:         8       0       0       0       0       0       0       0       0       0       0       0       0       0
Total ram usage:        8 bytes
 Hardware stack levels used:    1
 This function calls:
		Nothing
 This function is called by:
		_printf
 This function uses a non-reentrant model


 *************** function _pinConfig *****************
 Defined at:
		line 130 in file "main.c"
 Parameters:    Size  Location     Type
		None
 Auto vars:     Size  Location     Type
		None
 Return value:  Size  Location     Type
                  1    wreg      void 
 Registers used:
		wreg, status,2
 Tracked objects:
		On entry : 
		On exit  : 
		Unchanged: 
 Data sizes:     COMMON   BANK0   BANK1   BANK2   BANK3   BANK4   BANK5   BANK6   BANK7   BANK8   BANK9  BANK10  BANK11  BANK12
      Params:         0       0       0       0       0       0       0       0       0       0       0       0       0       0
      Locals:         0       0       0       0       0       0       0       0       0       0       0       0       0       0
      Temps:          0       0       0       0       0       0       0       0       0       0       0       0       0       0
      Totals:         0       0       0       0       0       0       0       0       0       0       0       0       0       0
Total ram usage:        0 bytes
 Hardware stack levels used:    1
 This function calls:
		Nothing
 This function is called by:
		_main
 This function uses a non-reentrant model


 *************** function ___lwtoft *****************
 Defined at:
		line 28 in file "C:\Program Files (x86)\Microchip\xc8\v1.45\sources\common\lwtoft.c"
 Parameters:    Size  Location     Type
  c               2    8[COMMON] unsigned int 
 Auto vars:     Size  Location     Type
		None
 Return value:  Size  Location     Type
                  3    8[COMMON] float 
 Registers used:
		wreg, status,2, status,0, pclath, cstack
 Tracked objects:
		On entry : 
		On exit  : 
		Unchanged: 
 Data sizes:     COMMON   BANK0   BANK1   BANK2   BANK3   BANK4   BANK5   BANK6   BANK7   BANK8   BANK9  BANK10  BANK11  BANK12
      Params:         3       0       0       0       0       0       0       0       0       0       0       0       0       0
      Locals:         0       0       0       0       0       0       0       0       0       0       0       0       0       0
      Temps:          1       0       0       0       0       0       0       0       0       0       0       0       0       0
      Totals:         4       0       0       0       0       0       0       0       0       0       0       0       0       0
Total ram usage:        4 bytes
 Hardware stack levels used:    1
 Hardware stack levels required when called:    1
 This function calls:
		___ftpack
 This function is called by:
		_main
 This function uses a non-reentrant model


 *************** function ___ftneg *****************
 Defined at:
		line 15 in file "C:\Program Files (x86)\Microchip\xc8\v1.45\sources\common\ftneg.c"
 Parameters:    Size  Location     Type
  f1              3   16[BANK0 ] float 
 Auto vars:     Size  Location     Type
		None
 Return value:  Size  Location     Type
                  3   16[BANK0 ] float 
 Registers used:
		wreg
 Tracked objects:
		On entry : 
		On exit  : 
		Unchanged: 
 Data sizes:     COMMON   BANK0   BANK1   BANK2   BANK3   BANK4   BANK5   BANK6   BANK7   BANK8   BANK9  BANK10  BANK11  BANK12
      Params:         0       3       0       0       0       0       0       0       0       0       0       0       0       0
      Locals:         0       0       0       0       0       0       0       0       0       0       0       0       0       0
      Temps:          0       0       0       0       0       0       0       0       0       0       0       0       0       0
      Totals:         0       3       0       0       0       0       0       0       0       0       0       0       0       0
Total ram usage:        3 bytes
 Hardware stack levels used:    1
 This function calls:
		Nothing
 This function is called by:
		_main
 This function uses a non-reentrant model


 *************** function ___ftmul *****************
 Defined at:
		line 62 in file "C:\Program Files (x86)\Microchip\xc8\v1.45\sources\common\ftmul.c"
 Parameters:    Size  Location     Type
  f1              3   32[BANK0 ] float 
  f2              3   35[BANK0 ] float 
 Auto vars:     Size  Location     Type
  f3_as_produc    3   43[BANK0 ] unsigned um
  sign            1   47[BANK0 ] unsigned char 
  cntr            1   46[BANK0 ] unsigned char 
  exp             1   42[BANK0 ] unsigned char 
 Return value:  Size  Location     Type
                  3   32[BANK0 ] float 
 Registers used:
		wreg, status,2, status,0, pclath, cstack
 Tracked objects:
		On entry : 
		On exit  : 
		Unchanged: 
 Data sizes:     COMMON   BANK0   BANK1   BANK2   BANK3   BANK4   BANK5   BANK6   BANK7   BANK8   BANK9  BANK10  BANK11  BANK12
      Params:         0       6       0       0       0       0       0       0       0       0       0       0       0       0
      Locals:         0       6       0       0       0       0       0       0       0       0       0       0       0       0
      Temps:          0       4       0       0       0       0       0       0       0       0       0       0       0       0
      Totals:         0      16       0       0       0       0       0       0       0       0       0       0       0       0
Total ram usage:       16 bytes
 Hardware stack levels used:    1
 Hardware stack levels required when called:    1
 This function calls:
		___ftpack
 This function is called by:
		_main
 This function uses a non-reentrant model


 *************** function ___ftdiv *****************
 Defined at:
		line 56 in file "C:\Program Files (x86)\Microchip\xc8\v1.45\sources\common\ftdiv.c"
 Parameters:    Size  Location     Type
  f2              3    0[BANK0 ] float 
  f1              3    3[BANK0 ] float 
 Auto vars:     Size  Location     Type
  f3              3   11[BANK0 ] float 
  sign            1   15[BANK0 ] unsigned char 
  exp             1   14[BANK0 ] unsigned char 
  cntr            1   10[BANK0 ] unsigned char 
 Return value:  Size  Location     Type
                  3    0[BANK0 ] float 
 Registers used:
		wreg, status,2, status,0, pclath, cstack
 Tracked objects:
		On entry : 
		On exit  : 
		Unchanged: 
 Data sizes:     COMMON   BANK0   BANK1   BANK2   BANK3   BANK4   BANK5   BANK6   BANK7   BANK8   BANK9  BANK10  BANK11  BANK12
      Params:         0       6       0       0       0       0       0       0       0       0       0       0       0       0
      Locals:         0       6       0       0       0       0       0       0       0       0       0       0       0       0
      Temps:          0       4       0       0       0       0       0       0       0       0       0       0       0       0
      Totals:         0      16       0       0       0       0       0       0       0       0       0       0       0       0
Total ram usage:       16 bytes
 Hardware stack levels used:    1
 Hardware stack levels required when called:    1
 This function calls:
		___ftpack
 This function is called by:
		_main
 This function uses a non-reentrant model


 *************** function ___ftadd *****************
 Defined at:
		line 86 in file "C:\Program Files (x86)\Microchip\xc8\v1.45\sources\common\ftadd.c"
 Parameters:    Size  Location     Type
  f1              3   19[BANK0 ] float 
  f2              3   22[BANK0 ] float 
 Auto vars:     Size  Location     Type
  exp1            1   31[BANK0 ] unsigned char 
  exp2            1   30[BANK0 ] unsigned char 
  sign            1   29[BANK0 ] unsigned char 
 Return value:  Size  Location     Type
                  3   19[BANK0 ] float 
 Registers used:
		wreg, status,2, status,0, pclath, cstack
 Tracked objects:
		On entry : 
		On exit  : 
		Unchanged: 
 Data sizes:     COMMON   BANK0   BANK1   BANK2   BANK3   BANK4   BANK5   BANK6   BANK7   BANK8   BANK9  BANK10  BANK11  BANK12
      Params:         0       6       0       0       0       0       0       0       0       0       0       0       0       0
      Locals:         0       3       0       0       0       0       0       0       0       0       0       0       0       0
      Temps:          0       4       0       0       0       0       0       0       0       0       0       0       0       0
      Totals:         0      13       0       0       0       0       0       0       0       0       0       0       0       0
Total ram usage:       13 bytes
 Hardware stack levels used:    1
 Hardware stack levels required when called:    1
 This function calls:
		___ftpack
 This function is called by:
		_main
 This function uses a non-reentrant model


 *************** function ___ftpack *****************
 Defined at:
		line 62 in file "C:\Program Files (x86)\Microchip\xc8\v1.45\sources\common\float.c"
 Parameters:    Size  Location     Type
  arg             3    0[COMMON] unsigned um
  exp             1    3[COMMON] unsigned char 
  sign            1    4[COMMON] unsigned char 
 Auto vars:     Size  Location     Type
		None
 Return value:  Size  Location     Type
                  3    0[COMMON] float 
 Registers used:
		wreg, status,2, status,0
 Tracked objects:
		On entry : 
		On exit  : 
		Unchanged: 
 Data sizes:     COMMON   BANK0   BANK1   BANK2   BANK3   BANK4   BANK5   BANK6   BANK7   BANK8   BANK9  BANK10  BANK11  BANK12
      Params:         5       0       0       0       0       0       0       0       0       0       0       0       0       0
      Locals:         0       0       0       0       0       0       0       0       0       0       0       0       0       0
      Temps:          3       0       0       0       0       0       0       0       0       0       0       0       0       0
      Totals:         8       0       0       0       0       0       0       0       0       0       0       0       0       0
Total ram usage:        8 bytes
 Hardware stack levels used:    1
 This function calls:
		Nothing
 This function is called by:
		___ftadd
		___ftdiv
		___ftmul
		___lwtoft
 This function uses a non-reentrant model


 *************** function _RA5Blink *****************
 Defined at:
		line 146 in file "main.c"
 Parameters:    Size  Location     Type
		None
 Auto vars:     Size  Location     Type
		None
 Return value:  Size  Location     Type
                  1    wreg      void 
 Registers used:
		wreg
 Tracked objects:
		On entry : 
		On exit  : 
		Unchanged: 
 Data sizes:     COMMON   BANK0   BANK1   BANK2   BANK3   BANK4   BANK5   BANK6   BANK7   BANK8   BANK9  BANK10  BANK11  BANK12
      Params:         0       0       0       0       0       0       0       0       0       0       0       0       0       0
      Locals:         0       0       0       0       0       0       0       0       0       0       0       0       0       0
      Temps:          2       0       0       0       0       0       0       0       0       0       0       0       0       0
      Totals:         2       0       0       0       0       0       0       0       0       0       0       0       0       0
Total ram usage:        2 bytes
 Hardware stack levels used:    1
 This function calls:
		Nothing
 This function is called by:
		_main
 This function uses a non-reentrant model



MODULE INFORMATION

Module		Function		Class		Link	Load	Size
C:\Program Files (x86)\Microchip\xc8\v1.45\sources\common\ftneg.c
		___ftneg       		CODE           	02C8	0000	10

C:\Program Files (x86)\Microchip\xc8\v1.45\sources\common\ftneg.c estimated size: 10

C:\Program Files (x86)\Microchip\xc8\v1.45\sources\common\float.c
		___ftpack      		CODE           	0382	0000	101

C:\Program Files (x86)\Microchip\xc8\v1.45\sources\common\float.c estimated size: 101

C:\Program Files (x86)\Microchip\xc8\v1.45\sources\common\doprnt.c
		_printf        		CODE           	0543	0000	184

C:\Program Files (x86)\Microchip\xc8\v1.45\sources\common\doprnt.c estimated size: 184

C:\Program Files (x86)\Microchip\xc8\v1.45\sources\common\lwmod.c
		___lwmod       		CODE           	0322	0000	45

C:\Program Files (x86)\Microchip\xc8\v1.45\sources\common\lwmod.c estimated size: 45

C:\Program Files (x86)\Microchip\xc8\v1.45\sources\common\ftmul.c
		___ftmul       		CODE           	048F	0000	181

C:\Program Files (x86)\Microchip\xc8\v1.45\sources\common\ftmul.c estimated size: 181

C:\Program Files (x86)\Microchip\xc8\v1.45\sources\common\ftdiv.c
		___ftdiv       		CODE           	03E6	0000	170

C:\Program Files (x86)\Microchip\xc8\v1.45\sources\common\ftdiv.c estimated size: 170

shared
		_dpowers       		STRCODE        	0800	0000	11
		__initialization		CODE           	07F3	0000	11

shared estimated size: 22

C:\Program Files (x86)\Microchip\xc8\v1.45\sources\common\lwdiv.c
		___lwdiv       		CODE           	034E	0000	53

C:\Program Files (x86)\Microchip\xc8\v1.45\sources\common\lwdiv.c estimated size: 53

C:\Program Files (x86)\Microchip\xc8\v1.45\sources\common\ftadd.c
		___ftadd       		CODE           	05FA	0000	247

C:\Program Files (x86)\Microchip\xc8\v1.45\sources\common\ftadd.c estimated size: 247

main.c
		_pinConfig     		CODE           	0305	0000	30
		_putch         		CODE           	02C0	0000	9
		_main          		CODE           	06F0	0000	260
		_setup_comms   		CODE           	02E1	0000	18
		_RA5Blink      		CODE           	02D1	0000	17

main.c estimated size: 334

C:\Program Files (x86)\Microchip\xc8\v1.45\sources\common\lwtoft.c
		___lwtoft      		CODE           	02F2	0000	20

C:\Program Files (x86)\Microchip\xc8\v1.45\sources\common\lwtoft.c estimated size: 20

