Microchip MPLAB XC8 Compiler V1.45 ()

Linker command line:

-W-3 --edf=/opt/microchip/xc8/v1.45/dat/en_msgs.txt -cs \
  -h+dist/default/production/Lab-7-A2D-and-USART.X.production.sym \
  --cmf=dist/default/production/Lab-7-A2D-and-USART.X.production.cmf -z \
  -Q16F1829 -o/tmp/xcXXNBBZF \
  -Mdist/default/production/Lab-7-A2D-and-USART.X.production.map -E1 \
  -ver=XC8 -ASTACK=0208Bh-023efh -pstack=STACK -ACODE=00h-07FFhx4 \
  -ASTRCODE=00h-01FFFh -ASTRING=00h-0FFhx32 -ACONST=00h-0FFhx32 \
  -AENTRY=00h-0FFhx32 -ACOMMON=070h-07Fh -ABANK0=020h-06Fh \
  -ABANK1=0A0h-0EFh -ABANK2=0120h-016Fh -ABANK3=01A0h-01EFh \
  -ABANK4=0220h-026Fh -ABANK5=02A0h-02EFh -ABANK6=0320h-036Fh \
  -ABANK7=03A0h-03EFh -ABANK8=0420h-046Fh -ABANK9=04A0h-04EFh \
  -ABANK10=0520h-056Fh -ABANK11=05A0h-05EFh -ABANK12=0620h-064Fh \
  -ABIGRAM=02000h-023EFh \
  -ARAM=020h-06Fh,0A0h-0EFh,0120h-016Fh,01A0h-01EFh,0220h-026Fh,02A0h-02EFh,0320h-036Fh,03A0h-03EFh,0420h-046Fh,04A0h-04EFh,0520h-056Fh,05A0h-05EFh,0620h-064Fh \
  -AABS1=020h-07Fh,0A0h-0EFh,0120h-016Fh,01A0h-01EFh,0220h-026Fh,02A0h-02EFh,0320h-036Fh,03A0h-03EFh,0420h-046Fh,04A0h-04EFh,0520h-056Fh,05A0h-05EFh,0620h-064Fh \
  -ASFR0=00h-01Fh -ASFR1=080h-09Fh -ASFR2=0100h-011Fh -ASFR3=0180h-019Fh \
  -ASFR4=0200h-021Fh -ASFR5=0280h-029Fh -ASFR6=0300h-031Fh \
  -ASFR7=0380h-039Fh -ASFR8=0400h-041Fh -ASFR9=0480h-049Fh \
  -ASFR10=0500h-051Fh -ASFR11=0580h-059Fh -ASFR12=0600h-061Fh \
  -ASFR13=0680h-06EFh -ASFR14=0700h-076Fh -ASFR15=0780h-07EFh \
  -ASFR16=0800h-086Fh -ASFR17=0880h-08EFh -ASFR18=0900h-096Fh \
  -ASFR19=0980h-09EFh -ASFR20=0A00h-0A6Fh -ASFR21=0A80h-0AEFh \
  -ASFR22=0B00h-0B6Fh -ASFR23=0B80h-0BEFh -ASFR24=0C00h-0C6Fh \
  -ASFR25=0C80h-0CEFh -ASFR26=0D00h-0D6Fh -ASFR27=0D80h-0DEFh \
  -ASFR28=0E00h-0E6Fh -ASFR29=0E80h-0EEFh -ASFR30=0F00h-0F6Fh \
  -ASFR31=0F80h-0FEFh -preset_vec=00h,intentry,init,end_init -ppowerup=CODE \
  -pcinit=CODE -pfunctab=ENTRY -ACONFIG=08007h-08008h -pconfig=CONFIG \
  -DCONFIG=2 -AIDLOC=08000h-08003h -pidloc=IDLOC -DIDLOC=2 \
  -AEEDATA=00h-0FFh/0F000h -peeprom_data=EEDATA -DEEDATA=2 -DCODE=2 \
  -DSTRCODE=2 -DSTRING=2 -DCONST=2 -DENTRY=2 -k /tmp/xcXCU39SH.obj \
  dist/default/production/Lab-7-A2D-and-USART.X.production.obj 

Object code version is 3.11

Machine type is 16F1829



                Name                               Link     Load   Length Selector   Space Scale
/tmp/xcXCU39SH.obj
                end_init                              2        2        2        0       0
                reset_vec                             0        0        2        0       0
                config                             8007     8007        2    1000E       0
dist/default/production/Lab-7-A2D-and-USART.X.production.obj
                cinit                               7F6      7F6        A      FEC       0
                text24                              806      806       64     100C       0
                text23                             16A3     16A3       A9     2D46       0
                text22                             144B     144B       13     2896       0
                text21                             147A     147A       1D     28F4       0
                text20                             14B5     14B5       3B     296A       0
                text19                             1434     1434        9     2868       0
                text18                              86A      86A       F6     10D4       0
                text17                             1497     1497       1E     292E       0
                text16                             161C     161C       87     2C38       0
                text15                             1578     1578       52     2AF0       0
                text14                             14F0     14F0       43     29E0       0
                text13                               16       16       28       2C       0
                text12                              960      960      11D     12C0       0
                text11                               3E       3E       B6       7C       0
                text10                             15CA     15CA       52     2B94       0
                text9                              1533     1533       45     2A66       0
                text8                              174C     174C       B4     2E98       0
                text7                              145E     145E       1C     28BC       0
                text6                               A7D      A7D      165     14FA       0
                text5                              143D     143D        E     287A       0
                text4                              142C     142C        8     2858       0
                text3                               DBC      DBC      244     1B78       0
                text2                                F4       F4      702      1E8       0
                text1                                 5        5       11        A       0
                maintext                            BE2      BE2      1DA     17C4       0
                cstackBANK0                          20       20       4F       20       1
                cstackCOMMON                         70       70        E       70       1
                cstackBANK1                          A0       A0       2A       A0       1
                clrtext                             800      800        6      FEC       0
                bssBANK1                             CA       CA       11       A0       1
                stringtext4                        1883     1883       44     3000       0
                stringtext3                        1800     1800       83     3000       0
                stringtext2                        18EF     18EF       27     3000       0
                stringtext1                        18C7     18C7       28     3000       0

TOTAL           Name                               Link     Load   Length     Space
        CLASS   STACK          

        CLASS   CODE           
                end_init                              2        2        2         0
                cinit                               7F6      7F6        A         0
                reset_vec                             0        0        2         0
                text24                              806      806       64         0
                text23                             16A3     16A3       A9         0
                text22                             144B     144B       13         0
                text21                             147A     147A       1D         0
                text20                             14B5     14B5       3B         0
                text19                             1434     1434        9         0
                text18                              86A      86A       F6         0
                text17                             1497     1497       1E         0
                text16                             161C     161C       87         0
                text15                             1578     1578       52         0
                text14                             14F0     14F0       43         0
                text13                               16       16       28         0
                text12                              960      960      11D         0
                text11                               3E       3E       B6         0
                text10                             15CA     15CA       52         0
                text9                              1533     1533       45         0
                text8                              174C     174C       B4         0
                text7                              145E     145E       1C         0
                text6                               A7D      A7D      165         0
                text5                              143D     143D        E         0
                text4                              142C     142C        8         0
                text3                               DBC      DBC      244         0
                text2                                F4       F4      702         0
                text1                                 5        5       11         0
                maintext                            BE2      BE2      1DA         0
                clrtext                             800      800        6         0

        CLASS   STRCODE        
                stringtext4                        1883     1883       44         0
                stringtext3                        1800     1800       83         0
                stringtext2                        18EF     18EF       27         0
                stringtext1                        18C7     18C7       28         0

        CLASS   STRING         

        CLASS   CONST          

        CLASS   ENTRY          

        CLASS   COMMON         
                cstackCOMMON                         70       70        E         1

        CLASS   BANK0          
                cstackBANK0                          20       20       4F         1

        CLASS   BANK1          
                cstackBANK1                          A0       A0       2A         1
                bssBANK1                             CA       CA       11         1

        CLASS   BANK2          

        CLASS   BANK3          

        CLASS   BANK4          

        CLASS   BANK5          

        CLASS   BANK6          

        CLASS   BANK7          

        CLASS   BANK8          

        CLASS   BANK9          

        CLASS   BANK10         

        CLASS   BANK11         

        CLASS   BANK12         

        CLASS   BIGRAM         

        CLASS   RAM            

        CLASS   ABS1           
                abs_s1                               7E       7E        2         1

        CLASS   SFR0           

        CLASS   SFR1           

        CLASS   SFR2           

        CLASS   SFR3           

        CLASS   SFR4           

        CLASS   SFR5           

        CLASS   SFR6           

        CLASS   SFR7           

        CLASS   SFR8           

        CLASS   SFR9           

        CLASS   SFR10          

        CLASS   SFR11          

        CLASS   SFR12          

        CLASS   SFR13          

        CLASS   SFR14          

        CLASS   SFR15          

        CLASS   SFR16          

        CLASS   SFR17          

        CLASS   SFR18          

        CLASS   SFR19          

        CLASS   SFR20          

        CLASS   SFR21          

        CLASS   SFR22          

        CLASS   SFR23          

        CLASS   SFR24          

        CLASS   SFR25          

        CLASS   SFR26          

        CLASS   SFR27          

        CLASS   SFR28          

        CLASS   SFR29          

        CLASS   SFR30          

        CLASS   SFR31          

        CLASS   CONFIG         
                config                             8007     8007        2         0

        CLASS   IDLOC          

        CLASS   EEDATA         

        CLASS   BANK31         

        CLASS   BANK30         

        CLASS   BANK29         

        CLASS   BANK28         

        CLASS   BANK27         

        CLASS   BANK26         

        CLASS   BANK25         

        CLASS   BANK24         

        CLASS   BANK23         

        CLASS   BANK22         

        CLASS   BANK21         

        CLASS   BANK20         

        CLASS   BANK19         

        CLASS   BANK18         

        CLASS   BANK17         

        CLASS   BANK16         

        CLASS   BANK15         

        CLASS   BANK14         

        CLASS   BANK13         



SEGMENTS        Name                           Load    Length   Top    Selector   Space  Class     Delta

                reset_vec                      000000  000004  000004         0       0  CODE        2
                text1                          000005  000011  000016         A       0  CODE        2
                cstackBANK0                    000020  00004F  00006F        20       1  BANK0       1
                text13                         000016  000028  00003E        2C       0  CODE        2
                cstackCOMMON                   000070  00000E  00007E        70       1  COMMON      1
                text11                         00003E  0000B6  0000F4        7C       0  CODE        2
                cstackBANK1                    0000A0  00003B  0000DB        A0       1  BANK1       1
                text2                          0000F4  000702  0007F6       1E8       0  CODE        2
                cinit                          0007F6  000010  000806       FEC       0  CODE        2
                text24                         000806  000064  00086A      100C       0  CODE        2
                text18                         00086A  0000F6  000960      10D4       0  CODE        2
                text12                         000960  00011D  000A7D      12C0       0  CODE        2
                text6                          000A7D  000165  000BE2      14FA       0  CODE        2
                maintext                       000BE2  0001DA  000DBC      17C4       0  CODE        2
                text3                          000DBC  000244  001000      1B78       0  CODE        2
                text4                          00142C  000008  001434      2858       0  CODE        2
                text19                         001434  000009  00143D      2868       0  CODE        2
                text5                          00143D  00000E  00144B      287A       0  CODE        2
                text22                         00144B  000013  00145E      2896       0  CODE        2
                text7                          00145E  00001C  00147A      28BC       0  CODE        2
                text21                         00147A  00001D  001497      28F4       0  CODE        2
                text17                         001497  00001E  0014B5      292E       0  CODE        2
                text20                         0014B5  00003B  0014F0      296A       0  CODE        2
                text14                         0014F0  000043  001533      29E0       0  CODE        2
                text9                          001533  000045  001578      2A66       0  CODE        2
                text15                         001578  000052  0015CA      2AF0       0  CODE        2
                text10                         0015CA  000052  00161C      2B94       0  CODE        2
                text16                         00161C  000087  0016A3      2C38       0  CODE        2
                text23                         0016A3  0000A9  00174C      2D46       0  CODE        2
                text8                          00174C  0000B4  001800      2E98       0  CODE        2
                stringtext3                    001800  000116  001916      3000       0  STRCODE     2
                config                         008007  000002  008009     1000E       0  CONFIG      2


UNUSED ADDRESS RANGES

        Name                Unused          Largest block    Delta
        BANK0            0006F-0006F               1           1
        BANK1            000DB-000EF              15           1
        BANK10           00520-0056F              50           1
        BANK11           005A0-005EF              50           1
        BANK12           00620-0064F              30           1
        BANK2            00120-0016F              50           1
        BANK3            001A0-001EF              50           1
        BANK4            00220-0026F              50           1
        BANK5            002A0-002EF              50           1
        BANK6            00320-0036F              50           1
        BANK7            003A0-003EF              50           1
        BANK8            00420-0046F              50           1
        BANK9            004A0-004EF              50           1
        BIGRAM           02000-023EF             3F0           1
        CODE             00004-00004               1           2
                         01000-0142B             42C
                         01916-01FFF             6EA
        CONST            00004-00004               1           2
                         01000-0142B             100
                         01916-01FFF             100
        EEDATA           0F000-0F0FF             100           2
        ENTRY            00004-00004               1           2
                         01000-0142B             100
                         01916-01FFF             100
        IDLOC            08000-08003               4           2
        RAM              0006F-0006F               1           1
                         000DB-000EF              15
                         00120-0016F              50
                         001A0-001EF              50
                         00220-0026F              50
                         002A0-002EF              50
                         00320-0036F              50
                         003A0-003EF              50
                         00420-0046F              50
                         004A0-004EF              50
                         00520-0056F              50
                         005A0-005EF              50
                         00620-0064F              30
        SFR0             00000-0001F              20           1
        SFR1             00080-0009F              20           1
        SFR10            00500-0051F              20           1
        SFR11            00580-0059F              20           1
        SFR12            00600-0061F              20           1
        SFR13            00680-006EF              70           1
        SFR14            00700-0076F              70           1
        SFR15            00780-007EF              70           1
        SFR16            00800-0086F              70           1
        SFR17            00880-008EF              70           1
        SFR18            00900-0096F              70           1
        SFR19            00980-009EF              70           1
        SFR2             00100-0011F              20           1
        SFR20            00A00-00A6F              70           1
        SFR21            00A80-00AEF              70           1
        SFR22            00B00-00B6F              70           1
        SFR23            00B80-00BEF              70           1
        SFR24            00C00-00C6F              70           1
        SFR25            00C80-00CEF              70           1
        SFR26            00D00-00D6F              70           1
        SFR27            00D80-00DEF              70           1
        SFR28            00E00-00E6F              70           1
        SFR29            00E80-00EEF              70           1
        SFR3             00180-0019F              20           1
        SFR30            00F00-00F6F              70           1
        SFR31            00F80-00FEF              70           1
        SFR4             00200-0021F              20           1
        SFR5             00280-0029F              20           1
        SFR6             00300-0031F              20           1
        SFR7             00380-0039F              20           1
        SFR8             00400-0041F              20           1
        SFR9             00480-0049F              20           1
        STACK            0208B-023EF             365           1
        STRCODE          00004-00004               1           2
                         01000-0142B             42C
                         01916-01FFF             6EA
        STRING           00004-00004               1           2
                         01000-0142B             100
                         01916-01FFF             100

                                  Symbol Table

?___awdiv                cstackCOMMON 00077
?___awmod                cstackCOMMON 00070
?___ftadd                cstackBANK0  00033
?___ftdiv                cstackBANK0  00020
?___ftmul                cstackBANK0  00040
?___ftneg                cstackBANK0  00030
?___ftpack               cstackCOMMON 00070
?___ftsub                cstackBANK0  00040
?___fttol                cstackBANK0  00059
?___lldiv                cstackCOMMON 00070
?___llmod                cstackBANK0  00020
?___lltoft               cstackCOMMON 00078
?___lwtoft               cstackCOMMON 00078
?___wmul                 cstackBANK0  00024
?__div_to_l_             cstackCOMMON 00070
?__tdiv_to_l_            cstackCOMMON 00070
?_fround                 cstackBANK0  00050
?_printf                 cstackBANK1  000A0
?_scale                  cstackBANK0  00050
_ADCON0                  (abs)        0009D
_ADCON1                  (abs)        0009E
_ADGO                    (abs)        004E9
_ADRESH                  (abs)        0009C
_ADRESL                  (abs)        0009B
_ANSELA                  (abs)        0018C
_ANSELB                  (abs)        0018D
_ANSELC                  (abs)        0018E
_BRGH                    (abs)        00CF2
_Ctemp                   bssBANK1     000D0
_FVRCON                  (abs)        00117
_FVval                   bssBANK1     000D5
_INTCON                  (abs)        0000B
_OSCCON                  (abs)        00099
_Photo                   bssBANK1     000D3
_Pval                    bssBANK1     000D9
_RA2                     (abs)        00062
_RA5                     (abs)        00065
_RC6                     (abs)        00076
_RCIF                    (abs)        0008D
_RCREG                   (abs)        00199
_RCSTA                   (abs)        0019D
_RXDTSEL                 (abs)        008EF
_SPBRG                   (abs)        0019B
_SPEN                    (abs)        00CEF
_SYNC                    (abs)        00CF4
_TRISA                   (abs)        0008C
_TRISB                   (abs)        0008D
_TRISC                   (abs)        0008E
_TRISC4                  (abs)        00474
_TRISC5                  (abs)        00475
_TSEN                    (abs)        008BD
_TSRNG                   (abs)        008BC
_TXCKSEL                 (abs)        008EA
_TXEN                    (abs)        00CF5
_TXIF                    (abs)        0008C
_TXREG                   (abs)        0019A
_TXSTA                   (abs)        0019E
_Temp                    bssBANK1     000D7
_Temperature             bssBANK1     000CD
_Voltage                 bssBANK1     000CA
__CFG_BOREN$OFF          (abs)        00000
__CFG_BORV$LO            (abs)        00000
__CFG_CLKOUTEN$OFF       (abs)        00000
__CFG_CP$OFF             (abs)        00000
__CFG_CPD$OFF            (abs)        00000
__CFG_FCMEN$OFF          (abs)        00000
__CFG_FOSC$INTOSC        (abs)        00000
__CFG_IESO$OFF           (abs)        00000
__CFG_LVP$ON             (abs)        00000
__CFG_MCLRE$ON           (abs)        00000
__CFG_PLLEN$OFF          (abs)        00000
__CFG_PWRTE$OFF          (abs)        00000
__CFG_STVREN$ON          (abs)        00000
__CFG_WDTE$OFF           (abs)        00000
__CFG_WRT$OFF            (abs)        00000
__Habs1                  abs1         00000
__Hbank0                 bank0        00000
__Hbank1                 bank1        00000
__Hbank10                bank10       00000
__Hbank11                bank11       00000
__Hbank12                bank12       00000
__Hbank13                bank13       00000
__Hbank14                bank14       00000
__Hbank15                bank15       00000
__Hbank16                bank16       00000
__Hbank17                bank17       00000
__Hbank18                bank18       00000
__Hbank19                bank19       00000
__Hbank2                 bank2        00000
__Hbank20                bank20       00000
__Hbank21                bank21       00000
__Hbank22                bank22       00000
__Hbank23                bank23       00000
__Hbank24                bank24       00000
__Hbank25                bank25       00000
__Hbank26                bank26       00000
__Hbank27                bank27       00000
__Hbank28                bank28       00000
__Hbank29                bank29       00000
__Hbank3                 bank3        00000
__Hbank30                bank30       00000
__Hbank31                bank31       00000
__Hbank4                 bank4        00000
__Hbank5                 bank5        00000
__Hbank6                 bank6        00000
__Hbank7                 bank7        00000
__Hbank8                 bank8        00000
__Hbank9                 bank9        00000
__Hbigram                bigram       00000
__HbssBANK1              bssBANK1     00000
__Hcinit                 cinit        00800
__Hclrtext               clrtext      00000
__Hcode                  code         00000
__Hcommon                common       00000
__Hconfig                config       08009
__HcstackBANK0           cstackBANK0  00000
__HcstackBANK1           cstackBANK1  00000
__HcstackCOMMON          cstackCOMMON 00000
__Heeprom_data           eeprom_data  00000
__Hend_init              end_init     00004
__Hfunctab               functab      00000
__Hidloc                 idloc        00000
__Hinit                  init         00002
__Hintentry              intentry     00002
__Hmaintext              maintext     00000
__Hpowerup               powerup      00000
__Hram                   ram          00000
__Hreset_vec             reset_vec    00002
__Hsfr0                  sfr0         00000
__Hsfr1                  sfr1         00000
__Hsfr10                 sfr10        00000
__Hsfr11                 sfr11        00000
__Hsfr12                 sfr12        00000
__Hsfr13                 sfr13        00000
__Hsfr14                 sfr14        00000
__Hsfr15                 sfr15        00000
__Hsfr16                 sfr16        00000
__Hsfr17                 sfr17        00000
__Hsfr18                 sfr18        00000
__Hsfr19                 sfr19        00000
__Hsfr2                  sfr2         00000
__Hsfr20                 sfr20        00000
__Hsfr21                 sfr21        00000
__Hsfr22                 sfr22        00000
__Hsfr23                 sfr23        00000
__Hsfr24                 sfr24        00000
__Hsfr25                 sfr25        00000
__Hsfr26                 sfr26        00000
__Hsfr27                 sfr27        00000
__Hsfr28                 sfr28        00000
__Hsfr29                 sfr29        00000
__Hsfr3                  sfr3         00000
__Hsfr30                 sfr30        00000
__Hsfr31                 sfr31        00000
__Hsfr4                  sfr4         00000
__Hsfr5                  sfr5         00000
__Hsfr6                  sfr6         00000
__Hsfr7                  sfr7         00000
__Hsfr8                  sfr8         00000
__Hsfr9                  sfr9         00000
__Hspace_0               (abs)        08009
__Hspace_1               (abs)        000DB
__Hspace_2               (abs)        00000
__Hspace_3               (abs)        00000
__Hstack                 stack        00000
__Hstrings               strings      00000
__Hstringtext1           stringtext1  00000
__Hstringtext2           stringtext2  00000
__Hstringtext3           stringtext3  00000
__Hstringtext4           stringtext4  00000
__Hstringtext5           stringtext5  00000
__Htext                  text         00000
__Labs1                  abs1         00000
__Lbank0                 bank0        00000
__Lbank1                 bank1        00000
__Lbank10                bank10       00000
__Lbank11                bank11       00000
__Lbank12                bank12       00000
__Lbank13                bank13       00000
__Lbank14                bank14       00000
__Lbank15                bank15       00000
__Lbank16                bank16       00000
__Lbank17                bank17       00000
__Lbank18                bank18       00000
__Lbank19                bank19       00000
__Lbank2                 bank2        00000
__Lbank20                bank20       00000
__Lbank21                bank21       00000
__Lbank22                bank22       00000
__Lbank23                bank23       00000
__Lbank24                bank24       00000
__Lbank25                bank25       00000
__Lbank26                bank26       00000
__Lbank27                bank27       00000
__Lbank28                bank28       00000
__Lbank29                bank29       00000
__Lbank3                 bank3        00000
__Lbank30                bank30       00000
__Lbank31                bank31       00000
__Lbank4                 bank4        00000
__Lbank5                 bank5        00000
__Lbank6                 bank6        00000
__Lbank7                 bank7        00000
__Lbank8                 bank8        00000
__Lbank9                 bank9        00000
__Lbigram                bigram       00000
__LbssBANK1              bssBANK1     00000
__Lcinit                 cinit        007F6
__Lclrtext               clrtext      00000
__Lcode                  code         00000
__Lcommon                common       00000
__Lconfig                config       08007
__LcstackBANK0           cstackBANK0  00000
__LcstackBANK1           cstackBANK1  00000
__LcstackCOMMON          cstackCOMMON 00000
__Leeprom_data           eeprom_data  00000
__Lend_init              end_init     00002
__Lfunctab               functab      00000
__Lidloc                 idloc        00000
__Linit                  init         00002
__Lintentry              intentry     00002
__Lmaintext              maintext     00000
__Lpowerup               powerup      00000
__Lram                   ram          00000
__Lreset_vec             reset_vec    00000
__Lsfr0                  sfr0         00000
__Lsfr1                  sfr1         00000
__Lsfr10                 sfr10        00000
__Lsfr11                 sfr11        00000
__Lsfr12                 sfr12        00000
__Lsfr13                 sfr13        00000
__Lsfr14                 sfr14        00000
__Lsfr15                 sfr15        00000
__Lsfr16                 sfr16        00000
__Lsfr17                 sfr17        00000
__Lsfr18                 sfr18        00000
__Lsfr19                 sfr19        00000
__Lsfr2                  sfr2         00000
__Lsfr20                 sfr20        00000
__Lsfr21                 sfr21        00000
__Lsfr22                 sfr22        00000
__Lsfr23                 sfr23        00000
__Lsfr24                 sfr24        00000
__Lsfr25                 sfr25        00000
__Lsfr26                 sfr26        00000
__Lsfr27                 sfr27        00000
__Lsfr28                 sfr28        00000
__Lsfr29                 sfr29        00000
__Lsfr3                  sfr3         00000
__Lsfr30                 sfr30        00000
__Lsfr31                 sfr31        00000
__Lsfr4                  sfr4         00000
__Lsfr5                  sfr5         00000
__Lsfr6                  sfr6         00000
__Lsfr7                  sfr7         00000
__Lsfr8                  sfr8         00000
__Lsfr9                  sfr9         00000
__Lspace_0               (abs)        00000
__Lspace_1               (abs)        00000
__Lspace_2               (abs)        00000
__Lspace_3               (abs)        00000
__Lstack                 stack        00000
__Lstrings               strings      00000
__Lstringtext1           stringtext1  00000
__Lstringtext2           stringtext2  00000
__Lstringtext3           stringtext3  00000
__Lstringtext4           stringtext4  00000
__Lstringtext5           stringtext5  00000
__Ltext                  text         00000
__S0                     (abs)        08009
__S1                     (abs)        000DB
__S2                     (abs)        00000
__S3                     (abs)        00000
___awdiv                 text10       015CA
___awdiv@counter         cstackBANK0  00020
___awdiv@dividend        cstackCOMMON 00079
___awdiv@divisor         cstackCOMMON 00077
___awdiv@quotient        cstackBANK0  00022
___awdiv@sign            cstackBANK0  00021
___awmod                 text9        01533
___awmod@counter         cstackCOMMON 00075
___awmod@dividend        cstackCOMMON 00072
___awmod@divisor         cstackCOMMON 00070
___awmod@sign            cstackCOMMON 00076
___ftadd                 text18       0086A
___ftadd@exp1            cstackBANK0  0003F
___ftadd@exp2            cstackBANK0  0003E
___ftadd@f1              cstackBANK0  00033
___ftadd@f2              cstackBANK0  00036
___ftadd@sign            cstackBANK0  0003D
___ftdiv                 text23       016A3
___ftdiv@cntr            cstackBANK0  0002A
___ftdiv@exp             cstackBANK0  0002E
___ftdiv@f1              cstackBANK0  00023
___ftdiv@f2              cstackBANK0  00020
___ftdiv@f3              cstackBANK0  0002B
___ftdiv@sign            cstackBANK0  0002F
___ftge                  text20       014B5
___ftge@ff1              cstackCOMMON 00070
___ftge@ff2              cstackCOMMON 00073
___ftmul                 text8        0174C
___ftmul@cntr            cstackBANK0  0004E
___ftmul@exp             cstackBANK0  0004A
___ftmul@f1              cstackBANK0  00040
___ftmul@f2              cstackBANK0  00043
___ftmul@f3_as_product   cstackBANK0  0004B
___ftmul@sign            cstackBANK0  0004F
___ftneg                 text19       01434
___ftneg@f1              cstackBANK0  00030
___ftpack                text24       00806
___ftpack@arg            cstackCOMMON 00070
___ftpack@exp            cstackCOMMON 00073
___ftpack@sign           cstackCOMMON 00074
___ftsub                 text17       01497
___ftsub@f1              cstackBANK0  00043
___ftsub@f2              cstackBANK0  00040
___fttol                 text16       0161C
___fttol@exp1            cstackBANK0  00066
___fttol@f1              cstackBANK0  00059
___fttol@lval            cstackBANK0  00062
___fttol@sign1           cstackBANK0  00061
___int_sp                stack        00000
___latbits               (abs)        00002
___lldiv                 text15       01578
___lldiv@counter         cstackCOMMON 0007D
___lldiv@dividend        cstackCOMMON 00074
___lldiv@divisor         cstackCOMMON 00070
___lldiv@quotient        cstackCOMMON 00079
___llmod                 text14       014F0
___llmod@counter         cstackBANK0  00029
___llmod@dividend        cstackBANK0  00024
___llmod@divisor         cstackBANK0  00020
___lltoft                text13       00016
___lltoft@c              cstackCOMMON 00078
___lltoft@exp            cstackCOMMON 0007D
___lwtoft                text22       0144B
___lwtoft@c              cstackCOMMON 00078
___sp                    stack        00000
___wmul                  text7        0145E
___wmul@multiplicand     cstackBANK0  00026
___wmul@multiplier       cstackBANK0  00024
___wmul@product          cstackCOMMON 0007C
__div_to_l_              text12       00960
__div_to_l_@cntr         cstackBANK0  00024
__div_to_l_@exp1         cstackBANK0  00025
__div_to_l_@f1           cstackCOMMON 00070
__div_to_l_@f2           cstackCOMMON 00073
__div_to_l_@quot         cstackBANK0  00020
__end_of___awdiv         text10       0161C
__end_of___awmod         text9        01578
__end_of___ftadd         text18       00960
__end_of___ftdiv         text23       0174C
__end_of___ftge          text20       014F0
__end_of___ftmul         text8        01800
__end_of___ftneg         text19       0143D
__end_of___ftpack        text24       0086A
__end_of___ftsub         text17       014B5
__end_of___fttol         text16       016A3
__end_of___lldiv         text15       015CA
__end_of___llmod         text14       01533
__end_of___lltoft        text13       0003E
__end_of___lwtoft        text22       0145E
__end_of___wmul          text7        0147A
__end_of__div_to_l_      text12       00A7D
__end_of__initialization cinit        007FD
__end_of__npowers_       stringtext3  01827
__end_of__powers_        stringtext2  01916
__end_of__tdiv_to_l_     text11       000F4
__end_of_dpowers         stringtext1  018EF
__end_of_fround          text6        00BE2
__end_of_isdigit         text5        0144B
__end_of_main            maintext     00DBC
__end_of_pinConfig       text21       01497
__end_of_printf          text2        007F6
__end_of_putch           text4        01434
__end_of_scale           text3        01000
__end_of_setup_comms     text1        00016
__initialization         cinit        007F6
__npowers_               stringtext3  01800
__pbssBANK1              bssBANK1     000CA
__pcstackBANK0           cstackBANK0  00020
__pcstackBANK1           cstackBANK1  000A0
__pcstackCOMMON          cstackCOMMON 00070
__pmaintext              maintext     00BE2
__powers_                stringtext2  018EF
__pstringtext1           stringtext1  018C7
__pstringtext2           stringtext2  018EF
__pstringtext3           stringtext3  01800
__pstringtext4           stringtext4  01883
__pstringtext5           stringtext5  00000
__ptext1                 text1        00005
__ptext10                text10       015CA
__ptext11                text11       0003E
__ptext12                text12       00960
__ptext13                text13       00016
__ptext14                text14       014F0
__ptext15                text15       01578
__ptext16                text16       0161C
__ptext17                text17       01497
__ptext18                text18       0086A
__ptext19                text19       01434
__ptext2                 text2        000F4
__ptext20                text20       014B5
__ptext21                text21       0147A
__ptext22                text22       0144B
__ptext23                text23       016A3
__ptext24                text24       00806
__ptext3                 text3        00DBC
__ptext4                 text4        0142C
__ptext5                 text5        0143D
__ptext6                 text6        00A7D
__ptext7                 text7        0145E
__ptext8                 text8        0174C
__ptext9                 text9        01533
__size_of___awdiv        (abs)        00000
__size_of___awmod        (abs)        00000
__size_of___ftadd        (abs)        00000
__size_of___ftdiv        (abs)        00000
__size_of___ftge         (abs)        00000
__size_of___ftmul        (abs)        00000
__size_of___ftneg        (abs)        00000
__size_of___ftpack       (abs)        00000
__size_of___ftsub        (abs)        00000
__size_of___fttol        (abs)        00000
__size_of___lldiv        (abs)        00000
__size_of___llmod        (abs)        00000
__size_of___lltoft       (abs)        00000
__size_of___lwtoft       (abs)        00000
__size_of___wmul         (abs)        00000
__size_of__div_to_l_     (abs)        00000
__size_of__tdiv_to_l_    (abs)        00000
__size_of_fround         (abs)        00000
__size_of_isdigit        (abs)        00000
__size_of_main           (abs)        00000
__size_of_pinConfig      (abs)        00000
__size_of_printf         (abs)        00000
__size_of_putch          (abs)        00000
__size_of_scale          (abs)        00000
__size_of_setup_comms    (abs)        00000
__tdiv_to_l_             text11       0003E
__tdiv_to_l_@cntr        cstackBANK0  00024
__tdiv_to_l_@exp1        cstackBANK0  00025
__tdiv_to_l_@f1          cstackCOMMON 00070
__tdiv_to_l_@f2          cstackCOMMON 00073
__tdiv_to_l_@quot        cstackBANK0  00020
_dpowers                 stringtext1  018C7
_fround                  text6        00A7D
_fround$564              cstackBANK0  0005A
_fround$565              cstackBANK0  00057
_isdigit                 text5        0143D
_isdigit$348             cstackCOMMON 00070
_main                    maintext     00BE2
_main$562                cstackBANK1  000C4
_main$563                cstackBANK1  000C7
_pinConfig               text21       0147A
_printf                  text2        000F4
_printf$567              cstackBANK1  000AC
_putch                   text4        0142C
_scale                   text3        00DBC
_scale$566               cstackBANK0  00055
_setup_comms             text1        00005
btemp                    (abs)        0007E
clear_ram0               clrtext      00800
end_of_initialization    cinit        007FD
fround@prec              cstackBANK0  0005D
intlevel0                functab      00000
intlevel1                functab      00000
intlevel2                functab      00000
intlevel3                functab      00000
intlevel4                functab      00000
intlevel5                functab      00000
isdigit@c                cstackCOMMON 00071
printf@ap                cstackBANK1  000AF
printf@c                 cstackBANK1  000C3
printf@exp               cstackBANK1  000B8
printf@f                 cstackBANK1  000A0
printf@flag              cstackBANK1  000BA
printf@fval              cstackBANK1  000BE
printf@prec              cstackBANK1  000C1
printf@tmpval            cstackBANK1  000B0
printf@val               cstackBANK1  000B4
printf@width             cstackBANK1  000BC
putch@byte               cstackCOMMON 00070
reset_vec                reset_vec    00000
scale@scl                cstackBANK0  00058
stackhi                  (abs)        023EF
stacklo                  (abs)        0208B
start                    init         00002
start_initialization     cinit        007F6
wtemp0                   (abs)        0007E


FUNCTION INFORMATION:

 *************** function _main *****************
 Defined at:
		line 49 in file "main.c"
 Parameters:    Size  Location     Type
		None
 Auto vars:     Size  Location     Type
		None
 Return value:  Size  Location     Type
                  1    wreg      void 
 Registers used:
		wreg, fsr0l, fsr0h, fsr1l, fsr1h, status,2, status,0, pclath, cstack
 Tracked objects:
		On entry : 
		On exit  : 
		Unchanged: 
 Data sizes:     COMMON   BANK0   BANK1   BANK2   BANK3   BANK4   BANK5   BANK6   BANK7   BANK8   BANK9  BANK10  BANK11  BANK12
      Params:         0       0       0       0       0       0       0       0       0       0       0       0       0       0
      Locals:         0       0       6       0       0       0       0       0       0       0       0       0       0       0
      Temps:          0       2       0       0       0       0       0       0       0       0       0       0       0       0
      Totals:         0       2       6       0       0       0       0       0       0       0       0       0       0       0
Total ram usage:        8 bytes
 Hardware stack levels required when called:    4
 This function calls:
		___ftadd
		___ftdiv
		___ftmul
		___ftneg
		___lwtoft
		_pinConfig
		_printf
		_setup_comms
 This function is called by:
		Startup code after reset
 This function uses a non-reentrant model


 *************** function _setup_comms *****************
 Defined at:
		line 136 in file "main.c"
 Parameters:    Size  Location     Type
		None
 Auto vars:     Size  Location     Type
		None
 Return value:  Size  Location     Type
                  1    wreg      void 
 Registers used:
		wreg
 Tracked objects:
		On entry : 
		On exit  : 
		Unchanged: 
 Data sizes:     COMMON   BANK0   BANK1   BANK2   BANK3   BANK4   BANK5   BANK6   BANK7   BANK8   BANK9  BANK10  BANK11  BANK12
      Params:         0       0       0       0       0       0       0       0       0       0       0       0       0       0
      Locals:         0       0       0       0       0       0       0       0       0       0       0       0       0       0
      Temps:          0       0       0       0       0       0       0       0       0       0       0       0       0       0
      Totals:         0       0       0       0       0       0       0       0       0       0       0       0       0       0
Total ram usage:        0 bytes
 Hardware stack levels used:    1
 This function calls:
		Nothing
 This function is called by:
		_main
 This function uses a non-reentrant model


 *************** function _printf *****************
 Defined at:
		line 464 in file "/opt/microchip/xc8/v1.45/sources/common/doprnt.c"
 Parameters:    Size  Location     Type
  f               2    0[BANK1 ] PTR const unsigned char 
		 -> STR_2(92), STR_1(68), 
 Auto vars:     Size  Location     Type
  val             4   20[BANK1 ] unsigned long 
  tmpval          4   16[BANK1 ] struct .
  fval            3   30[BANK1 ] struct .
  prec            2   33[BANK1 ] int 
  width           2   28[BANK1 ] int 
  flag            2   26[BANK1 ] unsigned short 
  exp             2   24[BANK1 ] int 
  cp              2    0        PTR const unsigned char 
  len             2    0        unsigned int 
  c               1   35[BANK1 ] char 
  ap              1   15[BANK1 ] PTR void [1]
		 -> ?_printf(2), 
  d               1    0        unsigned char 
 Return value:  Size  Location     Type
                  2    0[BANK1 ] int 
 Registers used:
		wreg, fsr0l, fsr0h, fsr1l, fsr1h, status,2, status,0, pclath, cstack
 Tracked objects:
		On entry : 
		On exit  : 
		Unchanged: 
 Data sizes:     COMMON   BANK0   BANK1   BANK2   BANK3   BANK4   BANK5   BANK6   BANK7   BANK8   BANK9  BANK10  BANK11  BANK12
      Params:         0       0      12       0       0       0       0       0       0       0       0       0       0       0
      Locals:         0       0      24       0       0       0       0       0       0       0       0       0       0       0
      Temps:          0       6       0       0       0       0       0       0       0       0       0       0       0       0
      Totals:         0       6      36       0       0       0       0       0       0       0       0       0       0       0
Total ram usage:       42 bytes
 Hardware stack levels used:    1
 Hardware stack levels required when called:    3
 This function calls:
		___awdiv
		___ftadd
		___ftge
		___ftmul
		___ftneg
		___ftsub
		___fttol
		___lldiv
		___llmod
		___lltoft
		___wmul
		__div_to_l_
		__tdiv_to_l_
		_fround
		_isdigit
		_putch
		_scale
 This function is called by:
		_main
 This function uses a non-reentrant model


 *************** function _scale *****************
 Defined at:
		line 425 in file "/opt/microchip/xc8/v1.45/sources/common/doprnt.c"
 Parameters:    Size  Location     Type
  scl             1    wreg     char 
 Auto vars:     Size  Location     Type
  scl             1   56[BANK0 ] char 
 Return value:  Size  Location     Type
                  3   48[BANK0 ] char 
 Registers used:
		wreg, fsr0l, fsr0h, status,2, status,0, pclath, cstack
 Tracked objects:
		On entry : 
		On exit  : 
		Unchanged: 
 Data sizes:     COMMON   BANK0   BANK1   BANK2   BANK3   BANK4   BANK5   BANK6   BANK7   BANK8   BANK9  BANK10  BANK11  BANK12
      Params:         0       3       0       0       0       0       0       0       0       0       0       0       0       0
      Locals:         0       4       0       0       0       0       0       0       0       0       0       0       0       0
      Temps:          0       2       0       0       0       0       0       0       0       0       0       0       0       0
      Totals:         0       9       0       0       0       0       0       0       0       0       0       0       0       0
Total ram usage:        9 bytes
 Hardware stack levels used:    1
 Hardware stack levels required when called:    2
 This function calls:
		___awdiv
		___awmod
		___ftmul
		___wmul
 This function is called by:
		_printf
 This function uses a non-reentrant model


 *************** function _putch *****************
 Defined at:
		line 148 in file "main.c"
 Parameters:    Size  Location     Type
  byte            1    wreg     unsigned char 
 Auto vars:     Size  Location     Type
  byte            1    0[COMMON] unsigned char 
 Return value:  Size  Location     Type
                  1    wreg      void 
 Registers used:
		wreg
 Tracked objects:
		On entry : 
		On exit  : 
		Unchanged: 
 Data sizes:     COMMON   BANK0   BANK1   BANK2   BANK3   BANK4   BANK5   BANK6   BANK7   BANK8   BANK9  BANK10  BANK11  BANK12
      Params:         0       0       0       0       0       0       0       0       0       0       0       0       0       0
      Locals:         1       0       0       0       0       0       0       0       0       0       0       0       0       0
      Temps:          0       0       0       0       0       0       0       0       0       0       0       0       0       0
      Totals:         1       0       0       0       0       0       0       0       0       0       0       0       0       0
Total ram usage:        1 bytes
 Hardware stack levels used:    1
 This function calls:
		Nothing
 This function is called by:
		_printf
		_getche
 This function uses a non-reentrant model


 *************** function _isdigit *****************
 Defined at:
		line 8 in file "/opt/microchip/xc8/v1.45/sources/common/isdigit.c"
 Parameters:    Size  Location     Type
  c               1    wreg     unsigned char 
 Auto vars:     Size  Location     Type
  c               1    1[COMMON] unsigned char 
 Return value:  Size  Location     Type
		None               void
 Registers used:
		wreg, status,2, status,0
 Tracked objects:
		On entry : 
		On exit  : 
		Unchanged: 
 Data sizes:     COMMON   BANK0   BANK1   BANK2   BANK3   BANK4   BANK5   BANK6   BANK7   BANK8   BANK9  BANK10  BANK11  BANK12
      Params:         0       0       0       0       0       0       0       0       0       0       0       0       0       0
      Locals:         2       0       0       0       0       0       0       0       0       0       0       0       0       0
      Temps:          0       0       0       0       0       0       0       0       0       0       0       0       0       0
      Totals:         2       0       0       0       0       0       0       0       0       0       0       0       0       0
Total ram usage:        2 bytes
 Hardware stack levels used:    1
 This function calls:
		Nothing
 This function is called by:
		_printf
 This function uses a non-reentrant model


 *************** function _fround *****************
 Defined at:
		line 409 in file "/opt/microchip/xc8/v1.45/sources/common/doprnt.c"
 Parameters:    Size  Location     Type
  prec            1    wreg     unsigned char 
 Auto vars:     Size  Location     Type
  prec            1   61[BANK0 ] unsigned char 
 Return value:  Size  Location     Type
                  3   48[BANK0 ] unsigned char 
 Registers used:
		wreg, fsr0l, fsr0h, status,2, status,0, pclath, cstack
 Tracked objects:
		On entry : 
		On exit  : 
		Unchanged: 
 Data sizes:     COMMON   BANK0   BANK1   BANK2   BANK3   BANK4   BANK5   BANK6   BANK7   BANK8   BANK9  BANK10  BANK11  BANK12
      Params:         0       3       0       0       0       0       0       0       0       0       0       0       0       0
      Locals:         0       7       0       0       0       0       0       0       0       0       0       0       0       0
      Temps:          0       4       0       0       0       0       0       0       0       0       0       0       0       0
      Totals:         0      14       0       0       0       0       0       0       0       0       0       0       0       0
Total ram usage:       14 bytes
 Hardware stack levels used:    1
 Hardware stack levels required when called:    2
 This function calls:
		___awdiv
		___awmod
		___ftmul
		___wmul
 This function is called by:
		_printf
 This function uses a non-reentrant model


 *************** function ___wmul *****************
 Defined at:
		line 15 in file "/opt/microchip/xc8/v1.45/sources/common/Umul16.c"
 Parameters:    Size  Location     Type
  multiplier      2    4[BANK0 ] unsigned int 
  multiplicand    2    6[BANK0 ] unsigned int 
 Auto vars:     Size  Location     Type
  product         2   12[COMMON] unsigned int 
 Return value:  Size  Location     Type
                  2    4[BANK0 ] unsigned int 
 Registers used:
		wreg, status,2, status,0
 Tracked objects:
		On entry : 
		On exit  : 
		Unchanged: 
 Data sizes:     COMMON   BANK0   BANK1   BANK2   BANK3   BANK4   BANK5   BANK6   BANK7   BANK8   BANK9  BANK10  BANK11  BANK12
      Params:         0       4       0       0       0       0       0       0       0       0       0       0       0       0
      Locals:         2       0       0       0       0       0       0       0       0       0       0       0       0       0
      Temps:          0       0       0       0       0       0       0       0       0       0       0       0       0       0
      Totals:         2       4       0       0       0       0       0       0       0       0       0       0       0       0
Total ram usage:        6 bytes
 Hardware stack levels used:    1
 This function calls:
		Nothing
 This function is called by:
		_fround
		_scale
		_printf
 This function uses a non-reentrant model


 *************** function ___ftmul *****************
 Defined at:
		line 62 in file "/opt/microchip/xc8/v1.45/sources/common/ftmul.c"
 Parameters:    Size  Location     Type
  f1              3   32[BANK0 ] float 
  f2              3   35[BANK0 ] float 
 Auto vars:     Size  Location     Type
  f3_as_produc    3   43[BANK0 ] unsigned um
  sign            1   47[BANK0 ] unsigned char 
  cntr            1   46[BANK0 ] unsigned char 
  exp             1   42[BANK0 ] unsigned char 
 Return value:  Size  Location     Type
                  3   32[BANK0 ] float 
 Registers used:
		wreg, status,2, status,0, pclath, cstack
 Tracked objects:
		On entry : 
		On exit  : 
		Unchanged: 
 Data sizes:     COMMON   BANK0   BANK1   BANK2   BANK3   BANK4   BANK5   BANK6   BANK7   BANK8   BANK9  BANK10  BANK11  BANK12
      Params:         0       6       0       0       0       0       0       0       0       0       0       0       0       0
      Locals:         0       6       0       0       0       0       0       0       0       0       0       0       0       0
      Temps:          0       4       0       0       0       0       0       0       0       0       0       0       0       0
      Totals:         0      16       0       0       0       0       0       0       0       0       0       0       0       0
Total ram usage:       16 bytes
 Hardware stack levels used:    1
 Hardware stack levels required when called:    1
 This function calls:
		___ftpack
 This function is called by:
		_main
		_fround
		_scale
		_printf
 This function uses a non-reentrant model


 *************** function ___awmod *****************
 Defined at:
		line 6 in file "/opt/microchip/xc8/v1.45/sources/common/awmod.c"
 Parameters:    Size  Location     Type
  divisor         2    0[COMMON] int 
  dividend        2    2[COMMON] int 
 Auto vars:     Size  Location     Type
  sign            1    6[COMMON] unsigned char 
  counter         1    5[COMMON] unsigned char 
 Return value:  Size  Location     Type
                  2    0[COMMON] int 
 Registers used:
		wreg, status,2, status,0
 Tracked objects:
		On entry : 
		On exit  : 
		Unchanged: 
 Data sizes:     COMMON   BANK0   BANK1   BANK2   BANK3   BANK4   BANK5   BANK6   BANK7   BANK8   BANK9  BANK10  BANK11  BANK12
      Params:         4       0       0       0       0       0       0       0       0       0       0       0       0       0
      Locals:         2       0       0       0       0       0       0       0       0       0       0       0       0       0
      Temps:          1       0       0       0       0       0       0       0       0       0       0       0       0       0
      Totals:         7       0       0       0       0       0       0       0       0       0       0       0       0       0
Total ram usage:        7 bytes
 Hardware stack levels used:    1
 This function calls:
		Nothing
 This function is called by:
		_fround
		_scale
 This function uses a non-reentrant model


 *************** function ___awdiv *****************
 Defined at:
		line 6 in file "/opt/microchip/xc8/v1.45/sources/common/awdiv.c"
 Parameters:    Size  Location     Type
  divisor         2    7[COMMON] int 
  dividend        2    9[COMMON] int 
 Auto vars:     Size  Location     Type
  quotient        2    2[BANK0 ] int 
  sign            1    1[BANK0 ] unsigned char 
  counter         1    0[BANK0 ] unsigned char 
 Return value:  Size  Location     Type
                  2    7[COMMON] int 
 Registers used:
		wreg, status,2, status,0
 Tracked objects:
		On entry : 
		On exit  : 
		Unchanged: 
 Data sizes:     COMMON   BANK0   BANK1   BANK2   BANK3   BANK4   BANK5   BANK6   BANK7   BANK8   BANK9  BANK10  BANK11  BANK12
      Params:         4       0       0       0       0       0       0       0       0       0       0       0       0       0
      Locals:         0       4       0       0       0       0       0       0       0       0       0       0       0       0
      Temps:          1       0       0       0       0       0       0       0       0       0       0       0       0       0
      Totals:         5       4       0       0       0       0       0       0       0       0       0       0       0       0
Total ram usage:        9 bytes
 Hardware stack levels used:    1
 This function calls:
		Nothing
 This function is called by:
		_fround
		_scale
		_printf
 This function uses a non-reentrant model


 *************** function __tdiv_to_l_ *****************
 Defined at:
		line 60 in file "/opt/microchip/xc8/v1.45/sources/common/ftdivl.c"
 Parameters:    Size  Location     Type
  f1              3    0[COMMON] float 
  f2              3    3[COMMON] float 
 Auto vars:     Size  Location     Type
  quot            4    0[BANK0 ] unsigned long 
  exp1            1    5[BANK0 ] unsigned char 
  cntr            1    4[BANK0 ] unsigned char 
 Return value:  Size  Location     Type
                  4    0[COMMON] unsigned long 
 Registers used:
		wreg, status,2, status,0
 Tracked objects:
		On entry : 
		On exit  : 
		Unchanged: 
 Data sizes:     COMMON   BANK0   BANK1   BANK2   BANK3   BANK4   BANK5   BANK6   BANK7   BANK8   BANK9  BANK10  BANK11  BANK12
      Params:         6       0       0       0       0       0       0       0       0       0       0       0       0       0
      Locals:         0       6       0       0       0       0       0       0       0       0       0       0       0       0
      Temps:          4       0       0       0       0       0       0       0       0       0       0       0       0       0
      Totals:        10       6       0       0       0       0       0       0       0       0       0       0       0       0
Total ram usage:       16 bytes
 Hardware stack levels used:    1
 This function calls:
		Nothing
 This function is called by:
		_printf
 This function uses a non-reentrant model


 *************** function __div_to_l_ *****************
 Defined at:
		line 60 in file "/opt/microchip/xc8/v1.45/sources/common/fldivl.c"
 Parameters:    Size  Location     Type
  f1              3    0[COMMON] unsigned long 
  f2              3    3[COMMON] unsigned long 
 Auto vars:     Size  Location     Type
  quot            4    0[BANK0 ] unsigned long 
  exp1            1    5[BANK0 ] unsigned char 
  cntr            1    4[BANK0 ] unsigned char 
 Return value:  Size  Location     Type
                  4    0[COMMON] unsigned long 
 Registers used:
		wreg, fsr1l, fsr1h, status,2, status,0
 Tracked objects:
		On entry : 
		On exit  : 
		Unchanged: 
 Data sizes:     COMMON   BANK0   BANK1   BANK2   BANK3   BANK4   BANK5   BANK6   BANK7   BANK8   BANK9  BANK10  BANK11  BANK12
      Params:         6       0       0       0       0       0       0       0       0       0       0       0       0       0
      Locals:         0       6       0       0       0       0       0       0       0       0       0       0       0       0
      Temps:          8       0       0       0       0       0       0       0       0       0       0       0       0       0
      Totals:        14       6       0       0       0       0       0       0       0       0       0       0       0       0
Total ram usage:       20 bytes
 Hardware stack levels used:    1
 This function calls:
		Nothing
 This function is called by:
		_printf
 This function uses a non-reentrant model


 *************** function ___lltoft *****************
 Defined at:
		line 35 in file "/opt/microchip/xc8/v1.45/sources/common/lltoft.c"
 Parameters:    Size  Location     Type
  c               4    8[COMMON] unsigned long 
 Auto vars:     Size  Location     Type
  exp             1   13[COMMON] unsigned char 
 Return value:  Size  Location     Type
                  3    8[COMMON] float 
 Registers used:
		wreg, status,2, status,0, pclath, cstack
 Tracked objects:
		On entry : 
		On exit  : 
		Unchanged: 
 Data sizes:     COMMON   BANK0   BANK1   BANK2   BANK3   BANK4   BANK5   BANK6   BANK7   BANK8   BANK9  BANK10  BANK11  BANK12
      Params:         4       0       0       0       0       0       0       0       0       0       0       0       0       0
      Locals:         1       0       0       0       0       0       0       0       0       0       0       0       0       0
      Temps:          1       0       0       0       0       0       0       0       0       0       0       0       0       0
      Totals:         6       0       0       0       0       0       0       0       0       0       0       0       0       0
Total ram usage:        6 bytes
 Hardware stack levels used:    1
 Hardware stack levels required when called:    1
 This function calls:
		___ftpack
 This function is called by:
		_printf
 This function uses a non-reentrant model


 *************** function ___llmod *****************
 Defined at:
		line 6 in file "/opt/microchip/xc8/v1.45/sources/common/llmod.c"
 Parameters:    Size  Location     Type
  divisor         4    0[BANK0 ] unsigned long 
  dividend        4    4[BANK0 ] unsigned long 
 Auto vars:     Size  Location     Type
  counter         1    9[BANK0 ] unsigned char 
 Return value:  Size  Location     Type
                  4    0[BANK0 ] unsigned long 
 Registers used:
		wreg, status,2, status,0
 Tracked objects:
		On entry : 
		On exit  : 
		Unchanged: 
 Data sizes:     COMMON   BANK0   BANK1   BANK2   BANK3   BANK4   BANK5   BANK6   BANK7   BANK8   BANK9  BANK10  BANK11  BANK12
      Params:         0       8       0       0       0       0       0       0       0       0       0       0       0       0
      Locals:         0       1       0       0       0       0       0       0       0       0       0       0       0       0
      Temps:          0       1       0       0       0       0       0       0       0       0       0       0       0       0
      Totals:         0      10       0       0       0       0       0       0       0       0       0       0       0       0
Total ram usage:       10 bytes
 Hardware stack levels used:    1
 This function calls:
		Nothing
 This function is called by:
		_printf
 This function uses a non-reentrant model


 *************** function ___lldiv *****************
 Defined at:
		line 6 in file "/opt/microchip/xc8/v1.45/sources/common/lldiv.c"
 Parameters:    Size  Location     Type
  divisor         4    0[COMMON] unsigned long 
  dividend        4    4[COMMON] unsigned long 
 Auto vars:     Size  Location     Type
  quotient        4    9[COMMON] unsigned long 
  counter         1   13[COMMON] unsigned char 
 Return value:  Size  Location     Type
                  4    0[COMMON] unsigned long 
 Registers used:
		wreg, status,2, status,0
 Tracked objects:
		On entry : 
		On exit  : 
		Unchanged: 
 Data sizes:     COMMON   BANK0   BANK1   BANK2   BANK3   BANK4   BANK5   BANK6   BANK7   BANK8   BANK9  BANK10  BANK11  BANK12
      Params:         8       0       0       0       0       0       0       0       0       0       0       0       0       0
      Locals:         5       0       0       0       0       0       0       0       0       0       0       0       0       0
      Temps:          1       0       0       0       0       0       0       0       0       0       0       0       0       0
      Totals:        14       0       0       0       0       0       0       0       0       0       0       0       0       0
Total ram usage:       14 bytes
 Hardware stack levels used:    1
 This function calls:
		Nothing
 This function is called by:
		_printf
 This function uses a non-reentrant model


 *************** function ___fttol *****************
 Defined at:
		line 44 in file "/opt/microchip/xc8/v1.45/sources/common/fttol.c"
 Parameters:    Size  Location     Type
  f1              3   57[BANK0 ] float 
 Auto vars:     Size  Location     Type
  lval            4   66[BANK0 ] unsigned long 
  exp1            1   70[BANK0 ] unsigned char 
  sign1           1   65[BANK0 ] unsigned char 
 Return value:  Size  Location     Type
                  4   57[BANK0 ] long 
 Registers used:
		wreg, status,2, status,0
 Tracked objects:
		On entry : 
		On exit  : 
		Unchanged: 
 Data sizes:     COMMON   BANK0   BANK1   BANK2   BANK3   BANK4   BANK5   BANK6   BANK7   BANK8   BANK9  BANK10  BANK11  BANK12
      Params:         0       4       0       0       0       0       0       0       0       0       0       0       0       0
      Locals:         0       6       0       0       0       0       0       0       0       0       0       0       0       0
      Temps:          0       4       0       0       0       0       0       0       0       0       0       0       0       0
      Totals:         0      14       0       0       0       0       0       0       0       0       0       0       0       0
Total ram usage:       14 bytes
 Hardware stack levels used:    1
 This function calls:
		Nothing
 This function is called by:
		_printf
 This function uses a non-reentrant model


 *************** function ___ftsub *****************
 Defined at:
		line 18 in file "/opt/microchip/xc8/v1.45/sources/common/ftsub.c"
 Parameters:    Size  Location     Type
  f2              3   32[BANK0 ] float 
  f1              3   35[BANK0 ] float 
 Auto vars:     Size  Location     Type
		None
 Return value:  Size  Location     Type
                  3   32[BANK0 ] float 
 Registers used:
		wreg, status,2, status,0, pclath, cstack
 Tracked objects:
		On entry : 
		On exit  : 
		Unchanged: 
 Data sizes:     COMMON   BANK0   BANK1   BANK2   BANK3   BANK4   BANK5   BANK6   BANK7   BANK8   BANK9  BANK10  BANK11  BANK12
      Params:         0       6       0       0       0       0       0       0       0       0       0       0       0       0
      Locals:         0       0       0       0       0       0       0       0       0       0       0       0       0       0
      Temps:          0       0       0       0       0       0       0       0       0       0       0       0       0       0
      Totals:         0       6       0       0       0       0       0       0       0       0       0       0       0       0
Total ram usage:        6 bytes
 Hardware stack levels used:    1
 Hardware stack levels required when called:    2
 This function calls:
		___ftadd
 This function is called by:
		_printf
 This function uses a non-reentrant model


 *************** function ___ftadd *****************
 Defined at:
		line 86 in file "/opt/microchip/xc8/v1.45/sources/common/ftadd.c"
 Parameters:    Size  Location     Type
  f1              3   19[BANK0 ] float 
  f2              3   22[BANK0 ] float 
 Auto vars:     Size  Location     Type
  exp1            1   31[BANK0 ] unsigned char 
  exp2            1   30[BANK0 ] unsigned char 
  sign            1   29[BANK0 ] unsigned char 
 Return value:  Size  Location     Type
                  3   19[BANK0 ] float 
 Registers used:
		wreg, status,2, status,0, pclath, cstack
 Tracked objects:
		On entry : 
		On exit  : 
		Unchanged: 
 Data sizes:     COMMON   BANK0   BANK1   BANK2   BANK3   BANK4   BANK5   BANK6   BANK7   BANK8   BANK9  BANK10  BANK11  BANK12
      Params:         0       6       0       0       0       0       0       0       0       0       0       0       0       0
      Locals:         0       3       0       0       0       0       0       0       0       0       0       0       0       0
      Temps:          0       4       0       0       0       0       0       0       0       0       0       0       0       0
      Totals:         0      13       0       0       0       0       0       0       0       0       0       0       0       0
Total ram usage:       13 bytes
 Hardware stack levels used:    1
 Hardware stack levels required when called:    1
 This function calls:
		___ftpack
 This function is called by:
		_main
		_printf
		___ftsub
 This function uses a non-reentrant model


 *************** function ___ftneg *****************
 Defined at:
		line 15 in file "/opt/microchip/xc8/v1.45/sources/common/ftneg.c"
 Parameters:    Size  Location     Type
  f1              3   16[BANK0 ] float 
 Auto vars:     Size  Location     Type
		None
 Return value:  Size  Location     Type
                  3   16[BANK0 ] float 
 Registers used:
		wreg
 Tracked objects:
		On entry : 
		On exit  : 
		Unchanged: 
 Data sizes:     COMMON   BANK0   BANK1   BANK2   BANK3   BANK4   BANK5   BANK6   BANK7   BANK8   BANK9  BANK10  BANK11  BANK12
      Params:         0       3       0       0       0       0       0       0       0       0       0       0       0       0
      Locals:         0       0       0       0       0       0       0       0       0       0       0       0       0       0
      Temps:          0       0       0       0       0       0       0       0       0       0       0       0       0       0
      Totals:         0       3       0       0       0       0       0       0       0       0       0       0       0       0
Total ram usage:        3 bytes
 Hardware stack levels used:    1
 This function calls:
		Nothing
 This function is called by:
		_main
		_printf
 This function uses a non-reentrant model


 *************** function ___ftge *****************
 Defined at:
		line 4 in file "/opt/microchip/xc8/v1.45/sources/common/ftge.c"
 Parameters:    Size  Location     Type
  ff1             3    0[COMMON] float 
  ff2             3    3[COMMON] float 
 Auto vars:     Size  Location     Type
		None
 Return value:  Size  Location     Type
		None               void
 Registers used:
		wreg, status,2, status,0
 Tracked objects:
		On entry : 
		On exit  : 
		Unchanged: 
 Data sizes:     COMMON   BANK0   BANK1   BANK2   BANK3   BANK4   BANK5   BANK6   BANK7   BANK8   BANK9  BANK10  BANK11  BANK12
      Params:         6       0       0       0       0       0       0       0       0       0       0       0       0       0
      Locals:         0       0       0       0       0       0       0       0       0       0       0       0       0       0
      Temps:          3       0       0       0       0       0       0       0       0       0       0       0       0       0
      Totals:         9       0       0       0       0       0       0       0       0       0       0       0       0       0
Total ram usage:        9 bytes
 Hardware stack levels used:    1
 This function calls:
		Nothing
 This function is called by:
		_printf
 This function uses a non-reentrant model


 *************** function _pinConfig *****************
 Defined at:
		line 171 in file "main.c"
 Parameters:    Size  Location     Type
		None
 Auto vars:     Size  Location     Type
		None
 Return value:  Size  Location     Type
                  1    wreg      void 
 Registers used:
		wreg, status,2
 Tracked objects:
		On entry : 
		On exit  : 
		Unchanged: 
 Data sizes:     COMMON   BANK0   BANK1   BANK2   BANK3   BANK4   BANK5   BANK6   BANK7   BANK8   BANK9  BANK10  BANK11  BANK12
      Params:         0       0       0       0       0       0       0       0       0       0       0       0       0       0
      Locals:         0       0       0       0       0       0       0       0       0       0       0       0       0       0
      Temps:          0       0       0       0       0       0       0       0       0       0       0       0       0       0
      Totals:         0       0       0       0       0       0       0       0       0       0       0       0       0       0
Total ram usage:        0 bytes
 Hardware stack levels used:    1
 This function calls:
		Nothing
 This function is called by:
		_main
 This function uses a non-reentrant model


 *************** function ___lwtoft *****************
 Defined at:
		line 28 in file "/opt/microchip/xc8/v1.45/sources/common/lwtoft.c"
 Parameters:    Size  Location     Type
  c               2    8[COMMON] unsigned int 
 Auto vars:     Size  Location     Type
		None
 Return value:  Size  Location     Type
                  3    8[COMMON] float 
 Registers used:
		wreg, status,2, status,0, pclath, cstack
 Tracked objects:
		On entry : 
		On exit  : 
		Unchanged: 
 Data sizes:     COMMON   BANK0   BANK1   BANK2   BANK3   BANK4   BANK5   BANK6   BANK7   BANK8   BANK9  BANK10  BANK11  BANK12
      Params:         3       0       0       0       0       0       0       0       0       0       0       0       0       0
      Locals:         0       0       0       0       0       0       0       0       0       0       0       0       0       0
      Temps:          1       0       0       0       0       0       0       0       0       0       0       0       0       0
      Totals:         4       0       0       0       0       0       0       0       0       0       0       0       0       0
Total ram usage:        4 bytes
 Hardware stack levels used:    1
 Hardware stack levels required when called:    1
 This function calls:
		___ftpack
 This function is called by:
		_main
 This function uses a non-reentrant model


 *************** function ___ftdiv *****************
 Defined at:
		line 56 in file "/opt/microchip/xc8/v1.45/sources/common/ftdiv.c"
 Parameters:    Size  Location     Type
  f2              3    0[BANK0 ] float 
  f1              3    3[BANK0 ] float 
 Auto vars:     Size  Location     Type
  f3              3   11[BANK0 ] float 
  sign            1   15[BANK0 ] unsigned char 
  exp             1   14[BANK0 ] unsigned char 
  cntr            1   10[BANK0 ] unsigned char 
 Return value:  Size  Location     Type
                  3    0[BANK0 ] float 
 Registers used:
		wreg, status,2, status,0, pclath, cstack
 Tracked objects:
		On entry : 
		On exit  : 
		Unchanged: 
 Data sizes:     COMMON   BANK0   BANK1   BANK2   BANK3   BANK4   BANK5   BANK6   BANK7   BANK8   BANK9  BANK10  BANK11  BANK12
      Params:         0       6       0       0       0       0       0       0       0       0       0       0       0       0
      Locals:         0       6       0       0       0       0       0       0       0       0       0       0       0       0
      Temps:          0       4       0       0       0       0       0       0       0       0       0       0       0       0
      Totals:         0      16       0       0       0       0       0       0       0       0       0       0       0       0
Total ram usage:       16 bytes
 Hardware stack levels used:    1
 Hardware stack levels required when called:    1
 This function calls:
		___ftpack
 This function is called by:
		_main
 This function uses a non-reentrant model


 *************** function ___ftpack *****************
 Defined at:
		line 62 in file "/opt/microchip/xc8/v1.45/sources/common/float.c"
 Parameters:    Size  Location     Type
  arg             3    0[COMMON] unsigned um
  exp             1    3[COMMON] unsigned char 
  sign            1    4[COMMON] unsigned char 
 Auto vars:     Size  Location     Type
		None
 Return value:  Size  Location     Type
                  3    0[COMMON] float 
 Registers used:
		wreg, status,2, status,0
 Tracked objects:
		On entry : 
		On exit  : 
		Unchanged: 
 Data sizes:     COMMON   BANK0   BANK1   BANK2   BANK3   BANK4   BANK5   BANK6   BANK7   BANK8   BANK9  BANK10  BANK11  BANK12
      Params:         5       0       0       0       0       0       0       0       0       0       0       0       0       0
      Locals:         0       0       0       0       0       0       0       0       0       0       0       0       0       0
      Temps:          3       0       0       0       0       0       0       0       0       0       0       0       0       0
      Totals:         8       0       0       0       0       0       0       0       0       0       0       0       0       0
Total ram usage:        8 bytes
 Hardware stack levels used:    1
 This function calls:
		Nothing
 This function is called by:
		___ftadd
		___ftdiv
		___ftmul
		___lltoft
		___lwtoft
 This function uses a non-reentrant model



MODULE INFORMATION

Module		Function		Class		Link	Load	Size
/opt/microchip/xc8/v1.45/sources/common/ftneg.c
		___ftneg       		CODE           	1434	0000	10

/opt/microchip/xc8/v1.45/sources/common/ftneg.c estimated size: 10

/opt/microchip/xc8/v1.45/sources/common/ftsub.c
		___ftsub       		CODE           	1497	0000	31

/opt/microchip/xc8/v1.45/sources/common/ftsub.c estimated size: 31

/opt/microchip/xc8/v1.45/sources/common/fldivl.c
		__div_to_l_    		CODE           	0960	0000	286

/opt/microchip/xc8/v1.45/sources/common/fldivl.c estimated size: 286

/opt/microchip/xc8/v1.45/sources/common/ftge.c
		___ftge        		CODE           	14B5	0000	60

/opt/microchip/xc8/v1.45/sources/common/ftge.c estimated size: 60

/opt/microchip/xc8/v1.45/sources/common/float.c
		___ftpack      		CODE           	0806	0000	101

/opt/microchip/xc8/v1.45/sources/common/float.c estimated size: 101

/opt/microchip/xc8/v1.45/sources/common/ftmul.c
		___ftmul       		CODE           	174C	0000	181

/opt/microchip/xc8/v1.45/sources/common/ftmul.c estimated size: 181

/opt/microchip/xc8/v1.45/sources/common/awmod.c
		___awmod       		CODE           	1533	0000	70

/opt/microchip/xc8/v1.45/sources/common/awmod.c estimated size: 70

/opt/microchip/xc8/v1.45/sources/common/ftdiv.c
		___ftdiv       		CODE           	16A3	0000	170

/opt/microchip/xc8/v1.45/sources/common/ftdiv.c estimated size: 170

/opt/microchip/xc8/v1.45/sources/common/llmod.c
		___llmod       		CODE           	14F0	0000	68

/opt/microchip/xc8/v1.45/sources/common/llmod.c estimated size: 68

/opt/microchip/xc8/v1.45/sources/common/lwtoft.c
		___lwtoft      		CODE           	144B	0000	20

/opt/microchip/xc8/v1.45/sources/common/lwtoft.c estimated size: 20

/opt/microchip/xc8/v1.45/sources/common/isdigit.c
		_isdigit       		CODE           	143D	0000	15

/opt/microchip/xc8/v1.45/sources/common/isdigit.c estimated size: 15

/opt/microchip/xc8/v1.45/sources/common/lltoft.c
		___lltoft      		CODE           	0016	0000	41

/opt/microchip/xc8/v1.45/sources/common/lltoft.c estimated size: 41

shared
		__powers_      		STRCODE        	18EF	0000	40
		_dpowers       		STRCODE        	18C7	0000	41
		__npowers_     		STRCODE        	1800	0000	40
		__initialization		CODE           	07F6	0000	8

shared estimated size: 129

/opt/microchip/xc8/v1.45/sources/common/fttol.c
		___fttol       		CODE           	161C	0000	136

/opt/microchip/xc8/v1.45/sources/common/fttol.c estimated size: 136

/opt/microchip/xc8/v1.45/sources/common/awdiv.c
		___awdiv       		CODE           	15CA	0000	83

/opt/microchip/xc8/v1.45/sources/common/awdiv.c estimated size: 83

/opt/microchip/xc8/v1.45/sources/common/doprnt.c
		_scale         		CODE           	0DBC	0000	581
		_printf        		CODE           	00F4	0000	1795
		_fround        		CODE           	0A7D	0000	358

/opt/microchip/xc8/v1.45/sources/common/doprnt.c estimated size: 2734

/opt/microchip/xc8/v1.45/sources/common/ftadd.c
		___ftadd       		CODE           	086A	0000	247

/opt/microchip/xc8/v1.45/sources/common/ftadd.c estimated size: 247

/opt/microchip/xc8/v1.45/sources/common/ftdivl.c
		__tdiv_to_l_   		CODE           	003E	0000	183

/opt/microchip/xc8/v1.45/sources/common/ftdivl.c estimated size: 183

/opt/microchip/xc8/v1.45/sources/common/lldiv.c
		___lldiv       		CODE           	1578	0000	83

/opt/microchip/xc8/v1.45/sources/common/lldiv.c estimated size: 83

main.c
		_pinConfig     		CODE           	147A	0000	30
		_putch         		CODE           	142C	0000	9
		_main          		CODE           	0BE2	0000	475
		_setup_comms   		CODE           	0005	0000	18

main.c estimated size: 532

/opt/microchip/xc8/v1.45/sources/common/Umul16.c
		___wmul        		CODE           	145E	0000	29

/opt/microchip/xc8/v1.45/sources/common/Umul16.c estimated size: 29

