MPLINK 5.09, LINKER
Linker Map File - Created Wed Jan 25 01:24:38 2023

                                 Section Info
                  Section       Type    Address   Location Size(Bytes)
                ---------  ---------  ---------  ---------  ---------
                   .org_0       code   0x000000    program   0x000002
                   .cinit    romdata   0x000001    program   0x000004
                   .org_1       code   0x000004    program   0x000034
.config_8007_BUILD/DEFAULT/PRODUCTION/BLINKRO       code   0x008007    program   0x000002
.config_8008_BUILD/DEFAULT/PRODUCTION/BLINKRO       code   0x008008    program   0x000002



                              Program Memory Usage 
                               Start         End      
                           ---------   ---------      
                            0x000000    0x000002      
                            0x000004    0x00001d      
                            0x008007    0x008008      
            31 out of 8455 program addresses used, program memory utilization is 0%



                              Symbols - Sorted by Name
                     Name    Address   Location    Storage File                     
                ---------  ---------  ---------  --------- ---------                
                    Delay   0x000013    program     static /home/abhi/MPLABXProjects/Lab1-LED-Blink-ASM.X/BlinkRoutine.asm
                     Goon   0x000019    program     static /home/abhi/MPLABXProjects/Lab1-LED-Blink-ASM.X/BlinkRoutine.asm
                   Inside   0x00001b    program     static /home/abhi/MPLABXProjects/Lab1-LED-Blink-ASM.X/BlinkRoutine.asm
                     Loop   0x00000c    program     static /home/abhi/MPLABXProjects/Lab1-LED-Blink-ASM.X/BlinkRoutine.asm
                  Outside   0x000016    program     static /home/abhi/MPLABXProjects/Lab1-LED-Blink-ASM.X/BlinkRoutine.asm
                    Start   0x000005    program     static /home/abhi/MPLABXProjects/Lab1-LED-Blink-ASM.X/BlinkRoutine.asm



                              Symbols - Sorted by Address
                     Name    Address   Location    Storage File                     
                ---------  ---------  ---------  --------- ---------                
                    Start   0x000005    program     static /home/abhi/MPLABXProjects/Lab1-LED-Blink-ASM.X/BlinkRoutine.asm
                     Loop   0x00000c    program     static /home/abhi/MPLABXProjects/Lab1-LED-Blink-ASM.X/BlinkRoutine.asm
                    Delay   0x000013    program     static /home/abhi/MPLABXProjects/Lab1-LED-Blink-ASM.X/BlinkRoutine.asm
                  Outside   0x000016    program     static /home/abhi/MPLABXProjects/Lab1-LED-Blink-ASM.X/BlinkRoutine.asm
                     Goon   0x000019    program     static /home/abhi/MPLABXProjects/Lab1-LED-Blink-ASM.X/BlinkRoutine.asm
                   Inside   0x00001b    program     static /home/abhi/MPLABXProjects/Lab1-LED-Blink-ASM.X/BlinkRoutine.asm


